******************************************************************************
                  TI ARM Linker PC v20.2.7                     
******************************************************************************
>> Linked Fri Oct 13 15:43:58 2023

OUTPUT FILE NAME:   <Assignment 2.out>
ENTRY POINT SYMBOL: "_c_int00_noargs"  address: 00000f15


MEMORY CONFIGURATION

         name            origin    length      used     unused   attr    fill
----------------------  --------  ---------  --------  --------  ----  --------
  FLASH                 00000000   00100000  0000123c  000fedc4  R  X
  SRAM                  20000000   00040000  0000020c  0003fdf4  RW X


SEGMENT ALLOCATION MAP

run origin  load origin   length   init length attrs members
----------  ----------- ---------- ----------- ----- -------
00000000    00000000    0000123c   0000123c    r-x
  00000000    00000000    00000208   00000208    r-- .intvecs
  00000208    00000208    00000dd8   00000dd8    r-x .text
  00000fe0    00000fe0    00000240   00000240    r-- .const
  00001220    00001220    0000001c   0000001c    r-- .cinit
20000000    20000000    0000020c   00000000    rw-
  20000000    20000000    00000200   00000000    rw- .stack
  20000200    20000200    0000000c   00000000    rw- .data


SECTION ALLOCATION MAP

 output                                  attributes/
section   page    origin      length       input sections
--------  ----  ----------  ----------   ----------------
.intvecs   0    00000000    00000208     
                  00000000    00000208     startup_msp432e401y_ccs.obj (.intvecs:retain)

.text      0    00000208    00000dd8     
                  00000208    0000030c     uartstdio.obj (.text:UARTvprintf)
                  00000514    000002e0     msp432e4_driverlib.a : sysctl.o (.text:SysCtlClockFreqSet)
                  000007f4    0000029c     main.obj (.text:main)
                  00000a90    000000ee     msp432e4_driverlib.a : adc.o (.text:ADCSequenceStepConfigure)
                  00000b7e    0000009c     rtsv7M4_T_le_v4SPD16_eabi.lib : memcpy_t2.asm.obj (.text)
                  00000c1a    00000002     startup_msp432e401y_ccs.obj (.text:Default_Handler)
                  00000c1c    00000090     msp432e4_driverlib.a : sysctl.o (.text:_SysCtlFrequencyGet)
                  00000cac    00000074     uartstdio.obj (.text:UARTStdioConfig)
                  00000d20    00000068     main.obj (.text:ConfigureUART)
                  00000d88    00000068     rtsv7M4_T_le_v4SPD16_eabi.lib : copy_decompress_lzss.c.obj (.text:decompress:lzss:__TI_decompress_lzss)
                  00000df0    0000005c     uartstdio.obj (.text:UARTwrite)
                  00000e4c    00000044     msp432e4_driverlib.a : sysctl.o (.text:_SysCtlMemTimingGet)
                  00000e90    00000044     rtsv7M4_T_le_v4SPD16_eabi.lib : autoinit.c.obj (.text:__TI_auto_init_nobinit_nopinit:__TI_auto_init_nobinit_nopinit)
                  00000ed4    00000040                                   : u_divt2.asm.obj (.text)
                  00000f14    00000034                                   : boot_cortex_m.c.obj (.text:_c_int00_noargs:_c_int00_noargs)
                  00000f48    00000030     main.obj (.text:PWM0_0_IRQHandler)
                  00000f78    00000024     uartstdio.obj (.text:UARTprintf)
                  00000f9c    00000020     system_msp432e401y.obj (.text:SystemInit)
                  00000fbc    0000000e     rtsv7M4_T_le_v4SPD16_eabi.lib : copy_decompress_none.c.obj (.text:decompress:none:__TI_decompress_none)
                  00000fca    0000000c     startup_msp432e401y_ccs.obj (.text:Reset_Handler)
                  00000fd6    00000004     rtsv7M4_T_le_v4SPD16_eabi.lib : pre_init.c.obj (.text:_system_pre_init)
                  00000fda    00000004                                   : exit.c.obj (.text:abort:abort)
                  00000fde    00000002                                   : div0.asm.obj (.text)

.const     0    00000fe0    00000240     
                  00000fe0    000001b0     msp432e4_driverlib.a : sysctl.o (.const:g_pppui32XTALtoVCO)
                  00001190    00000030                          : sysctl.o (.const:g_sXTALtoMEMTIM)
                  000011c0    00000028                          : sysctl.o (.const:g_pui32Xtals)
                  000011e8    00000012     uartstdio.obj (.const:.string)
                  000011fa    00000002     --HOLE-- [fill = 0]
                  000011fc    0000000c     uartstdio.obj (.const:g_ui32UARTBase)
                  00001208    0000000c     uartstdio.obj (.const:g_ui32UARTPeriph)
                  00001214    00000008     msp432e4_driverlib.a : sysctl.o (.const:g_pui32VCOFrequencies)
                  0000121c    00000004     uartstdio.obj (.const)

.cinit     0    00001220    0000001c     
                  00001220    0000000a     (.cinit..data.load) [load image, compression = lzss]
                  0000122a    00000002     --HOLE-- [fill = 0]
                  0000122c    00000008     (__TI_handler_table)
                  00001234    00000008     (__TI_cinit_table)

.init_array 
*          0    00000000    00000000     UNINITIALIZED

.data      0    20000200    0000000c     UNINITIALIZED
                  20000200    00000005     uartstdio.obj (.data)
                  20000205    00000003     --HOLE--
                  20000208    00000004     system_msp432e401y.obj (.data)

.stack     0    20000000    00000200     UNINITIALIZED
                  20000000    00000004     rtsv7M4_T_le_v4SPD16_eabi.lib : boot_cortex_m.c.obj (.stack)
                  20000004    000001fc     --HOLE--

__llvm_prf_cnts 
*          0    20000000    00000000     UNINITIALIZED

MODULE SUMMARY

       Module                        code   ro data   rw data
       ------                        ----   -------   -------
    .\
       uartstdio.obj                 1024   46        5      
       main.obj                      820    0         0      
       system_msp432e401y.obj        32     0         4      
    +--+-----------------------------+------+---------+---------+
       Total:                        1876   46        9      
                                                             
    .\ccs\
       startup_msp432e401y_ccs.obj   14     520       0      
    +--+-----------------------------+------+---------+---------+
       Total:                        14     520       0      
                                                             
    C:/ti/simplelink_msp432e4_sdk_4_20_00_12/source/ti/devices/msp432e4/driverlib/lib/ccs/m4f/msp432e4_driverlib.a
       sysctl.o                      948    528       0      
       adc.o                         238    0         0      
    +--+-----------------------------+------+---------+---------+
       Total:                        1186   528       0      
                                                             
    C:\ti\ccs1240\ccs\tools\compiler\ti-cgt-arm_20.2.7.LTS\lib\rtsv7M4_T_le_v4SPD16_eabi.lib
       memcpy_t2.asm.obj             156    0         0      
       copy_decompress_lzss.c.obj    104    0         0      
       autoinit.c.obj                68     0         0      
       u_divt2.asm.obj               64     0         0      
       boot_cortex_m.c.obj           52     0         0      
       copy_decompress_none.c.obj    14     0         0      
       exit.c.obj                    4      0         0      
       pre_init.c.obj                4      0         0      
       div0.asm.obj                  2      0         0      
    +--+-----------------------------+------+---------+---------+
       Total:                        468    0         0      
                                                             
       Stack:                        0      0         512    
       Linker Generated:             0      26        0      
    +--+-----------------------------+------+---------+---------+
       Grand Total:                  3544   1120      521    


LINKER GENERATED COPY TABLES

__TI_cinit_table @ 00001234 records: 1, size/record: 8, table size: 8
	.data: load addr=00001220, load size=0000000a bytes, run addr=20000200, run size=0000000c bytes, compression=lzss


LINKER GENERATED HANDLER TABLE

__TI_handler_table @ 0000122c records: 2, size/record: 4, table size: 8
	index: 0, handler: __TI_decompress_lzss
	index: 1, handler: __TI_decompress_none


GLOBAL SYMBOLS: SORTED ALPHABETICALLY BY Name 

address   name                          
-------   ----                          
00000c1b  ADC0SS0_IRQHandler            
00000c1b  ADC0SS1_IRQHandler            
00000c1b  ADC0SS2_IRQHandler            
00000c1b  ADC0SS3_IRQHandler            
00000c1b  ADC1SS0_IRQHandler            
00000c1b  ADC1SS1_IRQHandler            
00000c1b  ADC1SS2_IRQHandler            
00000c1b  ADC1SS3_IRQHandler            
00000a91  ADCSequenceStepConfigure      
00000c1b  AES0_IRQHandler               
00000c1b  BusFault_Handler              
00000fdb  C$$EXIT                       
00000c1b  CAN0_IRQHandler               
00000c1b  CAN1_IRQHandler               
00000c1b  COMP0_IRQHandler              
00000c1b  COMP1_IRQHandler              
00000c1b  COMP2_IRQHandler              
00000d21  ConfigureUART                 
00000c1b  DES0_IRQHandler               
00000c1b  DebugMon_Handler              
00000c1b  Default_Handler               
00000c1b  EMAC0_IRQHandler              
00000c1b  EPI0_IRQHandler               
00000c1b  FLASH_IRQHandler              
00000c1b  GPIOA_IRQHandler              
00000c1b  GPIOB_IRQHandler              
00000c1b  GPIOC_IRQHandler              
00000c1b  GPIOD_IRQHandler              
00000c1b  GPIOE_IRQHandler              
00000c1b  GPIOF_IRQHandler              
00000c1b  GPIOG_IRQHandler              
00000c1b  GPIOH_IRQHandler              
00000c1b  GPIOJ_IRQHandler              
00000c1b  GPIOK_IRQHandler              
00000c1b  GPIOL_IRQHandler              
00000c1b  GPIOM_IRQHandler              
00000c1b  GPION_IRQHandler              
00000c1b  GPIOP0_IRQHandler             
00000c1b  GPIOP1_IRQHandler             
00000c1b  GPIOP2_IRQHandler             
00000c1b  GPIOP3_IRQHandler             
00000c1b  GPIOP4_IRQHandler             
00000c1b  GPIOP5_IRQHandler             
00000c1b  GPIOP6_IRQHandler             
00000c1b  GPIOP7_IRQHandler             
00000c1b  GPIOQ0_IRQHandler             
00000c1b  GPIOQ1_IRQHandler             
00000c1b  GPIOQ2_IRQHandler             
00000c1b  GPIOQ3_IRQHandler             
00000c1b  GPIOQ4_IRQHandler             
00000c1b  GPIOQ5_IRQHandler             
00000c1b  GPIOQ6_IRQHandler             
00000c1b  GPIOQ7_IRQHandler             
00000c1b  HIBERNATE_IRQHandler          
00000c1b  HardFault_Handler             
00000c1b  I2C0_IRQHandler               
00000c1b  I2C1_IRQHandler               
00000c1b  I2C2_IRQHandler               
00000c1b  I2C3_IRQHandler               
00000c1b  I2C4_IRQHandler               
00000c1b  I2C5_IRQHandler               
00000c1b  I2C6_IRQHandler               
00000c1b  I2C7_IRQHandler               
00000c1b  I2C8_IRQHandler               
00000c1b  I2C9_IRQHandler               
00000c1b  MemManage_Handler             
00000c1b  NMI_Handler                   
00000f49  PWM0_0_IRQHandler             
00000f49  PWM0_0_IRQHandler             
00000c1b  PWM0_1_IRQHandler             
00000c1b  PWM0_2_IRQHandler             
00000c1b  PWM0_3_IRQHandler             
00000c1b  PWM0_FAULT_IRQHandler         
00000c1b  PendSV_Handler                
00000c1b  QEI0_IRQHandler               
00000fcb  Reset_Handler                 
00000c1b  SHA0_IRQHandler               
00000c1b  SSI0_IRQHandler               
00000c1b  SSI1_IRQHandler               
00000c1b  SSI2_IRQHandler               
00000c1b  SSI3_IRQHandler               
00000c1b  SVC_Handler                   
00000c1b  SYSCTL_IRQHandler             
00000c1b  SYSEXC_IRQHandler             
00000515  SysCtlClockFreqSet            
00000c1b  SysTick_Handler               
20000208  SystemCoreClock               
00000f9d  SystemInit                    
00000c1b  TAMPER0_IRQHandler            
00000c1b  TIMER0A_IRQHandler            
00000c1b  TIMER0B_IRQHandler            
00000c1b  TIMER1A_IRQHandler            
00000c1b  TIMER1B_IRQHandler            
00000c1b  TIMER2A_IRQHandler            
00000c1b  TIMER2B_IRQHandler            
00000c1b  TIMER3A_IRQHandler            
00000c1b  TIMER3B_IRQHandler            
00000c1b  TIMER4A_IRQHandler            
00000c1b  TIMER4B_IRQHandler            
00000c1b  TIMER5A_IRQHandler            
00000c1b  TIMER5B_IRQHandler            
00000c1b  TIMER6A_IRQHandler            
00000c1b  TIMER6B_IRQHandler            
00000c1b  TIMER7A_IRQHandler            
00000c1b  TIMER7B_IRQHandler            
00000c1b  UART0_IRQHandler              
00000c1b  UART1_IRQHandler              
00000c1b  UART2_IRQHandler              
00000c1b  UART3_IRQHandler              
00000c1b  UART4_IRQHandler              
00000c1b  UART5_IRQHandler              
00000c1b  UART6_IRQHandler              
00000c1b  UART7_IRQHandler              
00000cad  UARTStdioConfig               
00000f79  UARTprintf                    
00000209  UARTvprintf                   
00000df1  UARTwrite                     
00000c1b  UDMAERR_IRQHandler            
00000c1b  UDMA_IRQHandler               
00000c1b  USB0_IRQHandler               
00000c1b  UsageFault_Handler            
00000c1b  WATCHDOG_IRQHandler           
20000200  __STACK_END                   
00000200  __STACK_SIZE                  
20000200  __STACK_TOP                   
00001234  __TI_CINIT_Base               
0000123c  __TI_CINIT_Limit              
0000122c  __TI_Handler_Table_Base       
00001234  __TI_Handler_Table_Limit      
00000e91  __TI_auto_init_nobinit_nopinit
00000d89  __TI_decompress_lzss          
00000fbd  __TI_decompress_none          
ffffffff  __TI_pprof_out_hndl           
ffffffff  __TI_prof_data_size           
ffffffff  __TI_prof_data_start          
00000000  __TI_static_base__            
00000fdf  __aeabi_idiv0                 
00000fdf  __aeabi_ldiv0                 
00000b7f  __aeabi_memcpy                
00000b7f  __aeabi_memcpy4               
00000b7f  __aeabi_memcpy8               
00000ed5  __aeabi_uidiv                 
00000ed5  __aeabi_uidivmod              
ffffffff  __binit__                     
ffffffff  __c_args__                    
UNDEFED   __mpu_init                    
20000000  __stack                       
20000000  __start___llvm_prf_cnts       
20000000  __stop___llvm_prf_cnts        
00000f15  _c_int00_noargs               
UNDEFED   _system_post_cinit            
00000fd7  _system_pre_init              
00000fdb  abort                         
ffffffff  binit                         
00000000  interruptVectors              
000007f5  main                          
00000b7f  memcpy                        


GLOBAL SYMBOLS: SORTED BY Symbol Address 

address   name                          
-------   ----                          
00000000  __TI_static_base__            
00000000  interruptVectors              
00000200  __STACK_SIZE                  
00000209  UARTvprintf                   
00000515  SysCtlClockFreqSet            
000007f5  main                          
00000a91  ADCSequenceStepConfigure      
00000b7f  __aeabi_memcpy                
00000b7f  __aeabi_memcpy4               
00000b7f  __aeabi_memcpy8               
00000b7f  memcpy                        
00000c1b  ADC0SS0_IRQHandler            
00000c1b  ADC0SS1_IRQHandler            
00000c1b  ADC0SS2_IRQHandler            
00000c1b  ADC0SS3_IRQHandler            
00000c1b  ADC1SS0_IRQHandler            
00000c1b  ADC1SS1_IRQHandler            
00000c1b  ADC1SS2_IRQHandler            
00000c1b  ADC1SS3_IRQHandler            
00000c1b  AES0_IRQHandler               
00000c1b  BusFault_Handler              
00000c1b  CAN0_IRQHandler               
00000c1b  CAN1_IRQHandler               
00000c1b  COMP0_IRQHandler              
00000c1b  COMP1_IRQHandler              
00000c1b  COMP2_IRQHandler              
00000c1b  DES0_IRQHandler               
00000c1b  DebugMon_Handler              
00000c1b  Default_Handler               
00000c1b  EMAC0_IRQHandler              
00000c1b  EPI0_IRQHandler               
00000c1b  FLASH_IRQHandler              
00000c1b  GPIOA_IRQHandler              
00000c1b  GPIOB_IRQHandler              
00000c1b  GPIOC_IRQHandler              
00000c1b  GPIOD_IRQHandler              
00000c1b  GPIOE_IRQHandler              
00000c1b  GPIOF_IRQHandler              
00000c1b  GPIOG_IRQHandler              
00000c1b  GPIOH_IRQHandler              
00000c1b  GPIOJ_IRQHandler              
00000c1b  GPIOK_IRQHandler              
00000c1b  GPIOL_IRQHandler              
00000c1b  GPIOM_IRQHandler              
00000c1b  GPION_IRQHandler              
00000c1b  GPIOP0_IRQHandler             
00000c1b  GPIOP1_IRQHandler             
00000c1b  GPIOP2_IRQHandler             
00000c1b  GPIOP3_IRQHandler             
00000c1b  GPIOP4_IRQHandler             
00000c1b  GPIOP5_IRQHandler             
00000c1b  GPIOP6_IRQHandler             
00000c1b  GPIOP7_IRQHandler             
00000c1b  GPIOQ0_IRQHandler             
00000c1b  GPIOQ1_IRQHandler             
00000c1b  GPIOQ2_IRQHandler             
00000c1b  GPIOQ3_IRQHandler             
00000c1b  GPIOQ4_IRQHandler             
00000c1b  GPIOQ5_IRQHandler             
00000c1b  GPIOQ6_IRQHandler             
00000c1b  GPIOQ7_IRQHandler             
00000c1b  HIBERNATE_IRQHandler          
00000c1b  HardFault_Handler             
00000c1b  I2C0_IRQHandler               
00000c1b  I2C1_IRQHandler               
00000c1b  I2C2_IRQHandler               
00000c1b  I2C3_IRQHandler               
00000c1b  I2C4_IRQHandler               
00000c1b  I2C5_IRQHandler               
00000c1b  I2C6_IRQHandler               
00000c1b  I2C7_IRQHandler               
00000c1b  I2C8_IRQHandler               
00000c1b  I2C9_IRQHandler               
00000c1b  MemManage_Handler             
00000c1b  NMI_Handler                   
00000c1b  PWM0_1_IRQHandler             
00000c1b  PWM0_2_IRQHandler             
00000c1b  PWM0_3_IRQHandler             
00000c1b  PWM0_FAULT_IRQHandler         
00000c1b  PendSV_Handler                
00000c1b  QEI0_IRQHandler               
00000c1b  SHA0_IRQHandler               
00000c1b  SSI0_IRQHandler               
00000c1b  SSI1_IRQHandler               
00000c1b  SSI2_IRQHandler               
00000c1b  SSI3_IRQHandler               
00000c1b  SVC_Handler                   
00000c1b  SYSCTL_IRQHandler             
00000c1b  SYSEXC_IRQHandler             
00000c1b  SysTick_Handler               
00000c1b  TAMPER0_IRQHandler            
00000c1b  TIMER0A_IRQHandler            
00000c1b  TIMER0B_IRQHandler            
00000c1b  TIMER1A_IRQHandler            
00000c1b  TIMER1B_IRQHandler            
00000c1b  TIMER2A_IRQHandler            
00000c1b  TIMER2B_IRQHandler            
00000c1b  TIMER3A_IRQHandler            
00000c1b  TIMER3B_IRQHandler            
00000c1b  TIMER4A_IRQHandler            
00000c1b  TIMER4B_IRQHandler            
00000c1b  TIMER5A_IRQHandler            
00000c1b  TIMER5B_IRQHandler            
00000c1b  TIMER6A_IRQHandler            
00000c1b  TIMER6B_IRQHandler            
00000c1b  TIMER7A_IRQHandler            
00000c1b  TIMER7B_IRQHandler            
00000c1b  UART0_IRQHandler              
00000c1b  UART1_IRQHandler              
00000c1b  UART2_IRQHandler              
00000c1b  UART3_IRQHandler              
00000c1b  UART4_IRQHandler              
00000c1b  UART5_IRQHandler              
00000c1b  UART6_IRQHandler              
00000c1b  UART7_IRQHandler              
00000c1b  UDMAERR_IRQHandler            
00000c1b  UDMA_IRQHandler               
00000c1b  USB0_IRQHandler               
00000c1b  UsageFault_Handler            
00000c1b  WATCHDOG_IRQHandler           
00000cad  UARTStdioConfig               
00000d21  ConfigureUART                 
00000d89  __TI_decompress_lzss          
00000df1  UARTwrite                     
00000e91  __TI_auto_init_nobinit_nopinit
00000ed5  __aeabi_uidiv                 
00000ed5  __aeabi_uidivmod              
00000f15  _c_int00_noargs               
00000f49  PWM0_0_IRQHandler             
00000f49  PWM0_0_IRQHandler             
00000f79  UARTprintf                    
00000f9d  SystemInit                    
00000fbd  __TI_decompress_none          
00000fcb  Reset_Handler                 
00000fd7  _system_pre_init              
00000fdb  C$$EXIT                       
00000fdb  abort                         
00000fdf  __aeabi_idiv0                 
00000fdf  __aeabi_ldiv0                 
0000122c  __TI_Handler_Table_Base       
00001234  __TI_CINIT_Base               
00001234  __TI_Handler_Table_Limit      
0000123c  __TI_CINIT_Limit              
20000000  __stack                       
20000000  __start___llvm_prf_cnts       
20000000  __stop___llvm_prf_cnts        
20000200  __STACK_END                   
20000200  __STACK_TOP                   
20000208  SystemCoreClock               
ffffffff  __TI_pprof_out_hndl           
ffffffff  __TI_prof_data_size           
ffffffff  __TI_prof_data_start          
ffffffff  __binit__                     
ffffffff  __c_args__                    
ffffffff  binit                         
UNDEFED   __mpu_init                    
UNDEFED   _system_post_cinit            

[157 symbols]
