******************************************************************************
            TI ARM Clang Linker PC v2.1.3                      
******************************************************************************
>> Linked Wed Dec  6 12:32:03 2023

OUTPUT FILE NAME:   <project_zero_CC1352R1_LAUNCHXL_tirtos7_ticlang.out>
ENTRY POINT SYMBOL: "_c_int00"  address: 0001c6f5


MEMORY CONFIGURATION

         name            origin    length      used     unused   attr    fill
----------------------  --------  ---------  --------  --------  ----  --------
  FLASH_IMG_HDR         00000000   00000090  0000008d  00000003  R  X
  ENTRY                 00000090   00000040  0000003c  00000004  R  X
  FLASH                 000000d0   00055f30  00028165  0002ddcb  R  X
  RTOS_SRAM             20000000   0000012c  00000000  0000012c  RW X
  SRAM                  20000fdf   00013021  00003e38  0000f1e9  RW X


SEGMENT ALLOCATION MAP

run origin  load origin   length   init length attrs members
----------  ----------- ---------- ----------- ----- -------
00000000    00000000    0002423c   0002423c    r-x
  00000000    00000000    0000008d   0000008d    r-- .image_header
  00000090    00000090    0000003c   0000003c    r-- .resetVecs
  000000d0    000000d0    00020254   00020254    r-x .text
  00020328    00020328    000038fd   000038fd    r-- .rodata
  00023c28    00023c28    00000614   00000614    r-- .cinit
00048000    00048000    00004000   00000000    rw-
  00048000    00048000    00004000   00000000    rw- .TI.bound:flashBuf0
20001810    20001810    00000010   00000000    rw-
  20001810    20001810    00000010   00000000    rw- .TI.bound:dmaUart0RxControlTableEntry
20001820    20001820    00000010   00000000    rw-
  20001820    20001820    00000010   00000000    rw- .TI.bound:dmaUart0TxControlTableEntry
20001830    20001830    00000010   00000000    rw-
  20001830    20001830    00000010   00000000    rw- .TI.bound:dmaSpi0RxControlTableEntry
20001840    20001840    00000010   00000000    rw-
  20001840    20001840    00000010   00000000    rw- .TI.bound:dmaSpi0TxControlTableEntry
20001a30    20001a30    00000010   00000000    rw-
  20001a30    20001a30    00000010   00000000    rw- .TI.bound:dmaSpi0RxAltControlTableEntry
20001a40    20001a40    00000010   00000000    rw-
  20001a40    20001a40    00000010   00000000    rw- .TI.bound:dmaSpi0TxAltControlTableEntry
20001b00    20001b00    000038cb   00000000    rw-
  20001b00    20001b00    000012e2   00000000    rw- .data
  20002de8    20002de8    000025e3   00000000    rw- .bss
20005400    20005400    000000d8   00000000    rw-
  20005400    20005400    000000d8   00000000    rw- .ramVecs
20013c00    20013c00    00000400   00000000    rw-
  20013c00    20013c00    00000400   00000000    rw- .stack


SECTION ALLOCATION MAP

 output                                  attributes/
section   page    origin      length       input sections
--------  ----  ----------  ----------   ----------------
.image_header 
*          0    00000000    0000008d     
                  00000000    0000008d     oad_image_header_app.o (.image_header)

.resetVecs 
*          0    00000090    0000003c     
                  00000090    0000003c     ti_sysbios_config.o (.resetVecs)

.intvecs   0    000000cc    00000000     UNINITIALIZED

EntrySection 
*          0    000000cc    00000000     UNINITIALIZED

.cinit     0    00023c28    00000614     
                  00023c28    0000057f     (.cinit..data.load) [load image, compression = lzss]
                  000241a7    00000001     --HOLE-- [fill = 0]
                  000241a8    0000000c     (__TI_handler_table)
                  000241b4    00000008     (.cinit..TI.bound:dmaSpi0RxAltControlTableEntry.load) [load image, compression = zero_init]
                  000241bc    00000008     (.cinit..TI.bound:dmaSpi0RxControlTableEntry.load) [load image, compression = zero_init]
                  000241c4    00000008     (.cinit..TI.bound:dmaSpi0TxAltControlTableEntry.load) [load image, compression = zero_init]
                  000241cc    00000008     (.cinit..TI.bound:dmaSpi0TxControlTableEntry.load) [load image, compression = zero_init]
                  000241d4    00000008     (.cinit..TI.bound:dmaUart0RxControlTableEntry.load) [load image, compression = zero_init]
                  000241dc    00000008     (.cinit..TI.bound:dmaUart0TxControlTableEntry.load) [load image, compression = zero_init]
                  000241e4    00000008     (.cinit..bss.load) [load image, compression = zero_init]
                  000241ec    00000008     (.cinit..ramVecs.load) [load image, compression = zero_init]
                  000241f4    00000048     (__TI_cinit_table)

.data      0    20001b00    000012e2     UNINITIALIZED
                  20001b00    00000174     drivers_cc13x2.a : PowerCC26X2.c.obj (.data.PowerCC26X2_module)
                  20001c74    00000130     devinfoservice.o (.data.devInfoAttrTbl)
                  20001da4    000000f4     StackWrapper.a : gapbondmgr.o (.data)
                  20001e98    000000f0     libc.a : defs.c.obj (.data._ftable)
                  20001f88    000000d0     oad.o (.data.oadAttrTbl)
                  20002058    000000b0     OneLib.a : gapgattserver.o (.data)
                  20002108    0000007d     project_zero.o (.data..L_MergedGlobals.95)
                  20002185    00000003     oad.o (.data.oadCharVals)
                  20002188    0000007c     ti_drivers_config.o (.data.gpioPinConfigs)
                  20002204    00000004     icall.o (.data.ICall_dispatcher)
                  20002208    0000007a     devinfoservice.o (.data..L_MergedGlobals)
                  20002282    00000002     drivers_cc13x2.a : ADCCC26XX.c.obj (.data.adcInstance)
                  20002284    00000078     icall.o (.data..L_MergedGlobals.1)
                  200022fc    00000078     button_service.o (.data..L_MergedGlobals)
                  20002374    00000078     libsysbm.a : host_device.c.obj (.data._device)
                  200023ec    00000074     project_zero.o (.data..L_MergedGlobals.96)
                  20002460    00000068     rf_multiMode_cc13x2.a : RFCC26X2_multiMode.c.cc13x2.ticlang.o (.data..L_MergedGlobals.1)
                  200024c8    00000068     ti_sysbios_config.o (.data..L_MergedGlobals.71)
                  20002530    00000068     ti_sysbios_config.o (.data..L_MergedGlobals)
                  20002598    00000068     ti_sysbios_config.o (.data.ti_sysbios_knl_Clock_Module_state)
                  20002600    00000064     rf_multiMode_cc13x2.a : RFCC26X2_multiMode.c.cc13x2.ticlang.o (.data..L_MergedGlobals.3)
                  20002664    00000064     OneLib.a : ll_config.o (.data)
                  200026c8    00000060     data_service.o (.data.Data_ServiceAttrTbl)
                  20002728    0000005c     project_zero.o (.data..L_MergedGlobals)
                  20002784    00000058     rf_multiMode_cc13x2.a : RFCC26X2_multiMode.c.cc13x2.ticlang.o (.data..L_MergedGlobals.2)
                  200027dc    00000054     ti_radio_config.o (.data.pOverrides_bleCommon)
                  20002830    00000050     led_service.o (.data.LED_ServiceAttrTbl)
                  20002880    00000050     libsysbm.a : host_device.c.obj (.data._stream)
                  200028d0    00000050     ti_radio_config.o (.data.txPowerTable_2400_pa5)
                  20002920    00000040     OneLib.a : gattservapp.o (.data)
                  20002960    00000040              : sm_pairing.o (.data)
                  200029a0    0000003c     icall_user_config.o (.data.nvintfFncStruct)
                  200029dc    0000003c     ti_sysbios_config.o (.data.ti_sysbios_knl_Task_Module_state)
                  20002a18    00000038     drivers_cc13x2.a : TRNGCC26XX.c.obj (.data..L_MergedGlobals.1)
                  20002a50    00000038     oad.o (.data..L_MergedGlobals.1)
                  20002a88    00000030     drivers_cc13x2.a : TRNGCC26XX.c.obj (.data..L_MergedGlobals)
                  20002ab8    0000002c     oad.o (.data..L_MergedGlobals)
                  20002ae4    0000002a     devinfoservice.o (.data..L_MergedGlobals.1)
                  20002b0e    00000002     ble_user_config.o (.data.bleUserCfg_maxPduSize)
                  20002b10    00000028     nvocmp.o (.data..L_MergedGlobals.1)
                  20002b38    00000025     data_service.o (.data..L_MergedGlobals)
                  20002b5d    00000001     drivers_cc13x2.a : AESCTRCC26XX.c.obj (.data.AESCTR_isInitialized)
                  20002b5e    00000002     OneLib.a : ll.o (.data)
                  20002b60    00000024     ble_user_config.o (.data.eccParams_NISTP256)
                  20002b84    00000020     drivers_cc13x2.a : NVSSPI25X.c.obj (.data..L_MergedGlobals)
                  20002ba4    0000001c     ti_ble_config.o (.data.advParams1)
                  20002bc0    0000001c     ti_radio_config.o (.data.pOverrides_ble2Mbps)
                  20002bdc    00000018     ti_radio_config.o (.data.pOverrides_ble1Mbps)
                  20002bf4    00000015     ti_ble_config.o (.data.attDeviceName)
                  20002c09    00000001     nvocmp.o (.data.NVOCMP_failF)
                  20002c0a    00000002     OneLib.a : ll_config.o (.data)
                  20002c0c    00000014     flash_interface_ext_rtos_NVS.o (.data..L_MergedGlobals)
                  20002c20    00000014     icall.o (.data..L_MergedGlobals)
                  20002c34    00000014     StackWrapper.a : osal.o (.data)
                  20002c48    00000012     ti_ble_config.o (.data.scanResData1)
                  20002c5a    00000011     ti_ble_config.o (.data.advData1)
                  20002c6b    00000001     drivers_cc13x2.a : PKAResourceCC26XX.c.obj (.data.PKAResourceCC26XX_pollingFlag)
                  20002c6c    00000010     ti_radio_config.o (.data.RF_modeBle)
                  20002c7c    00000010     driverlib.lib : osc.o (.data._hposcCoeffs)
                  20002c8c    00000010     icall_user_config.o (.data.bleAppServiceInfoTable)
                  20002c9c    00000010     ti_radio_config.o (.data.pOverrides_bleCoded)
                  20002cac    00000010     main.o (.data.user0Cfg)
                  20002cbc    00000010     OneLib.a : gattservapp.o (.data)
                  20002ccc    00000010              : ll_data.o (.data)
                  20002cdc    0000000f     ti_ble_config.o (.data..L_MergedGlobals)
                  20002ceb    00000001     rf_multiMode_cc13x2.a : rf_patch_cpe_bt5.c.cc13x2.ticlang.o (.data.bBt5PatchEntered)
                  20002cec    0000000c     UartLog.o (.data..L_MergedGlobals)
                  20002cf8    0000000c     drivers_cc13x2.a : NVSCC26XX.c.obj (.data..L_MergedGlobals)
                  20002d04    0000000c     led_service.o (.data..L_MergedGlobals)
                  20002d10    00000008     button_service.o (.data..L_MergedGlobals.20)
                  20002d18    00000008     icall_cc2650.o (.data..L_MergedGlobals)
                  20002d20    00000008     libc.a : exit.c.obj (.data..L_MergedGlobals)
                  20002d28    00000008     rf_multiMode_cc13x2.a : RFCC26X2_multiMode.c.cc13x2.ticlang.o (.data..L_MergedGlobals)
                  20002d30    00000008                           : RFCC26X2_multiMode.c.cc13x2.ticlang.o (.data.RFCC26XX_schedulerPolicy)
                  20002d38    00000008     ti_sysbios_config.o (.data.ti_sysbios_gates_GateMutexPri_Module_state)
                  20002d40    00000008     ti_sysbios_config.o (.data.ti_sysbios_gates_GateMutex_Module_state)
                  20002d48    00000008     ti_sysbios_config.o (.data.ti_sysbios_heaps_HeapCallback_Module_state)
                  20002d50    00000008     ti_sysbios_config.o (.data.ti_sysbios_knl_Event_state)
                  20002d58    00000008     ti_sysbios_config.o (.data.ti_sysbios_knl_Mailbox_Module_state)
                  20002d60    00000008     ti_sysbios_config.o (.data.ti_sysbios_knl_Semaphore_Module_state)
                  20002d68    00000008     OneLib.a : gapgattserver.o (.data)
                  20002d70    00000008     StackWrapper.a : gapbondmgr.o (.data)
                  20002d78    00000004     drivers_cc13x2.a : PowerCC26X2.c.obj (.data.PowerCC26X2_rtcSubSecInc)
                  20002d7c    00000004     rf_multiMode_cc13x2.a : RFCC26X2_multiMode.c.cc13x2.ticlang.o (.data.RF_fsmActiveState.lfClockSourceLast)
                  20002d80    00000004     libc.a : defs.c.obj (.data.__TI_ft_end)
                  20002d84    00000004            : aeabi_portable.c.obj (.data.__aeabi_errno)
                  20002d88    00000004            : _lock.c.obj (.data._lock)
                  20002d8c    00000004            : _lock.c.obj (.data._unlock)
                  20002d90    00000004     ble_user_config.o (.data.appAssertCback)
                  20002d94    00000004     ble_user_config_stack.o (.data.icallServiceTblPtr)
                  20002d98    00000004     button_service.o (.data.pAppCBs)
                  20002d9c    00000004     ti_ble_config.o (.data.pRandomAddress)
                  20002da0    00000004     icall_api_lite.o (.data.pRfErrCb)
                  20002da4    00000004     icall_api_lite.o (.data.pfnBMAlloc)
                  20002da8    00000004     icall_api_lite.o (.data.pfnBMFree)
                  20002dac    00000004     OneLib.a : ll_slave_end_causes.o (.data)
                  20002db0    00000004     StackWrapper.a : hal_assert.o (.data)
                  20002db4    00000002                    : osal_cbtimer.o (.data)
                  20002db6    00000001     button_service.o (.data.bs_BUTTON0Props)
                  20002db7    00000001     button_service.o (.data.bs_BUTTON1Props)
                  20002db8    00000001     devinfoservice.o (.data.devInfo11073CertProps)
                  20002db9    00000001     devinfoservice.o (.data.devInfoFirmwareRevProps)
                  20002dba    00000001     devinfoservice.o (.data.devInfoHardwareRevProps)
                  20002dbb    00000001     devinfoservice.o (.data.devInfoMfrNameProps)
                  20002dbc    00000001     devinfoservice.o (.data.devInfoModelNumberProps)
                  20002dbd    00000001     devinfoservice.o (.data.devInfoPnpIdProps)
                  20002dbe    00000001     devinfoservice.o (.data.devInfoSerialNumberProps)
                  20002dbf    00000001     devinfoservice.o (.data.devInfoSoftwareRevProps)
                  20002dc0    00000001     devinfoservice.o (.data.devInfoSystemIdProps)
                  20002dc1    00000001     data_service.o (.data.ds_StreamProps)
                  20002dc2    00000001     data_service.o (.data.ds_StringProps)
                  20002dc3    00000001     drivers_cc13x2.a : GPIOCC26X2.c.obj (.data.initCalled)
                  20002dc4    00000001                      : ADC.c.obj (.data.isInitialized)
                  20002dc5    00000001                      : AESCCMCC26XX.c.obj (.data.isInitialized)
                  20002dc6    00000001                      : AESCTRDRBGXX.c.obj (.data.isInitialized)
                  20002dc7    00000001                      : AESECBCC26XX.c.obj (.data.isInitialized)
                  20002dc8    00000001                      : CryptoResourceCC26XX.c.obj (.data.isInitialized)
                  20002dc9    00000001                      : ECDHCC26X2.c.obj (.data.isInitialized)
                  20002dca    00000001                      : NVS.c.obj (.data.isInitialized)
                  20002dcb    00000001                      : PKAResourceCC26XX.c.obj (.data.isInitialized)
                  20002dcc    00000001                      : SPI.c.obj (.data.isInitialized)
                  20002dcd    00000001     flash_interface_ext_rtos_NVS.o (.data.isOpen)
                  20002dce    00000001     led_service.o (.data.ls_LED0Props)
                  20002dcf    00000001     led_service.o (.data.ls_LED1Props)
                  20002dd0    00000001     oad.o (.data.oadCharExtCtrlProps)
                  20002dd1    00000001     oad.o (.data.oadCharProps)
                  20002dd2    00000001     OneLib.a : gapgattserver.o (.data)
                  20002dd3    00000001              : gapgattserver.o (.data)
                  20002dd4    00000001              : gapgattserver.o (.data)
                  20002dd5    00000001              : gapgattserver.o (.data)
                  20002dd6    00000001              : gapgattserver.o (.data)
                  20002dd7    00000001              : gapgattserver.o (.data)
                  20002dd8    00000001              : gattservapp.o (.data)
                  20002dd9    00000001              : gattservapp.o (.data)
                  20002dda    00000001              : ll.o (.data)
                  20002ddb    00000001              : ll_ae.o (.data)
                  20002ddc    00000001              : ll_data.o (.data)
                  20002ddd    00000001              : ll_scheduler.o (.data)
                  20002dde    00000001              : sm_task.o (.data)
                  20002ddf    00000001     StackWrapper.a : gap.o (.data)
                  20002de0    00000001                    : gap.o (.data)
                  20002de1    00000001                    : hal_assert.o (.data)

.bss       0    20002de8    000025e3     UNINITIALIZED
                  20002de8    00000800     (.common:appTaskStack)
                  200035e8    00000500     (.common:uartLog_evBuf)
                  20003ae8    00000300     (.common:ti_sysbios_knl_Idle_taskStack)
                  20003de8    000002c0     rf_multiMode_cc13x2.a : RFCC26X2_multiMode.c.cc13x2.ticlang.o (.bss.RF_cmdPool)
                  200040a8    00000170     (.common:uart2CC26X2Objects)
                  20004218    00000120     libsysbm.a : trgmsg.c.obj (.bss:_CIOBUF_)
                  20004338    00000100     OneLib.a : ll.o (.bss)
                  20004438    00000100     (.common:crcBuf)
                  20004538    00000100     (.common:spiCC26X2DMAObjects)
                  20004638    000000d8     (.common:ti_sysbios_family_arm_m3_Hwi_dispatchTable)
                  20004710    000000ac     (.common:uartLog_outBuf)
                  200047bc    000000a4     (.common:aesctrdrbgXXObjects)
                  20004860    000000a0     (.common:__TI_tmpnams)
                  20004900    0000008d     oad.o (.bss.candidateImageHeader)
                  2000498d    00000001     OneLib.a : gap_scanner.o (.bss)
                  2000498e    00000002              : gapgattserver.o (.bss)
                  20004990    00000084     (.common:trngCC26XXObjects)
                  20004a14    0000007c     (.common:gpioCallbackFunctions)
                  20004a90    0000007c     (.common:gpioUserArgs)
                  20004b0c    00000078     StackWrapper.a : osal_cbtimer.o (.bss)
                  20004b84    00000004     data_service.o (.bss.ds_StreamConfig)
                  20004b88    00000068     rf_multiMode_cc13x2.a : RFCC26X2_multiMode.c.cc13x2.ticlang.o (.bss.RF_ratModule)
                  20004bf0    00000060     (.common:ti_sysbios_knl_ClockSupport_timerStruct)
                  20004c50    00000058     (.common:pzTask)
                  20004ca8    00000058     (.common:ti_sysbios_knl_Idle_taskStruct)
                  20004d00    00000050     drivers_cc13x2.a : ADCCC26XX.c.obj (.bss.adcSemaphore)
                  20004d50    00000050     (.common:CryptoResourceCC26XX_accessSemaphore)
                  20004da0    00000050     (.common:CryptoResourceCC26XX_operationSemaphore)
                  20004df0    00000050     (.common:PKAResourceCC26XX_accessSemaphore)
                  20004e40    00000050     (.common:PKAResourceCC26XX_operationSemaphore)
                  20004e90    00000044     rf_multiMode_cc13x2.a : RFCC26X2_multiMode.c.cc13x2.ticlang.o (.bss.RF_clkInactivityObj)
                  20004ed4    00000044                           : RFCC26X2_multiMode.c.cc13x2.ticlang.o (.bss.RF_clkPowerUpObj)
                  20004f18    00000040     ti_drivers_config.o (.bss.verifyBuf)
                  20004f58    0000003c     rf_multiMode_cc13x2.a : RFCC26X2_multiMode.c.cc13x2.ticlang.o (.bss.RF_swiHwObj)
                  20004f94    0000003c     StackWrapper.a : osal_snv_wrapper.o (.bss)
                  20004fd0    00000030     (.common:ti_sysbios_knl_Swi_readyQs)
                  20005000    00000030     (.common:ti_sysbios_knl_Task_readyQs)
                  20005030    0000002e     (.common:NVOCMP_nvHandle)
                  2000505e    00000002     OneLib.a : ll.o (.bss)
                  20005060    00000028     ti_sysbios_config.o (.bss.tiposix_mqGateStruct)
                  20005088    00000028     (.common:aesecbCC26XXObjects)
                  200050b0    00000024     OneLib.a : ll.o (.bss)
                  200050d4    00000020     ti_drivers_config.o (.bss.uart2RxRingBuffer0)
                  200050f4    00000020     ti_drivers_config.o (.bss.uart2TxRingBuffer0)
                  20005114    00000020     OneLib.a : gattservapp.o (.bss)
                  20005134    00000020     StackWrapper.a : gapbondmgr.o (.bss)
                  20005154    00000020                    : gapbondmgr.o (.bss)
                  20005174    00000020     (.common:ecdhCC26X2Objects)
                  20005194    00000020     (.common:ti_sysbios_runtime_System_atexitHandlers)
                  200051b4    00000020     (.common:udmaCC26XXObject)
                  200051d4    0000001c     drivers_cc13x2.a : GPIOCC26X2.c.obj (.bss.gpioHwi)
                  200051f0    0000001c     (.common:BIOS_heapCallbackObject)
                  2000520c    0000001c     (.common:BIOS_rtsGate)
                  20005228    0000001c     (.common:CryptoResourceCC26XX_hwi)
                  20005244    0000001c     (.common:PKAResourceCC26XX_hwi)
                  20005260    00000018     OneLib.a : gapgattserver.o (.bss)
                  20005278    00000018     (.common:aesccmCC26XXObjects)
                  20005290    00000014     drivers_cc13x2.a : Random.c.obj (.bss.state)
                  200052a4    00000010     OneLib.a : ll.o (.bss)
                  200052b4    0000000c              : ll.o (.bss)
                  200052c0    0000000c              : ll.o (.bss)
                  200052cc    0000000c              : ll_scheduler.o (.bss)
                  200052d8    0000000c     (.common:nvsSPI25XObjects)
                  200052e4    00000008              : ll.o (.bss)
                  200052ec    00000008              : ll.o (.bss)
                  200052f4    00000008              : ll_ae.o (.bss)
                  200052fc    00000008     StackWrapper.a : gapbondmgr.o (.bss)
                  20005304    00000008     (.common:parmbuf)
                  2000530c    00000004     driverlib.lib : osc.o (.bss.oscHfGlobals.0)
                  20005310    00000004                   : osc.o (.bss.oscHfGlobals.2)
                  20005314    00000004                   : osc.o (.bss.oscHfGlobals.3)
                  20005318    00000004                   : osc.o (.bss.oscHfGlobals.4)
                  2000531c    00000004     drivers_cc13x2.a : ECDHCC26X2.c.obj (.bss.resultPKAMemAddr)
                  20005320    00000004     OneLib.a : gapgattserver.o (.bss)
                  20005324    00000004              : gatt_client.o (.bss)
                  20005328    00000004              : gattservapp.o (.bss)
                  2000532c    00000004              : linkdb.o (.bss)
                  20005330    00000004              : ll.o (.bss)
                  20005334    00000004              : ll.o (.bss)
                  20005338    00000004              : ll.o (.bss)
                  2000533c    00000004              : ll.o (.bss)
                  20005340    00000004              : ll.o (.bss)
                  20005344    00000004              : ll_ae.o (.bss)
                  20005348    00000004              : ll_common.o (.bss)
                  2000534c    00000004              : ll_enc.o (.bss)
                  20005350    00000004              : ll_privacy.o (.bss)
                  20005354    00000004     StackWrapper.a : gapbondmgr.o (.bss)
                  20005358    00000004                    : gapbondmgr.o (.bss)
                  2000535c    00000004                    : osal.o (.bss)
                  20005360    00000004                    : osal.o (.bss)
                  20005364    00000004                    : osal.o (.bss)
                  20005368    00000004                    : osal.o (.bss)
                  2000536c    00000004                    : osal.o (.bss)
                  20005370    00000004                    : osal.o (.bss)
                  20005374    00000004                    : osal_bufmgr.o (.bss)
                  20005378    00000004                    : osal_bufmgr.o (.bss)
                  2000537c    00000004                    : osal_clock.o (.bss)
                  20005380    00000004                    : osal_clock.o (.bss)
                  20005384    00000004                    : osal_timers.o (.bss)
                  20005388    00000004                    : osal_timers.o (.bss)
                  2000538c    00000004                    : osal_timers.o (.bss)
                  20005390    00000004     (.common:HEAPMGR_SIZE)
                  20005394    00000004     (.common:PowerCC26XX_swiKey)
                  20005398    00000004     (.common:PowerCC26XX_taskKey)
                  2000539c    00000004     (.common:tasksEvents)
                  200053a0    00000004     (.common:ti_sysbios_family_arm_cc26xx_TimestampProvider_Module_state)
                  200053a4    00000004     (.common:ti_sysbios_knl_Task_defaultStackHeap)
                  200053a8    00000002     OneLib.a : ll_slave_end_causes.o (.bss)
                  200053aa    00000002     StackWrapper.a : osal_pwrmgr.o (.bss)
                  200053ac    00000002     (.common:adcCC26xxObjects)
                  200053ae    00000002     (.common:adcValue0)
                  200053b0    00000001     OneLib.a : gapgattserver.o (.bss)
                  200053b1    00000001              : gattservapp.o (.bss)
                  200053b2    00000001              : hci_tl.o (.bss)
                  200053b3    00000001              : hci_tl.o (.bss)
                  200053b4    00000001              : hci_tl.o (.bss)
                  200053b5    00000001              : hci_tl.o (.bss)
                  200053b6    00000001              : hci_tl.o (.bss)
                  200053b7    00000001              : hci_tl.o (.bss)
                  200053b8    00000001              : ll.o (.bss)
                  200053b9    00000001              : ll.o (.bss)
                  200053ba    00000001              : ll.o (.bss)
                  200053bb    00000001              : ll.o (.bss)
                  200053bc    00000001              : ll_ae.o (.bss)
                  200053bd    00000001              : ll_config.o (.bss)
                  200053be    00000001              : ll_config.o (.bss)
                  200053bf    00000001              : ll_enc.o (.bss)
                  200053c0    00000001              : ll_isr.o (.bss)
                  200053c1    00000001              : sm_task.o (.bss)
                  200053c2    00000001     StackWrapper.a : ble_dispatch_lite.o (.bss)
                  200053c3    00000001                    : gapbondmgr.o (.bss)
                  200053c4    00000001                    : gapbondmgr.o (.bss)
                  200053c5    00000001                    : hal_assert.o (.bss)
                  200053c6    00000001                    : osal.o (.bss)
                  200053c7    00000001                    : osal_pwrmgr.o (.bss)
                  200053c8    00000001     (.common:NVOCMP_size)
                  200053c9    00000001     (.common:gAction)
                  200053ca    00000001     (.common:nvsCC26XXObjects)

.vtable    0    200053cb    00000000     UNINITIALIZED

.vtable_ram 
*          0    200053cb    00000000     UNINITIALIZED

vtable_ram 
*          0    200053cb    00000000     UNINITIALIZED

.sysmem    0    200053cb    00000000     UNINITIALIZED

.nonretenvar 
*          0    200053cb    00000000     UNINITIALIZED

.noinit    0    200053cb    00000000     UNINITIALIZED

.ramVecs   0    20005400    000000d8     UNINITIALIZED
                  20005400    000000d8     ti_sysbios_config.o (.ramVecs)

.stack     0    20013c00    00000400     UNINITIALIZED
                  20013c00    00000004     sysbios.a : boot_cortex_m.c.obj (.stack)
                  20013c04    000003fc     --HOLE--

.TI.bound:flashBuf0 
*          0    00048000    00004000     UNINITIALIZED
                  00048000    00004000     ti_drivers_config.o (.TI.bound:flashBuf0)

.TI.bound:dmaUart0RxControlTableEntry 
*          0    20001810    00000010     UNINITIALIZED
                  20001810    00000010     ti_drivers_config.o (.TI.bound:dmaUart0RxControlTableEntry)

.TI.bound:dmaUart0TxControlTableEntry 
*          0    20001820    00000010     UNINITIALIZED
                  20001820    00000010     ti_drivers_config.o (.TI.bound:dmaUart0TxControlTableEntry)

.TI.bound:dmaSpi0RxControlTableEntry 
*          0    20001830    00000010     UNINITIALIZED
                  20001830    00000010     ti_drivers_config.o (.TI.bound:dmaSpi0RxControlTableEntry)

.TI.bound:dmaSpi0TxControlTableEntry 
*          0    20001840    00000010     UNINITIALIZED
                  20001840    00000010     ti_drivers_config.o (.TI.bound:dmaSpi0TxControlTableEntry)

.TI.bound:dmaSpi0RxAltControlTableEntry 
*          0    20001a30    00000010     UNINITIALIZED
                  20001a30    00000010     ti_drivers_config.o (.TI.bound:dmaSpi0RxAltControlTableEntry)

.TI.bound:dmaSpi0TxAltControlTableEntry 
*          0    20001a40    00000010     UNINITIALIZED
                  20001a40    00000010     ti_drivers_config.o (.TI.bound:dmaSpi0TxAltControlTableEntry)

.text      0    000000d0    00020254     
                  000000d0    00001174     project_zero.o (.text.ProjectZero_taskFxn)
                  00001244    00000b48     StackWrapper.a : gapbondmgr.o (.text)
                  00001d8c    00000724     OneLib.a : ll_adv_end_causes.o (.text)
                  000024b0    000006f8     StackWrapper.a : gapbondmgr.o (.text)
                  00002ba8    000006f4     oad.o (.text.OAD_processQueue)
                  0000329c    00000514     OneLib.a : ble.o (.text)
                  000037b0    000004ec              : ll_ae.o (.text)
                  00003c9c    00000490     rf_multiMode_cc13x2.a : RFCC26X2_multiMode.c.cc13x2.ticlang.o (.text.RF_fsmActiveState)
                  0000412c    00000478     OneLib.a : ll_isr.o (.text)
                  000045a4    00000458              : ll_slave_end_causes.o (.text)
                  000049fc    00000448              : ll.o (.text)
                  00004e44    0000041c              : ll_scheduler.o (.text)
                  00005260    000003e0     oad.o (.text.oadProcessExtControlCmd)
                  00005640    00000398     OneLib.a : ll_slave_end_causes.o (.text)
                  000059d8    00000344              : ll_ae.o (.text)
                  00005d1c    00000340     ti_sysbios_config.o (.text.ti_sysbios_runtime_System_doPrint)
                  0000605c    00000338     OneLib.a : ll_ae.o (.text)
                  00006394    00000334              : ll_scheduler.o (.text)
                  000066c8    000002c8     drivers_cc13x2.a : SPICC26X2DMA.c.obj (.text.SPICC26X2DMA_transfer)
                  00006990    000002b0     StackWrapper.a : gapbondmgr.o (.text)
                  00006c40    000002a8     nvocmp.o (.text.NVOCMP_initNvApi)
                  00006ee8    0000029c     rf_multiMode_cc13x2.a : RFCC26X2_multiMode.c.cc13x2.ticlang.o (.text.RF_open)
                  00007184    0000029c     OneLib.a : ll_isr.o (.text)
                  00007420    00000294              : ll.o (.text)
                  000076b4    00000284     nvocmp.o (.text.NVOCMP_compactPage)
                  00007938    00000274     OneLib.a : ll_ae.o (.text)
                  00007bac    00000268     libc.a : _printfi.c.obj (.text:__TI_printfi_minimal)
                  00007e14    00000264     OneLib.a : ll_common.o (.text)
                  00008078    00000264              : ll_isr.o (.text)
                  000082dc    0000025c     StackWrapper.a : gapbondmgr.o (.text)
                  00008538    0000024c     nvocmp.o (.text.NVOCMP_addItem)
                  00008784    0000023c     OneLib.a : ll_data.o (.text)
                  000089c0    00000220     drivers_cc13x2.a : ECDHCC26X2.c.obj (.text.ECDHCC26X2_hwiFxn)
                  00008be0    00000204     OneLib.a : gattservapp.o (.text)
                  00008de4    000001f4              : ll.o (.text)
                  00008fd8    000001f0     drivers_cc13x2.a : UART2CC26X2.c.obj (.text.UART2CC26X2_hwiIntFxn)
                  000091c8    000001e8     rf_multiMode_cc13x2.a : RFCC26X2_multiMode.c.cc13x2.ticlang.o (.text.RF_scheduleCmd)
                  000093b0    000001e0     StackWrapper.a : osal.o (.text)
                  00009590    000001dc     rf_multiMode_cc13x2.a : RFCC26X2_multiMode.c.cc13x2.ticlang.o (.text.RF_dispatchNextCmd)
                  0000976c    000001c0     ble_user_config_stack.o (.text.setBleUserConfig)
                  0000992c    000001bc     OneLib.a : ll_scheduler.o (.text)
                  00009ae8    000001b6     libclang_rt.builtins.a : adddf3.S.obj (.text)
                  00009c9e    000001ae     drivers_cc13x2.a : SPICC26X2DMA.c.obj (.text.SPICC26X2DMA_hwiFxn)
                  00009e4c    000001ac     ti_sysbios_config.o (.text.mq_open)
                  00009ff8    000001a0     drivers_cc13x2.a : AESECBCC26XX.c.obj (.text.AESECB_addDataInternal)
                  0000a198    00000198     OneLib.a : ll_common.o (.text)
                  0000a330    00000196              : ll_common.o (.text)
                  0000a4c6    00000002     ti_sysbios_config.o (.text.BIOS_nullFunc)
                  0000a4c8    00000194     drivers_cc13x2.a : PowerCC26X2_calibrateRCOSC.c.obj (.text.PowerCC26X2_auxISR)
                  0000a65c    00000190                      : SPICC26X2DMA.c.obj (.text.SPICC26X2DMA_open)
                  0000a7ec    0000018c                      : UART2CC26X2.c.obj (.text.UART2_open)
                  0000a978    00000188                      : AESCCMCC26XX.c.obj (.text.AESCCM_startOperation)
                  0000ab00    00000188     OneLib.a : ll_ae.o (.text)
                  0000ac88    00000184              : ll_isr.o (.text)
                  0000ae0c    0000017c     drivers_cc13x2.a : ECDHCC26X2.c.obj (.text.ECDH_computeSharedSecret)
                  0000af88    00000178     OneLib.a : gattservapp.o (.text)
                  0000b100    00000174     crc32.o (.text.CRC32_calc)
                  0000b274    00000174     drivers_cc13x2.a : UART2.c.obj (.text.UART2_writeTimeoutBlocking)
                  0000b3e8    00000174     UartLog.o (.text.uartLog_flush)
                  0000b55c    00000174     OneLib.a : ll_scheduler.o (.text)
                  0000b6d0    00000170     data_service.o (.text.Data_Service_WriteAttrCB)
                  0000b840    0000016c     drivers_cc13x2.a : SPICC26X2DMA.c.obj (.text.configNextTransfer)
                  0000b9ac    00000160     icall.o (.text.ICall_waitMatch)
                  0000bb0c    00000160     OneLib.a : ll_ae.o (.text)
                  0000bc6c    0000015c     drivers_cc13x2.a : NVSSPI25X.c.obj (.text.NVSSPI25X_write)
                  0000bdc8    00000158                      : AESCTRCC26XX.c.obj (.text.AESCTR_processData)
                  0000bf20    00000158                      : PowerCC26X2.c.obj (.text.Power_sleep)
                  0000c078    00000158     OneLib.a : ll_common.o (.text)
                  0000c1d0    00000150              : gap_task.o (.text)
                  0000c320    00000150              : ll_ae.o (.text)
                  0000c470    00000150              : ll_isr.o (.text)
                  0000c5c0    0000014c     rf_multiMode_cc13x2.a : RFCC26X2_multiMode.c.cc13x2.ticlang.o (.text.RF_radioOpDoneCb)
                  0000c70c    00000144     data_service.o (.text.DataService_SetParameter)
                  0000c850    00000144     ti_sysbios_config.o (.text.ti_sysbios_runtime_System_printfExtend)
                  0000c994    00000144     StackWrapper.a : osal.o (.text)
                  0000cad8    00000140     OneLib.a : gattservapp.o (.text)
                  0000cc18    00000140     StackWrapper.a : gap.o (.text)
                  0000cd58    00000134     rf_multiMode_cc13x2.a : RFCC26X2_multiMode.c.cc13x2.ticlang.o (.text.RF_ratSetupChannel)
                  0000ce8c    00000130     driverlib.lib : aes.o (.text.NOROM_AESWriteToKeyStore)
                  0000cfbc    0000012c     button_service.o (.text.ButtonService_SetParameter)
                  0000d0e8    0000012c     rf_multiMode_cc13x2.a : RFCC26X2_multiMode.c.cc13x2.ticlang.o (.text.RF_close)
                  0000d214    0000012c     drivers_cc13x2.a : TRNGCC26XX.c.obj (.text.TRNGCC26XX_hwiFxn)
                  0000d340    00000124     main.o (.text.AssertHandler)
                  0000d464    00000124     rf_multiMode_cc13x2.a : RFCC26X2_multiMode.c.cc13x2.ticlang.o (.text.RF_abortCmd)
                  0000d588    00000124                           : RFCC26X2_multiMode.c.cc13x2.ticlang.o (.text.RF_fsmSetupState)
                  0000d6ac    00000120     data_service.o (.text.Data_Service_ReadAttrCB)
                  0000d7cc    00000120     nvocmp.o (.text.NVOCMP_findItem)
                  0000d8ec    00000120     ti_sysbios_config.o (.text.ti_sysbios_family_arm_cc26xx_Timer_construct)
                  0000da0c    00000120     OneLib.a : ll_common.o (.text)
                  0000db2c    00000120              : ll_data.o (.text)
                  0000dc4c    0000011c     sysbios.a : Hwi_asm_gcc.s.obj (.text.ti_sysbios_family_arm_m3_Hwi_dispatch)
                  0000dd68    0000011c     OneLib.a : sm_rsppairing.o (.text)
                  0000de84    0000011a     drivers_cc13x2.a : UART2.c.obj (.text.UART2_writeTimeoutNonblocking)
                  0000df9e    00000002     ti_drivers_config.o (.text.Board_initHook)
                  0000dfa0    00000118     drivers_cc13x2.a : PowerCC26X2.c.obj (.text.Power_init)
                  0000e0b8    00000118     rf_multiMode_cc13x2.a : RFCC26X2_multiMode.c.cc13x2.ticlang.o (.text.RF_decodeOverridePointers)
                  0000e1d0    00000114     OneLib.a : ll_common.o (.text)
                  0000e2e4    00000110     oad.o (.text.OAD_open)
                  0000e3f4    0000010c     drivers_cc13x2.a : ECDHCC26X2.c.obj (.text.ECDH_generatePublicKey)
                  0000e500    0000010c                      : NVSSPI25X.c.obj (.text.NVSSPI25X_open)
                  0000e60c    0000010c                      : PowerCC26X2_calibrateRCOSC.c.obj (.text.PowerCC26X2_calibrate)
                  0000e718    0000010a     OneLib.a : gatt_client.o (.text)
                  0000e822    00000002     ble_user_config.o (.text.DefaultAssertCback)
                  0000e824    00000108     drivers_cc13x2.a : NVSCC26XX.c.obj (.text.NVSCC26XX_write)
                  0000e92c    00000108     rf_multiMode_cc13x2.a : RFCC26X2_multiMode.c.cc13x2.ticlang.o (.text.RF_fsmPowerUpState)
                  0000ea34    00000104     drivers_cc13x2.a : GPIOCC26X2.c.obj (.text.GPIO_init)
                  0000eb38    00000104     led_service.o (.text.LED_Service_WriteAttrCB)
                  0000ec3c    00000104     drivers_cc13x2.a : UART2CC26X2.c.obj (.text.UART2CC26X2_initHw)
                  0000ed40    00000104     project_zero.o (.text.projectZero_eraseExternalFlash)
                  0000ee44    00000102     drivers_cc13x2.a : AESCTRDRBGXX.c.obj (.text.AESCTRDRBG_getRandomBytes)
                  0000ef46    00000102                      : SPICC26X2DMA.c.obj (.text.csnCallback)
                  0000f048    000000fe     OneLib.a : ll_scheduler.o (.text)
                  0000f146    00000002     rom_init.o (.text.MAP_HCI_CteRequestFailedEvent)
                  0000f148    000000fc     rf_multiMode_cc13x2.a : RFCC26X2_multiMode.c.cc13x2.ticlang.o (.text.RF_hwiCpe0Active)
                  0000f244    000000fc     OneLib.a : ll_isr.o (.text)
                  0000f340    000000fc     libclang_rt.builtins.a : muldf3.S.obj (.text)
                  0000f43c    000000f8     drivers_cc13x2.a : ADCCC26XX.c.obj (.text.ADCCC26XX_convertChain)
                  0000f534    000000f8                      : TRNGCC26XX.c.obj (.text.TRNG_getRandom)
                  0000f62c    000000f8     OneLib.a : ll_scheduler.o (.text)
                  0000f724    000000f8              : sm_rsppairing.o (.text)
                  0000f81c    000000f4     driverlib.lib : sys_ctrl.o (.text.NOROM_SysCtrlStandby)
                  0000f910    000000f0     drivers_cc13x2.a : UART2CC26X2.c.obj (.text.UART2Support_dmaStartRx)
                  0000fa00    000000f0     libc.a : fputs.c.obj (.text.fputs)
                  0000faf0    000000f0     OneLib.a : ll_ae.o (.text)
                  0000fbe0    000000ec              : gap_advertiser.o (.text)
                  0000fccc    000000ec              : ll_ae.o (.text)
                  0000fdb8    000000ec              : ll_common.o (.text)
                  0000fea4    000000ec              : ll_common.o (.text)
                  0000ff90    000000e8     drivers_cc13x2.a : AESCTRDRBGXX.c.obj (.text.AESCTRDRBG_construct)
                  00010078    000000e4                      : ADCCC26XX.c.obj (.text.ADCCC26XX_convert)
                  0001015c    000000e4     driverlib.lib : setup.o (.text.NOROM_SetupTrimDevice)
                  00010240    000000e4     ti_sysbios_config.o (.text.ti_sysbios_knl_Semaphore_pend)
                  00010324    000000e2     OneLib.a : gapgattserver.o (.text)
                  00010406    00000002     rom_init.o (.text.MAP_llClearPeriodicAdvSets)
                  00010408    000000e0     drivers_cc13x2.a : SPICC26X2DMA.c.obj (.text.SPICC26X2DMA_control)
                  000104e8    000000e0     ti_sysbios_config.o (.text.ti_sysbios_knl_Event_pend)
                  000105c8    000000e0     OneLib.a : ll_scheduler.o (.text)
                  000106a8    000000e0     StackWrapper.a : osal_timers.o (.text)
                  00010788    000000dc     rf_multiMode_cc13x2.a : RFCC26X2_multiMode.c.cc13x2.ticlang.o (.text.RF_control)
                  00010864    000000dc     drivers_cc13x2.a : NVSSPI25X.c.obj (.text.doErase)
                  00010940    000000dc     OneLib.a : ll_ae.o (.text)
                  00010a1c    000000d8     devinfoservice.o (.text.DevInfo_SetParameter)
                  00010af4    000000d8     libc.a : setvbuf.c.obj (.text.setvbuf)
                  00010bcc    000000d8     ti_sysbios_config.o (.text.ti_sysbios_family_arm_m3_Hwi_excFillContext)
                  00010ca4    000000d0     drivers_cc13x2.a : PowerCC26X2.c.obj (.text.configureXOSCHF)
                  00010d74    000000cc                      : AESCTRDRBGXX.c.obj (.text.AESCTRDRBG_reseed)
                  00010e40    000000cc     ti_sysbios_config.o (.text.ti_sysbios_knl_Clock_workFuncDynamic)
                  00010f0c    000000cc     OneLib.a : hci_event.o (.text)
                  00010fd8    000000cc     StackWrapper.a : osal.o (.text)
                  000110a4    000000ca     rf_multiMode_cc13x2.a : RFCC26X2_multiMode.c.cc13x2.ticlang.o (.text.RF_updatePaConfiguration)
                  0001116e    00000002     rom_init.o (.text.MAP_llClearPeriodicScanSets)
                  00011170    000000c8     button_service.o (.text.Button_Service_WriteAttrCB)
                  00011238    000000c8     led_service.o (.text.LED_Service_ReadAttrCB)
                  00011300    000000c8     OneLib.a : gap_scanner.o (.text)
                  000113c8    000000c8              : ll.o (.text)
                  00011490    000000c8              : ll_ae.o (.text)
                  00011558    000000c4     button_service.o (.text.Button_Service_ReadAttrCB)
                  0001161c    000000c4     driverlib.lib : setup.o (.text.TrimAfterColdResetWakeupFromShutDown)
                  000116e0    000000c4     OneLib.a : gapgattserver.o (.text)
                  000117a4    000000c4              : ll_ae.o (.text)
                  00011868    000000c0     led_service.o (.text.LedService_SetParameter)
                  00011928    000000c0     oad.o (.text.oadCreateFactoryImageBackup)
                  000119e8    000000c0     OneLib.a : ll.o (.text)
                  00011aa8    000000c0              : ll_isr.o (.text)
                  00011b68    000000c0              : ll_scheduler.o (.text)
                  00011c28    000000bc     rf_multiMode_cc13x2.a : RFCC26X2_multiMode.c.cc13x2.ticlang.o (.text.RF_swiHw)
                  00011ce4    000000bc     drivers_cc13x2.a : UART2CC26X2.c.obj (.text.UART2Support_dmaStartTx)
                  00011da0    000000bc     oad.o (.text.oadWriteAttrCB)
                  00011e5c    000000bc     OneLib.a : ble.o (.text)
                  00011f18    000000bc              : ll_ecc.o (.text)
                  00011fd4    000000b8     devinfoservice.o (.text.devInfo_ReadAttrCB)
                  0001208c    000000b8     ti_ble_config.o (.text.setBondManagerParameters)
                  00012144    000000b8     ti_sysbios_config.o (.text.ti_sysbios_knl_Task_Instance_finalize)
                  000121fc    000000b8     OneLib.a : ll.o (.text)
                  000122b4    000000b8              : ll_slave_end_causes.o (.text)
                  0001236c    000000b8     StackWrapper.a : gattservapp_util.o (.text)
                  00012424    000000b4     drivers_cc13x2.a : ECDHCC26X2.c.obj (.text.ECDHCC26X2_getKeyResult)
                  000124d8    000000b4     driverlib.lib : osc.o (.text.NOROM_OSCHF_AttemptToSwitchToXosc)
                  0001258c    000000b4     ti_sysbios_config.o (.text.PowerCC26XX_standbyPolicy)
                  00012640    000000b4     drivers_cc13x2.a : PowerCC26X2.c.obj (.text.Power_releaseDependency)
                  000126f4    000000b4     ti_sysbios_config.o (.text.ti_sysbios_knl_Task_setPri)
                  000127a8    000000b4     OneLib.a : gap_scanner.o (.text)
                  0001285c    000000b4     StackWrapper.a : gapbondmgr.o (.text)
                  00012910    000000b0     drivers_cc13x2.a : PowerCC26X2.c.obj (.text.Power_setDependency)
                  000129c0    000000b0     OneLib.a : ll_enc.o (.text)
                  00012a70    000000b0     StackWrapper.a : gapbondmgr.o (.text)
                  00012b20    000000b0                    : gattservapp_util.o (.text)
                  00012bd0    000000b0     libclang_rt.builtins.a : udivmoddi4.S.obj (.text)
                  00012c80    000000ac     rf_multiMode_cc13x2.a : RFCC26X2_multiMode.c.cc13x2.ticlang.o (.text.RF_pendCmd)
                  00012d2c    000000ac     StackWrapper.a : gapbondmgr.o (.text)
                  00012dd8    000000a8     OneLib.a : hci_data.o (.text)
                  00012e80    000000a8              : ll.o (.text)
                  00012f28    000000a8              : ll_common.o (.text)
                  00012fd0    000000a8     StackWrapper.a : osal_cbtimer.o (.text)
                  00013078    000000a4     drivers_cc13x2.a : AESCTRCC26XX.c.obj (.text.AESCTR_startOneStepOperation)
                  0001311c    000000a4     icall.o (.text.ICall_heapMalloc)
                  000131c0    000000a4     rf_multiMode_cc13x2.a : RFCC26X2_multiMode.c.cc13x2.ticlang.o (.text.RF_initRadioSetup)
                  00013264    000000a4     ti_sysbios_config.o (.text.ti_sysbios_knl_Task_Instance_init)
                  00013308    000000a4     OneLib.a : ll_ae.o (.text)
                  000133ac    000000a0     rf_multiMode_cc13x2.a : RFCC26X2_multiMode.c.cc13x2.ticlang.o (.text.RF_calculateDispatchTime)
                  0001344c    000000a0     OneLib.a : gattservapp.o (.text)
                  000134ec    000000a0              : ll_common.o (.text)
                  0001358c    000000a0              : ll_scheduler.o (.text)
                  0001362c    0000009e     drivers_cc13x2.a : SPICC26X2DMA.c.obj (.text.finishTransfer)
                  000136ca    00000002     rom_init.o (.text.MAP_llCoexInit)
                  000136cc    0000009c     project_zero.o (.text.ProjectZero_updatePHYStat)
                  00013768    0000009c     ti_sysbios_config.o (.text.ti_sysbios_knl_Mailbox_Instance_init)
                  00013804    0000009c     OneLib.a : ll_common.o (.text)
                  000138a0    0000009c              : ll_ecc.o (.text)
                  0001393c    00000098     nvocmp.o (.text.NVOCMP_erase)
                  000139d4    00000098     rf_multiMode_cc13x2.a : RFCC26X2_multiMode.c.cc13x2.ticlang.o (.text.RF_defaultSubmitPolicy)
                  00013a6c    00000098     OneLib.a : gattservapp.o (.text)
                  00013b04    00000098              : hci_event.o (.text)
                  00013b9c    00000096     rf_multiMode_cc13x2.a : RFCC26X2_multiMode.c.cc13x2.ticlang.o (.text.RF_verifyGap)
                  00013c32    00000002     rom_init.o (.text.MAP_llCoexSetParams)
                  00013c34    00000094     rf_multiMode_cc13x2.a : RFCC26X2_multiMode.c.cc13x2.ticlang.o (.text.RF_ratRestartChannels)
                  00013cc8    00000094     UartLog.o (.text.UartLog_log)
                  00013d5c    00000094     ti_sysbios_config.o (.text.ti_sysbios_knl_Clock_startI)
                  00013df0    00000094     ti_sysbios_config.o (.text.ti_sysbios_knl_Task_sleep)
                  00013e84    00000094     OneLib.a : gatt_server.o (.text)
                  00013f18    00000094              : ll.o (.text)
                  00013fac    00000094              : ll_common.o (.text)
                  00014040    00000094              : ll_scheduler.o (.text)
                  000140d4    00000092     drivers_cc13x2.a : SPICC26X2DMA.c.obj (.text.SPICC26X2DMA_transferCancel)
                  00014166    00000092     OneLib.a : gap_task.o (.text)
                  000141f8    00000090     drivers_cc13x2.a : GPIOCC26XX.c.obj (.text.GPIO_setConfigAndMux)
                  00014288    00000090     osal_icall_ble.o (.text.osalInitTasks)
                  00014318    00000090     OneLib.a : ll.o (.text)
                  000143a8    0000008c     drivers_cc13x2.a : TRNGCC26XX.c.obj (.text.TRNG_construct)
                  00014434    0000008c     project_zero.o (.text.buttonDebounceSwiFxn)
                  000144c0    0000008c     ti_sysbios_config.o (.text.ti_sysbios_knl_Clock_init)
                  0001454c    0000008c     ti_sysbios_config.o (.text.ti_sysbios_knl_Mailbox_post)
                  000145d8    0000008c     project_zero.o (.text.util_arrtohex)
                  00014664    0000008c     OneLib.a : ll_ae.o (.text)
                  000146f0    00000088     button_service.o (.text.ButtonService_AddService)
                  00014778    00000088     rf_multiMode_cc13x2.a : RFCC26X2_multiMode.c.cc13x2.ticlang.o (.text.RF_cmdDispatchTime)
                  00014800    00000088                           : RFCC26X2_multiMode.c.cc13x2.ticlang.o (.text.RF_discardPendCmd)
                  00014888    00000088     libc.a : fputc.c.obj (.text.fputc)
                  00014910    00000088     OneLib.a : ll_isr.o (.text)
                  00014998    00000088              : sm_rsppairing.o (.text)
                  00014a20    00000088     StackWrapper.a : osal_cbtimer.o (.text)
                  00014aa8    00000084     icall.o (.text.ICall_setTimer)
                  00014b2c    00000084     nvocmp.o (.text.NVOCMP_readHeader)
                  00014bb0    00000084     project_zero.o (.text.ProjectZero_sendParamUpdate)
                  00014c34    00000084     rf_multiMode_cc13x2.a : RFCC26X2_multiMode.c.cc13x2.ticlang.o (.text.RF_getInfo)
                  00014cb8    00000084     oad.o (.text.oadResetState)
                  00014d3c    00000082     OneLib.a : ll_ae.o (.text)
                  00014dbe    00000002     rom_init.o (.text.MAP_llCoexUpdateCounters)
                  00014dc0    00000080     drivers_cc13x2.a : AESCTRCC26XX.c.obj (.text.AESCTR_hwiFxn)
                  00014e40    00000080     data_service.o (.text.DataService_AddService)
                  00014ec0    00000080     driverlib.lib : sys_ctrl.o (.text.NOROM_SysCtrlSetRechargeBeforePowerDown)
                  00014f40    00000080     drivers_cc13x2.a : NVSSPI25X.c.obj (.text.NVSSPI25X_close)
                  00014fc0    00000080                      : UART2CC26X2.c.obj (.text.UART2Support_dmaStopTx)
                  00015040    00000080                      : NVSCC26XX.c.obj (.text.doErase)
                  000150c0    00000080     oad.o (.text.oadSendNotification)
                  00015140    00000080     ti_sysbios_config.o (.text.ti_sysbios_family_arm_m3_Hwi_initNVIC)
                  000151c0    00000080     ti_sysbios_config.o (.text.ti_sysbios_gates_GateMutexPri_enter)
                  00015240    00000080     OneLib.a : ll_enc.o (.text)
                  000152c0    0000007e     driverlib.lib : chipinfo.o (.text.NOROM_ChipInfo_GetChipType)
                  0001533e    0000007e     OneLib.a : gap_task.o (.text)
                  000153bc    0000007c     rf_multiMode_cc13x2.a : RFCC26X2_multiMode.c.cc13x2.ticlang.o (.text.RF_ratDisableChannel)
                  00015438    0000007c     drivers_cc13x2.a : NVSSPI25X.c.obj (.text.doRead)
                  000154b4    0000007c     icall.o (.text.icall_directAPI)
                  00015530    0000007c     ti_sysbios_config.o (.text.ti_sysbios_family_arm_m3_Hwi_postInit)
                  000155ac    0000007c     StackWrapper.a : gapbondmgr.o (.text)
                  00015628    0000007a     drivers_cc13x2.a : AESCTRDRBGXX.c.obj (.text.AESCTRDRBGXX_updateState)
                  000156a2    00000002     rom_init.o (.text.MAP_llDmmDynamicFree)
                  000156a4    00000078     icall.o (.text.ICall_heapInit)
                  0001571c    00000078     driverlib.lib : osc.o (.text.NOROM_OSCHF_SwitchToRcOscTurnOffXosc)
                  00015794    00000078                   : osc.o (.text.NOROM_OSC_CapArrayAdjustWorkaround_Boot)
                  0001580c    00000078     drivers_cc13x2.a : NVSCC26XX.c.obj (.text.NVSCC26XX_open)
                  00015884    00000078     rf_multiMode_cc13x2.a : RFCC26X2_multiMode.c.cc13x2.ticlang.o (.text.RF_ratFreeChannel)
                  000158fc    00000078     drivers_cc13x2.a : SPICC26X2DMA.c.obj (.text.SPICC26X2DMA_close)
                  00015974    00000078     ti_sysbios_config.o (.text.ti_sysbios_knl_Task_postInit)
                  000159ec    00000078     OneLib.a : l2cap_task.o (.text)
                  00015a64    00000078              : ll_common.o (.text)
                  00015adc    00000078     StackWrapper.a : osal_bufmgr.o (.text)
                  00015b54    00000078                    : osal_cbtimer.o (.text)
                  00015bcc    00000076     OneLib.a : gattservapp.o (.text)
                  00015c42    00000076              : ll_common.o (.text)
                  00015cb8    00000076     StackWrapper.a : gap.o (.text)
                  00015d2e    00000002     rom_init.o (.text.MAP_llDmmSetThreshold)
                  00015d30    00000074     nvocmp.o (.text.NVOCMP_readItemApi)
                  00015da4    00000074     drivers_cc13x2.a : PowerCC26X2_calibrateRCOSC_helpers.c.obj (.text.PowerCC26X2_updateSubSecInc)
                  00015e18    00000074     rf_multiMode_cc13x2.a : RFCC26X2_multiMode.c.cc13x2.ticlang.o (.text.RF_hwiHw)
                  00015e8c    00000074     libc.a : fclose.c.obj (.text.__TI_closefile)
                  00015f00    00000074     ti_sysbios_config.o (.text.ti_sysbios_knl_Swi_restoreHwi)
                  00015f74    00000074     ti_sysbios_config.o (.text.ti_sysbios_knl_Task_startup)
                  00015fe8    00000074     OneLib.a : gap_linkmgr.o (.text)
                  0001605c    00000074              : ll.o (.text)
                  000160d0    00000074              : ll_common.o (.text)
                  00016144    00000074              : ll_common.o (.text)
                  000161b8    00000074              : ll_enc.o (.text)
                  0001622c    00000070     drivers_cc13x2.a : AESCCMCC26XX.c.obj (.text.AESCCM_cleanup)
                  0001629c    00000070                      : AESCTRCC26XX.c.obj (.text.AESCTR_construct)
                  0001630c    00000070                      : AESECBCC26XX.c.obj (.text.AESECB_construct)
                  0001637c    00000070     icall_cc2650.o (.text.ICallPlatform_pwrUpdActivityCounter)
                  000163ec    00000070     icall.o (.text.ICall_createRemoteTasksAtRuntime)
                  0001645c    00000070     ti_sysbios_config.o (.text.ti_sysbios_family_arm_m3_Hwi_Instance_init)
                  000164cc    00000070     ti_sysbios_config.o (.text.ti_sysbios_runtime_System_formatNum)
                  0001653c    00000070     OneLib.a : gatt_server.o (.text)
                  000165ac    00000070              : ll_ae.o (.text)
                  0001661c    00000070              : ll_common.o (.text)
                  0001668c    00000070              : ll_common.o (.text)
                  000166fc    00000070              : ll_enc.o (.text)
                  0001676c    00000070              : sm_rsppairing.o (.text)
                  000167dc    00000070     StackWrapper.a : osal.o (.text)
                  0001684c    0000006e     libclang_rt.builtins.a : comparedf2.c.obj (.text.__gedf2)
                  000168ba    00000002     rom_init.o (.text.MAP_llHealthUpdate)
                  000168bc    0000006e     libclang_rt.builtins.a : comparedf2.c.obj (.text.__ledf2)
                  0001692a    00000002     rom_init.o (.text.MAP_llMaster_TaskEnd)
                  0001692c    0000006c     drivers_cc13x2.a : AESECBCC26XX.c.obj (.text.AESECB_hwiFxn)
                  00016998    0000006c     project_zero.o (.text.GPIO_Board_keyCallback)
                  00016a04    0000006c     icall.o (.text.ICall_wait)
                  00016a70    0000006c     nvocmp.o (.text.NVOCMP_eraseNvApi)
                  00016adc    0000006c     nvocmp.o (.text.NVOCMP_writeItemApi)
                  00016b48    0000006c     rf_multiMode_cc13x2.a : RFCC26X2_multiMode.c.cc13x2.ticlang.o (.text.RF_issueRadioFreeCb)
                  00016bb4    0000006c     drivers_cc13x2.a : Random.c.obj (.text.Random_seedAutomatic)
                  00016c20    0000006c                      : PowerCC26X2.c.obj (.text.oscillatorISR)
                  00016c8c    0000006c     ti_sysbios_config.o (.text.ti_sysbios_family_arm_m3_Hwi_dispatchC)
                  00016cf8    0000006c     OneLib.a : gatt_server.o (.text)
                  00016d64    0000006c              : ll_isr.o (.text)
                  00016dd0    0000006c     StackWrapper.a : osal_cbtimer.o (.text)
                  00016e3c    0000006a     nvocmp.o (.text.NVOCMP_verifyCRC)
                  00016ea6    0000006a     libc.a : copy_decompress_lzss.c.obj (.text:decompress:lzss)
                  00016f10    00000068     icall.o (.text.ICall_enrollService)
                  00016f78    00000068     icall.o (.text.ICall_send)
                  00016fe0    00000068     icall.o (.text.ICall_sendServiceComplete)
                  00017048    00000068     project_zero.o (.text.ProjectZero_ButtonService_CfgChangeCB)
                  000170b0    00000068     project_zero.o (.text.ProjectZero_DataService_CfgChangeCB)
                  00017118    00000068     project_zero.o (.text.ProjectZero_DataService_ValueChangeCB)
                  00017180    00000068     project_zero.o (.text.ProjectZero_LedService_ValueChangeCB)
                  000171e8    00000068     rf_multiMode_cc13x2.a : RFCC26X2_multiMode.c.cc13x2.ticlang.o (.text.RF_detachOverrides)
                  00017250    00000068     drivers_cc13x2.a : UART2CC26X2.c.obj (.text.UART2Support_dmaStopRx)
                  000172b8    00000068     libc.a : fseek.c.obj (.text.fseeko)
                  00017320    00000068            : getdevice.c.obj (.text.getdevice)
                  00017388    00000068     ti_sysbios_config.o (.text.ti_sysbios_knl_Event_post)
                  000173f0    00000068     ti_sysbios_config.o (.text.ti_sysbios_knl_Swi_run)
                  00017458    00000068     OneLib.a : gap_task.o (.text)
                  000174c0    00000068              : ll.o (.text)
                  00017528    00000068              : ll_ae.o (.text)
                  00017590    00000068              : ll_common.o (.text)
                  000175f8    00000068     StackWrapper.a : osal_timers.o (.text)
                  00017660    00000066                    : icall_lite_translation.o (.text)
                  000176c6    00000002     rom_init.o (.text.MAP_llPeriodicAdv_PostProcess)
                  000176c8    00000064     drivers_cc13x2.a : AESCCMCC26XX.c.obj (.text.AESCCM_hwiFxn)
                  0001772c    00000064     libsysbm.a : hostrename.c.obj (.text.HOSTrename)
                  00017790    00000064     drivers_cc13x2.a : PowerCC26X2_calibrateRCOSC.c.obj (.text.PowerCC26X2_initiateCalibration)
                  000177f4    00000064     rf_multiMode_cc13x2.a : RFCC26X2_multiMode.c.cc13x2.ticlang.o (.text.RF_attachOverrides)
                  00017858    00000064                           : RFCC26X2_multiMode.c.cc13x2.ticlang.o (.text.RF_dispatchNextEvent)
                  000178bc    00000064                           : RFCC26X2_multiMode.c.cc13x2.ticlang.o (.text.RF_hwiCpe0PowerFsm)
                  00017920    00000064     drivers_cc13x2.a : UDMACC26XX.c.obj (.text.UDMACC26XX_open)
                  00017984    00000064     oad.o (.text.oadFindCurrentImageHdr)
                  000179e8    00000064     oad.o (.text.oadValidateCandidateHdr)
                  00017a4c    00000064     ti_sysbios_config.o (.text.ti_sysbios_gates_GateMutexPri_leave)
                  00017ab0    00000064     ti_sysbios_config.o (.text.ti_sysbios_knl_Idle_init)
                  00017b14    00000064     ti_sysbios_config.o (.text.ti_sysbios_knl_TaskSupport_buildTaskStack)
                  00017b78    00000064     OneLib.a : gapgattserver.o (.text)
                  00017bdc    00000064              : gattservapp.o (.text)
                  00017c40    00000064              : gattservapp.o (.text)
                  00017ca4    00000064              : ll_common.o (.text)
                  00017d08    00000064              : ll_isr.o (.text)
                  00017d6c    00000064              : ll_scheduler.o (.text)
                  00017dd0    00000062     rf_multiMode_cc13x2.a : RFCC26X2_multiMode.c.cc13x2.ticlang.o (.text.RF_syncCb)
                  00017e32    00000002     rom_init.o (.text.MAP_llProcessPeriodicScanRxFIFO)
                  00017e34    00000062     libclang_rt.builtins.a : aeabi_dcmp.S.obj (.text)
                  00017e96    00000002     rom_init.o (.text.MAP_llSetPeriodicSyncInfo)
                  00017e98    00000060     drivers_cc13x2.a : CryptoResourceCC26XX.c.obj (.text.CryptoResourceCC26XX_constructRTOSObjects)
                  00017ef8    00000060     nvocmp.o (.text.NVOCMP_checkItem)
                  00017f58    00000060     drivers_cc13x2.a : PKAResourceCC26XX.c.obj (.text.PKAResourceCC26XX_constructRTOSObjects)
                  00017fb8    00000060     libc.a : _io_perm.c.obj (.text.__TI_wrt_ok)
                  00018018    00000060     libsysbm.a : close.c.obj (.text.close)
                  00018078    00000060     libc.a : printf.c.obj (.text.printf)
                  000180d8    00000060     osal_icall_ble.o (.text.stack_main)
                  00018138    00000060     ti_sysbios_config.o (.text.ti_sysbios_knl_Clock_walkQueueDynamic)
                  00018198    00000060     ti_sysbios_config.o (.text.ti_sysbios_knl_Semaphore_post)
                  000181f8    00000060     ti_sysbios_config.o (.text.ti_sysbios_knl_Swi_schedule)
                  00018258    00000060     OneLib.a : ll_common.o (.text)
                  000182b8    00000060              : sm_pairing.o (.text)
                  00018318    00000060     StackWrapper.a : gapbondmgr.o (.text)
                  00018378    0000005e     rf_multiMode_cc13x2.a : rfc.c.cc13x2.ticlang.o (.text.NOROM_RFCAnaDivTxOverride)
                  000183d6    0000005e     OneLib.a : ll_common.o (.text)
                  00018434    0000005c     drivers_cc13x2.a : ADCCC26XX.c.obj (.text.ADCCC26XX_open)
                  00018490    0000005c                      : NVSSPI25X.c.obj (.text.NVSSPI25X_control)
                  000184ec    0000005c                      : TRNGCC26XX.c.obj (.text.TRNGCC26XX_startTrng)
                  00018548    0000005c                      : NVSSPI25X.c.obj (.text.extFlashWaitReady)
                  000185a4    0000005c     OneLib.a : gap_perilinkmgr.o (.text)
                  00018600    0000005c              : ll_scheduler.o (.text)
                  0001865c    0000005c              : sm_intpairing.o (.text)
                  000186b8    0000005c              : sm_rsppairing.o (.text)
                  00018714    0000005c     StackWrapper.a : gapbondmgr.o (.text)
                  00018770    00000058     drivers_cc13x2.a : ADCCC26XX.c.obj (.text.ADCCC26XX_convertToMicroVolts)
                  000187c8    00000058     button_service.o (.text.ButtonService_RegisterAppCBs)
                  00018820    00000058     data_service.o (.text.DataService_RegisterAppCBs)
                  00018878    00000058     drivers_cc13x2.a : ECDHCC26X2.c.obj (.text.ECDH_construct)
                  000188d0    00000058     icall.o (.text.HEAPMGR_GETLARGESTFREEBUF)
                  00018928    00000058     libsysbm.a : hostlseek.c.obj (.text.HOSTlseek)
                  00018980    00000058                : hostopen.c.obj (.text.HOSTopen)
                  000189d8    00000058     icall.o (.text.ICall_fetchMsg)
                  00018a30    00000058     rf_multiMode_cc13x2.a : RFCC26X2_multiMode.c.cc13x2.ticlang.o (.text.RF_applyRfCorePatch)
                  00018a88    00000058     drivers_cc13x2.a : TRNGCC26XX.c.obj (.text.TRNG_init)
                  00018ae0    00000058                      : NVSSPI25X.c.obj (.text.doWriteVerify)
                  00018b38    00000058     main.o (.text.main)
                  00018b90    00000058     sysbios.a : Hwi_asm_switch_gcc.s.obj (.text.ti_sysbios_family_arm_m3_Hwi_initStacks)
                  00018be8    00000058     OneLib.a : gap_scanner.o (.text)
                  00018c40    00000058              : ll_ae.o (.text)
                  00018c98    00000058              : ll_common.o (.text)
                  00018cf0    00000058              : ll_enc.o (.text)
                  00018d48    00000058              : ll_isr.o (.text)
                  00018da0    00000058              : sm_pairing.o (.text)
                  00018df8    00000058     StackWrapper.a : sm_ecc.o (.text)
                  00018e50    00000056     drivers_cc13x2.a : StructRingBuf.c.obj (.text.StructRingBuf_put)
                  00018ea6    00000056     ti_sysbios_config.o (.text.ti_sysbios_knl_Mailbox_pend)
                  00018efc    00000056     StackWrapper.a : gapbondmgr.o (.text)
                  00018f52    00000002     rom_init.o (.text.MAP_llTerminatePeriodicScan)
                  00018f54    00000054     drivers_cc13x2.a : AESCCMCC26XX.c.obj (.text.AESCCM_construct)
                  00018fa8    00000054     libsysbm.a : hostread.c.obj (.text.HOSTread)
                  00018ffc    00000054                : hostwrite.c.obj (.text.HOSTwrite)
                  00019050    00000054     icall.o (.text.ICall_registerApp)
                  000190a4    00000054     led_service.o (.text.LedService_RegisterAppCBs)
                  000190f8    00000054     nvocmp.o (.text.NVOCMP_compactNvApi)
                  0001914c    00000054     nvocmp.o (.text.NVOCMP_getDstPage)
                  000191a0    00000054     rf_multiMode_cc13x2.a : RFCC26X2_multiMode.c.cc13x2.ticlang.o (.text.RF_getCurrentTime)
                  000191f4    00000054     util.o (.text.Util_constructClock)
                  00019248    00000054     drivers_cc13x2.a : NVSSPI25X.c.obj (.text.extFlashSpiWrite)
                  0001929c    00000054     ti_sysbios_config.o (.text.mq_send)
                  000192f0    00000054     OneLib.a : gattservapp.o (.text)
                  00019344    00000054              : hci_event.o (.text)
                  00019398    00000054              : linkdb.o (.text)
                  000193ec    00000054              : ll.o (.text)
                  00019440    00000054              : ll_ae.o (.text)
                  00019494    00000054              : ll_ae.o (.text)
                  000194e8    00000054              : ll_ae.o (.text)
                  0001953c    00000052     driverlib.lib : chipinfo.o (.text.NOROM_ChipInfo_GetHwRevision)
                  0001958e    00000052     OneLib.a : gap_centlinkmgr.o (.text)
                  000195e0    00000050     ti_drivers_config.o (.text.Board_shutDownExtFlash)
                  00019630    00000050     led_service.o (.text.LedService_AddService)
                  00019680    00000050     nvocmp.o (.text.NVOCMP_loadApiPtrsMin)
                  000196d0    00000050     drivers_cc13x2.a : NVSSPI25X.c.obj (.text.NVSSPI25X_read)
                  00019720    00000050     rf_multiMode_cc13x2.a : RFCC26X2_multiMode.c.cc13x2.ticlang.o (.text.RF_wakeupNotification)
                  00019770    00000050     ti_sysbios_config.o (.text.ti_sysbios_knl_Swi_post)
                  000197c0    00000050     ti_sysbios_config.o (.text.ti_sysbios_knl_Swi_runLoop)
                  00019810    00000050     ti_sysbios_config.o (.text.ti_sysbios_knl_Task_schedule)
                  00019860    00000050     OneLib.a : gap_perilinkmgr.o (.text)
                  000198b0    00000050              : gattservapp.o (.text)
                  00019900    00000050              : hci_tl.o (.text)
                  00019950    00000050              : ll_common.o (.text)
                  000199a0    00000050              : ll_enc.o (.text)
                  000199f0    00000050     StackWrapper.a : osal.o (.text)
                  00019a40    00000050                    : osal_clock.o (.text)
                  00019a90    0000004e     drivers_cc13x2.a : AESECBCC26XX.c.obj (.text.AESECB_startOperation)
                  00019ade    0000004e     ti_drivers_config.o (.text.Board_sendExtFlashByte)
                  00019b2c    0000004e     nvocmp.o (.text.NVOCMP_readItem)
                  00019b7a    0000004e     libc.a : fflush.c.obj (.text.__TI_doflush)
                  00019bc8    0000004e     StackWrapper.a : gap.o (.text)
                  00019c16    00000002     rom_init.o (.text.MAP_llUpdateCteState)
                  00019c18    0000004c     ti_sysbios_config.o (.text.BIOS_startFunc)
                  00019c64    0000004c     button_service.o (.text.Button_Service_findCharParamId)
                  00019cb0    0000004c     drivers_cc13x2.a : CryptoUtils.c.obj (.text.CryptoUtils_reverseCopyPad)
                  00019cfc    0000004c     data_service.o (.text.Data_Service_findCharParamId)
                  00019d48    0000004c     icall.o (.text.ICall_newTask)
                  00019d94    0000004c     led_service.o (.text.LED_Service_findCharParamId)
                  00019de0    0000004c     driverlib.lib : osc.o (.text.NOROM_OSC_HPOSCRelativeFrequencyOffsetGet)
                  00019e2c    0000004c     nvocmp.o (.text.NVOCMP_setItemInactive)
                  00019e78    0000004c     drivers_cc13x2.a : NVSCC26XX.c.obj (.text.NVSCC26XX_init)
                  00019ec4    0000004c                      : NVSCC26XX.c.obj (.text.NVSCC26XX_read)
                  00019f10    0000004c     rf_multiMode_cc13x2.a : RFCC26X2_multiMode.c.cc13x2.ticlang.o (.text.RF_fsmXOSCState)
                  00019f5c    0000004c     drivers_cc13x2.a : StructRingBuf.c.obj (.text.StructRingBuf_get)
                  00019fa8    0000004c     rf_multiMode_cc13x2.a : rf_patch_cpe_bt5.c.cc13x2.ticlang.o (.text.configureBt5Patch)
                  00019ff4    0000004c     drivers_cc13x2.a : SPICC26X2DMA.c.obj (.text.initHw)
                  0001a040    0000004c                      : PowerCC26X2.c.obj (.text.switchXOSCHF)
                  0001a08c    0000004c     ti_sysbios_config.o (.text.ti_sysbios_knl_Swi_Instance_init)
                  0001a0d8    0000004c     ti_sysbios_config.o (.text.ti_sysbios_runtime_Startup_exec)
                  0001a124    0000004c     OneLib.a : ble.o (.text)
                  0001a170    0000004c              : ll_common.o (.text)
                  0001a1bc    0000004c              : ll_scheduler.o (.text)
                  0001a208    0000004c              : ll_scheduler.o (.text)
                  0001a254    0000004c     StackWrapper.a : gattservapp_util.o (.text)
                  0001a2a0    00000048     rom_init.o (.text.MAP_llInitFeatureSet)
                  0001a2e8    00000048     driverlib.lib : aux_sysif.o (.text.NOROM_AUXSYSIFOpModeChange)
                  0001a330    00000048     rf_multiMode_cc13x2.a : rfc.c.cc13x2.ticlang.o (.text.NOROM_RFCSynthPowerDown)
                  0001a378    00000048     drivers_cc13x2.a : NVS.c.obj (.text.NVS_open)
                  0001a3c0    00000048                      : PowerCC26X2.c.obj (.text.PowerCC26XX_switchXOSC_HF)
                  0001a408    00000048     ti_sysbios_config.o (.text.ti_sysbios_family_arm_cc26xx_Timer_start)
                  0001a450    00000048     OneLib.a : att_util.o (.text)
                  0001a498    00000048              : gattservapp.o (.text)
                  0001a4e0    00000048              : ll.o (.text)
                  0001a528    00000048              : ll.o (.text)
                  0001a570    00000048              : ll_common.o (.text)
                  0001a5b8    00000048              : ll_common.o (.text)
                  0001a600    00000048     libclang_rt.builtins.a : fixdfsi.S.obj (.text)
                  0001a648    00000046     drivers_cc13x2.a : RingBuf.c.obj (.text.RingBuf_put)
                  0001a68e    00000002     rom_init.o (.text.MAP_llUpdatePeriodicAdvChainPacket)
                  0001a690    00000044     drivers_cc13x2.a : ADC.c.obj (.text.ADC_init)
                  0001a6d4    00000044     ti_sysbios_config.o (.text.BIOS_atExitFunc)
                  0001a718    00000044     drivers_cc13x2.a : GPIOCC26X2.c.obj (.text.GPIO_hwiIntFxn)
                  0001a75c    00000044     libsysbm.a : hostunlink.c.obj (.text.HOSTunlink)
                  0001a7a0    00000044     icall.o (.text.ICall_getEntityId)
                  0001a7e4    00000044     driverlib.lib : prcm.o (.text.NOROM_PRCMPowerDomainsAllOff)
                  0001a828    00000044                   : prcm.o (.text.NOROM_PRCMPowerDomainsAllOn)
                  0001a86c    00000044     project_zero.o (.text.ProjectZero_clearConnListEntry)
                  0001a8b0    00000044     rf_multiMode_cc13x2.a : RFCC26X2_multiMode.c.cc13x2.ticlang.o (.text.RF_cmdGet)
                  0001a8f4    00000044                           : RFCC26X2_multiMode.c.cc13x2.ticlang.o (.text.RF_updatePowerupDuration)
                  0001a938    00000044     drivers_cc13x2.a : SPI.c.obj (.text.SPI_init)
                  0001a97c    00000044     oad.o (.text.oadEnqueueMsg)
                  0001a9c0    00000044     ti_sysbios_config.o (.text.ti_sysbios_family_arm_m3_Hwi_Instance_finalize)
                  0001aa04    00000044     ti_sysbios_config.o (.text.ti_sysbios_family_arm_m3_Hwi_construct2)
                  0001aa48    00000044     ti_sysbios_config.o (.text.ti_sysbios_family_arm_m3_Hwi_disableInterrupt)
                  0001aa8c    00000044     ti_sysbios_config.o (.text.ti_sysbios_family_arm_m3_Hwi_enableInterrupt)
                  0001aad0    00000044     ti_sysbios_config.o (.text.ti_sysbios_knl_Swi_restore)
                  0001ab14    00000044     OneLib.a : ll.o (.text)
                  0001ab58    00000044              : ll.o (.text)
                  0001ab9c    00000044              : ll_ae.o (.text)
                  0001abe0    00000044     StackWrapper.a : osal.o (.text)
                  0001ac24    00000044                    : osal_timers.o (.text)
                  0001ac68    00000044     libclang_rt.builtins.a : fixunsdfsi.S.obj (.text)
                  0001acac    00000042     OneLib.a : ll.o (.text)
                  0001acee    00000042              : ll_ae.o (.text)
                  0001ad30    00000042              : ll_common.o (.text)
                  0001ad72    00000002     rf_multiMode_cc13x2.a : rfc.c.cc13x2.ticlang.o (.text.NOROM_RFCCpePatchReset)
                  0001ad74    00000040     drivers_cc13x2.a : ADCCC26XX.c.obj (.text.ADCCC26XX_close)
                  0001adb4    00000040                      : ADC.c.obj (.text.ADC_open)
                  0001adf4    00000040                      : AESCTRDRBGXX.c.obj (.text.AESCTRDRBGXX_addBigendCounter)
                  0001ae34    00000040                      : ECDHCC26X2.c.obj (.text.ECDHCC26X2_waitForResult)
                  0001ae74    00000040     icall.o (.text.ICall_setTimerMSecs)
                  0001aeb4    00000040     drivers_cc13x2.a : PowerCC26X2_calibrateRCOSC.c.obj (.text.PowerCC26X2_RCOSC_clockFunc)
                  0001aef4    00000040                      : PowerCC26X2_calibrateRCOSC_helpers.c.obj (.text.PowerCC26X2_setAclkRefSrc)
                  0001af34    00000040                      : SPI.c.obj (.text.SPI_open)
                  0001af74    00000040     util.o (.text.Util_rescheduleClock)
                  0001afb4    00000040     drivers_cc13x2.a : NVSCC26XX.c.obj (.text.disableFlashCache)
                  0001aff4    00000040     ti_sysbios_config.o (.text.ti_sysbios_knl_Clock_getTicksUntilInterrupt)
                  0001b034    00000040     ti_sysbios_config.o (.text.ti_sysbios_knl_Mailbox_create)
                  0001b074    00000040     ti_sysbios_config.o (.text.ti_sysbios_knl_Task_exit)
                  0001b0b4    00000040     OneLib.a : gap_configmgr.o (.text)
                  0001b0f4    00000040              : gattservapp.o (.text)
                  0001b134    00000040              : ll_common.o (.text)
                  0001b174    00000040              : ll_common.o (.text)
                  0001b1b4    00000040              : sm_intpairing.o (.text)
                  0001b1f4    00000040     StackWrapper.a : osal.o (.text)
                  0001b234    00000040                    : osal_bufmgr.o (.text)
                  0001b274    00000040                    : osal_bufmgr.o (.text)
                  0001b2b4    00000040                    : osal_timers.o (.text)
                  0001b2f4    0000003e     OneLib.a : ll_common.o (.text)
                  0001b332    00000002     drivers_cc13x2.a : NVSSPI25X.c.obj (.text.NVSSPI25X_deinitSpiCs)
                  0001b334    0000003c                      : GPIO.c.obj (.text.GPIO_resetConfig)
[...]
20000fca  curTxPowerVal                                                      
20000fcb  maxTxPwrForDTM                                                     
20000fcc  onePktPerEvt                                                       
20000fcd  numComplPkts                                                       
20000fce  numComplPktsLimit                                                  
20000fcf  numComplPktsFlush                                                  
20000fd0  fastTxRespTime                                                     
20000fd1  slOverride                                                         
20000fd2  rxFifoFlowCtrl                                                     
20000fd3  numTxDataBufs                                                      
20000fd4  maxNumConns                                                        
20000fd5  aeCurHandle                                                        
20000fd6  aeCurAdvEnableHandle                                               
20000fd7  aeCurConnHandle                                                    
20000fd8  extScanIndex                                                       
20000fd9  extInitIndex                                                       
20000fda  scanState                                                          
20000fdb  lastPrimPhy                                                        
20000fdc  lastScanRsp                                                        
20000fdd  smTaskID                                                           
20000fde  SM_appExpectingKey                                                 
20001b00  PowerCC26X2_module                                                 
20001b00  ramStartHere                                                       
20001e98  _ftable                                                            
20002058  gapAttrTbl                                                         
20002188  gpioPinConfigs                                                     
20002204  ICall_dispatcher                                                   
20002374  _device                                                            
200024c8  BIOS_Module_state                                                  
200024f4  ti_sysbios_family_arm_m3_Hwi_Module_state                          
20002530  ti_sysbios_runtime_Startup_done                                    
20002533  ti_sysbios_knl_Idle_initDone                                       
20002534  ti_sysbios_runtime_Memory_defaultHeapInstance                      
2000254c  ti_sysbios_runtime_Error_ignore                                    
20002558  ti_sysbios_family_arm_cc26xx_Timer_Module_state                    
20002564  ti_sysbios_runtime_System_Module_state                             
20002570  ti_sysbios_knl_Swi_Module_state                                    
20002598  ti_sysbios_knl_Clock_Module_state                                  
20002664  llUserConfig                                                       
200027dc  pOverrides_bleCommon                                               
20002880  _stream                                                            
200028d0  txPowerTable_2400_pa5                                              
20002920  gattAttrTbl                                                        
20002960  sm_eccKeys_sc_host_debug                                           
200029a0  nvintfFncStruct                                                    
200029dc  ti_sysbios_knl_Task_Module_state                                   
20002ac2  metaPage                                                           
20002b0e  bleUserCfg_maxPduSize                                              
20002b5e  disconnectImmedConnId                                              
20002b60  eccParams_NISTP256                                                 
20002ba4  advParams1                                                         
20002bc0  pOverrides_ble2Mbps                                                
20002bdc  pOverrides_ble1Mbps                                                
20002bf4  attDeviceName                                                      
20002c0a  llUserConfig_maxPduSize                                            
20002c24  ICall_enterCriticalSection                                         
20002c28  ICall_leaveCriticalSection                                         
20002c2c  heapmgrMemFreeTotal                                                
20002c48  scanResData1                                                       
20002c5a  advData1                                                           
20002c6b  PKAResourceCC26XX_pollingFlag                                      
20002c6c  RF_modeBle                                                         
20002c7c  _hposcCoeffs                                                       
20002c8c  bleAppServiceInfoTable                                             
20002c9c  pOverrides_bleCoded                                                
20002cac  user0Cfg                                                           
20002cbc  gattAttrTbl_gatt_no_service_changed                                
20002ccc  sizeInfo                                                           
20002cdc  pairMode                                                           
20002cdd  mitm                                                               
20002cde  ioCap                                                              
20002cdf  bonding                                                            
20002ce0  secureConnection                                                   
20002ce1  authenPairingOnly                                                  
20002ce2  autoSyncWL                                                         
20002ce3  eccReGenPolicy                                                     
20002ce4  KeySize                                                            
20002ce5  removeLRUBond                                                      
20002ce6  KeyDistList                                                        
20002ce7  eccDebugKeys                                                       
20002ce8  allowDebugKeys                                                     
20002ce9  eraseBondWhileInConn                                               
20002cea  sameIrkAction                                                      
20002cec  uartLog_tail                                                       
20002ced  uartLog_head                                                       
20002cee  uartLog_evBufIsEmpty                                               
20002cf0  uartLog_evtNum                                                     
20002d20  __TI_cleanup_ptr                                                   
20002d24  __TI_dtors_ptr                                                     
20002d30  RFCC26XX_schedulerPolicy                                           
20002d38  ti_sysbios_gates_GateMutexPri_Module_state                         
20002d40  ti_sysbios_gates_GateMutex_Module_state                            
20002d48  ti_sysbios_heaps_HeapCallback_Module_state                         
20002d50  ti_sysbios_knl_Event_state                                         
20002d58  ti_sysbios_knl_Mailbox_Module_state                                
20002d60  ti_sysbios_knl_Semaphore_Module_state                              
20002d68  periConnParameters                                                 
20002d70  clientCbs                                                          
20002d80  __TI_ft_end                                                        
20002d84  __aeabi_errno                                                      
20002d88  _lock                                                              
20002d8c  _unlock                                                            
20002d90  appAssertCback                                                     
20002d94  icallServiceTblPtr                                                 
20002d9c  pRandomAddress                                                     
20002da0  pRfErrCb                                                           
20002da4  pfnBMAlloc                                                         
20002da8  pfnBMFree                                                          
20002dac  patchedSlaveCtrlPktList                                            
20002db0  halAssertCback                                                     
20002db4  baseTaskID                                                         
20002dd2  deviceNameCharProps                                                
20002dd3  appearanceCharProps                                                
20002dd4  periConnParamCharProps                                             
20002dd5  centAddrResCharProps                                               
20002dd6  centAddrRes                                                        
20002dd7  resolvablePrivateAddressOnlyCharProps                              
20002dd8  GATTServApp_gatt_no_service_changed                                
20002dda  qosDefaultPriorityConnParameter                                    
20002ddb  extScanChanMap                                                     
20002ddc  sizeOfAllExtConnParam                                              
20002ddd  rfRatHandle                                                        
20002dde  smAllowDebugKeysMode                                               
20002ddf  gapEndAppTaskID                                                    
20002de0  gapAppTaskID                                                       
20002de1  legacyMode                                                         
20002de8  appTaskStack                                                       
200035e8  uartLog_evBuf                                                      
20003ae8  ti_sysbios_knl_Idle_taskStack                                      
200040a8  uart2CC26X2Objects                                                 
20004218  _CIOBUF_                                                           
20004218  __CIOBUF_                                                          
20004338  rfObject                                                           
20004438  crcBuf                                                             
20004538  spiCC26X2DMAObjects                                                
20004638  ti_sysbios_family_arm_m3_Hwi_dispatchTable                         
20004710  uartLog_outBuf                                                     
200047bc  aesctrdrbgXXObjects                                                
20004860  __TI_tmpnams                                                       
2000498d  scanResToDiscard                                                   
2000498e  appearance                                                         
20004990  trngCC26XXObjects                                                  
20004a14  gpioCallbackFunctions                                              
20004a90  gpioUserArgs                                                       
20004b0c  cbTimers                                                           
20004bf0  ti_sysbios_knl_ClockSupport_timerStruct                            
20004c50  pzTask                                                             
20004ca8  ti_sysbios_knl_Idle_taskStruct                                     
20004d50  CryptoResourceCC26XX_accessSemaphore                               
20004da0  CryptoResourceCC26XX_operationSemaphore                            
20004df0  PKAResourceCC26XX_accessSemaphore                                  
20004e40  PKAResourceCC26XX_operationSemaphore                               
20004f94  nvFptrs                                                            
20004fd0  ti_sysbios_knl_Swi_readyQs                                         
20005000  ti_sysbios_knl_Task_readyQs                                        
20005030  NVOCMP_nvHandle                                                    
2000505e  maximumPduSize                                                     
20005088  aesecbCC26XXObjects                                                
200050b0  llCteSamples                                                       
20005114  req                                                                
20005134  gapBond_remoteOobData                                              
20005154  gapBond_localOobData                                               
20005174  ecdhCC26X2Objects                                                  
20005194  ti_sysbios_runtime_System_atexitHandlers                           
200051b4  udmaCC26XXObject                                                   
200051f0  BIOS_heapCallbackObject                                            
2000520c  BIOS_rtsGate                                                       
20005228  CryptoResourceCC26XX_hwi                                           
20005244  PKAResourceCC26XX_hwi                                              
20005260  deviceName                                                         
20005278  aesccmCC26XXObjects                                                
200052a4  rfMode                                                             
200052b4  llCteTest                                                          
200052c0  cteAntennaProp                                                     
200052cc  llTaskList                                                         
200052d8  nvsSPI25XObjects                                                   
200052e4  defaultChannelMap                                                  
200052ec  secondaryAdvChannelMap                                             
200052f4  llRfCmdPreemption                                                  
20005304  parmbuf                                                            
20005320  ggs_AppCBs                                                         
20005324  pClientSecCBs                                                      
2000532c  BDAddrPerConnHandle                                                
20005330  llCte                                                              
20005334  llConnExtParam                                                     
20005338  extStackSettings                                                   
2000533c  trngHandle                                                         
20005340  LSTORecoveryArr                                                    
20005344  pNextAdvSet                                                        
20005348  llCurrentMappedChan                                                
2000534c  drbgHandle                                                         
20005350  pRpaCfg                                                            
20005354  gapBond_lruBondList                                                
20005358  gapBondStateNodeHead                                               
2000535c  osal_syncHandle                                                    
20005360  osal_icallMsg_hook                                                 
20005364  osal_qHead                                                         
20005368  osal_max_msecs                                                     
2000536c  osal_tickperiod                                                    
20005370  osal_eventloop_hook                                                
20005374  bm_preReleaseBuffCB                                                
20005380  OSAL_timeSeconds                                                   
20005384  timerHead                                                          
2000538c  osal_last_timestamp                                                
20005390  HEAPMGR_SIZE                                                       
20005394  PowerCC26XX_swiKey                                                 
20005398  PowerCC26XX_taskKey                                                
2000539c  tasksEvents                                                        
200053a0  ti_sysbios_family_arm_cc26xx_TimestampProvider_Module_state        
200053a4  ti_sysbios_knl_Task_defaultStackHeap                               
200053aa  pwrmgr_attribute                                                   
200053ac  adcCC26xxObjects                                                   
200053ae  adcValue0                                                          
200053b0  resolvablePrivateAddressOnly                                       
200053b1  GATTServApp_att_delayed_req                                        
200053b2  hciTaskID                                                          
200053b3  hciL2capTaskID                                                     
200053b4  hciGapTaskID                                                       
200053b5  hciSmpTaskID                                                       
200053b6  hciTestTaskID                                                      
200053b7  hciVsEvtMask                                                       
200053b8  scanReqRpt                                                         
200053b9  secondaryAdvChannelMapPopCount                                     
200053ba  qosDefaultPriorityAdvParameter                                     
200053bb  maxNumCteDataBufs                                                  
200053bc  numActiveAdvSets                                                   
200053bd  wlSize                                                             
200053be  rlSize                                                             
200053bf  decryptResult                                                      
200053c0  llUnhandleNextIntFlag                                              
200053c1  smAuthenPairingOnlyMode                                            
200053c2  icall_liteTaskId                                                   
200053c3  gapBond_removeLRUBond                                              
200053c4  gapBond_syncRL                                                     
200053c5  assertSubcause                                                     
200053c6  osal_entity                                                        
200053c7  pwrmgr_initialized                                                 
200053c8  NVOCMP_size                                                        
200053c9  gAction                                                            
200053ca  nvsCC26XXObjects                                                   
20005400  ti_sysbios_family_arm_m3_Hwi_ramVectors                            
200054d8  heapStart                                                          
20013c00  __stack                                                            
20013c00  heapEnd                                                            
20014000  __STACK_END                                                        
20014000  __STACK_TOP                                                        
20014000  __UNUSED_SRAM_end__                                                
ffffffff  __TI_pprof_out_hndl                                                
ffffffff  __TI_prof_data_size                                                
ffffffff  __TI_prof_data_start                                               
ffffffff  __binit__                                                          
ffffffff  binit                                                              
UNDEFED   ITM_flush                                                          
UNDEFED   ITM_restore                                                        
UNDEFED   __c_args__                                                         
UNDEFED   __mpu_init                                                         

[2736 symbols]
