******************************************************************************
                  TI ARM Linker PC v20.2.7                     
******************************************************************************
>> Linked Wed Nov  8 15:31:46 2023

OUTPUT FILE NAME:   <Assignment 2 test.out>
ENTRY POINT SYMBOL: "_c_int00_noargs"  address: 00001411


MEMORY CONFIGURATION

         name            origin    length      used     unused   attr    fill
----------------------  --------  ---------  --------  --------  ----  --------
  FLASH                 00000000   00100000  00001770  000fe890  R  X
  SRAM                  20000000   00040000  00000618  0003f9e8  RW X


SEGMENT ALLOCATION MAP

run origin  load origin   length   init length attrs members
----------  ----------- ---------- ----------- ----- -------
00000000    00000000    00001770   00001770    r-x
  00000000    00000000    00000208   00000208    r-- .intvecs
  00000208    00000208    000012f0   000012f0    r-x .text
  000014f8    000014f8    00000240   00000240    r-- .const
  00001738    00001738    00000038   00000038    r-- .cinit
20000000    20000000    0000061c   00000000    rw-
  20000000    20000000    0000040c   00000000    rw- .bss
  20000410    20000410    00000200   00000000    rw- .stack
  20000610    20000610    0000000c   00000000    rw- .data


SECTION ALLOCATION MAP

 output                                  attributes/
section   page    origin      length       input sections
--------  ----  ----------  ----------   ----------------
.intvecs   0    00000000    00000208     
                  00000000    00000208     startup_msp432e401y_ccs.obj (.intvecs:retain)

.text      0    00000208    000012f0     
                  00000208    000004ac     joystick.obj (.text:main)
                  000006b4    0000030c     uartstdio.obj (.text:UARTvprintf)
                  000009c0    000002e0     msp432e4_driverlib.a : sysctl.o (.text:SysCtlClockFreqSet)
                  00000ca0    000000ee                          : adc.o (.text:ADCSequenceStepConfigure)
                  00000d8e    00000002     startup_msp432e401y_ccs.obj (.text:Default_Handler)
                  00000d90    000000b8     joystick.obj (.text:GPIOJ_IRQHandler)
                  00000e48    000000b0     joystick.obj (.text:WATCHDOG_IRQHandler)
                  00000ef8    0000009c     rtsv7M4_T_le_v4SPD16_eabi.lib : memcpy_t2.asm.obj (.text)
                  00000f94    00000090     msp432e4_driverlib.a : sysctl.o (.text:_SysCtlFrequencyGet)
                  00001024    0000007a     rtsv7M4_T_le_v4SPD16_eabi.lib : memset_t2.asm.obj (.text)
                  0000109e    00000002                                   : div0.asm.obj (.text)
                  000010a0    00000074     uartstdio.obj (.text:UARTStdioConfig)
                  00001114    00000068     joystick.obj (.text:ConfigureUART)
                  0000117c    00000068     rtsv7M4_T_le_v4SPD16_eabi.lib : copy_decompress_lzss.c.obj (.text:decompress:lzss:__TI_decompress_lzss)
                  000011e4    00000064     joystick.obj (.text:ADC0SS2_IRQHandler)
                  00001248    00000060     msp432e4_driverlib.a : timer.o (.text:TimerControlTrigger)
                  000012a8    0000005c     uartstdio.obj (.text:UARTwrite)
                  00001304    00000044     msp432e4_driverlib.a : sysctl.o (.text:SysCtlPeripheralReady)
                  00001348    00000044                          : sysctl.o (.text:_SysCtlMemTimingGet)
                  0000138c    00000044     rtsv7M4_T_le_v4SPD16_eabi.lib : autoinit.c.obj (.text:__TI_auto_init_nobinit_nopinit:__TI_auto_init_nobinit_nopinit)
                  000013d0    00000040                                   : u_divt2.asm.obj (.text)
                  00001410    00000034                                   : boot_cortex_m.c.obj (.text:_c_int00_noargs:_c_int00_noargs)
                  00001444    00000030     joystick.obj (.text:PWM0_0_IRQHandler)
                  00001474    00000024     uartstdio.obj (.text:UARTprintf)
                  00001498    00000020     system_msp432e401y.obj (.text:SystemInit)
                  000014b8    00000012     msp432e4_driverlib.a : adc.o (.text:ADCIntClearEx)
                  000014ca    0000000e     rtsv7M4_T_le_v4SPD16_eabi.lib : copy_decompress_none.c.obj (.text:decompress:none:__TI_decompress_none)
                  000014d8    0000000c     startup_msp432e401y_ccs.obj (.text:Reset_Handler)
                  000014e4    0000000c     rtsv7M4_T_le_v4SPD16_eabi.lib : copy_zero_init.c.obj (.text:decompress:ZI:__TI_zero_init)
                  000014f0    00000004                                   : pre_init.c.obj (.text:_system_pre_init)
                  000014f4    00000004                                   : exit.c.obj (.text:abort:abort)

.const     0    000014f8    00000240     
                  000014f8    000001b0     msp432e4_driverlib.a : sysctl.o (.const:g_pppui32XTALtoVCO)
                  000016a8    00000030                          : sysctl.o (.const:g_sXTALtoMEMTIM)
                  000016d8    00000028                          : sysctl.o (.const:g_pui32Xtals)
                  00001700    00000012     uartstdio.obj (.const:.string)
                  00001712    00000002     --HOLE-- [fill = 0]
                  00001714    0000000c     uartstdio.obj (.const:g_ui32UARTBase)
                  00001720    0000000c     uartstdio.obj (.const:g_ui32UARTPeriph)
                  0000172c    00000008     msp432e4_driverlib.a : sysctl.o (.const:g_pui32VCOFrequencies)
                  00001734    00000004     uartstdio.obj (.const)

.cinit     0    00001738    00000038     
                  00001738    0000000d     (.cinit..data.load) [load image, compression = lzss]
                  00001745    00000003     --HOLE-- [fill = 0]
                  00001748    0000000c     (__TI_handler_table)
                  00001754    00000004     --HOLE-- [fill = 0]
                  00001758    00000008     (.cinit..bss.load) [load image, compression = zero_init]
                  00001760    00000010     (__TI_cinit_table)

.init_array 
*          0    00000000    00000000     UNINITIALIZED

.bss       0    20000000    0000040c     UNINITIALIZED
                  20000000    00000400     (.common:pui8ControlTable)
                  20000400    00000008     joystick.obj (.bss:srcBuffer)
                  20000408    00000004     (.common:systemClock)

.data      0    20000610    0000000c     UNINITIALIZED
                  20000610    00000005     uartstdio.obj (.data)
                  20000615    00000002     joystick.obj (.data)
                  20000617    00000001     --HOLE--
                  20000618    00000004     system_msp432e401y.obj (.data)

.stack     0    20000410    00000200     UNINITIALIZED
                  20000410    00000004     rtsv7M4_T_le_v4SPD16_eabi.lib : boot_cortex_m.c.obj (.stack)
                  20000414    000001fc     --HOLE--

__llvm_prf_cnts 
*          0    20000000    00000000     UNINITIALIZED

MODULE SUMMARY

       Module                        code   ro data   rw data
       ------                        ----   -------   -------
    .\
       joystick.obj                  1808   0         1038   
       uartstdio.obj                 1024   46        5      
       system_msp432e401y.obj        32     0         4      
    +--+-----------------------------+------+---------+---------+
       Total:                        2864   46        1047   
                                                             
    .\ccs\
       startup_msp432e401y_ccs.obj   14     520       0      
    +--+-----------------------------+------+---------+---------+
       Total:                        14     520       0      
                                                             
    C:/ti/simplelink_msp432e4_sdk_4_20_00_12/source/ti/devices/msp432e4/driverlib/lib/ccs/m4f/msp432e4_driverlib.a
       sysctl.o                      1016   528       0      
       adc.o                         256    0         0      
       timer.o                       96     0         0      
    +--+-----------------------------+------+---------+---------+
       Total:                        1368   528       0      
                                                             
    C:\ti\ccs1240\ccs\tools\compiler\ti-cgt-arm_20.2.7.LTS\lib\rtsv7M4_T_le_v4SPD16_eabi.lib
       memcpy_t2.asm.obj             156    0         0      
       memset_t2.asm.obj             122    0         0      
       copy_decompress_lzss.c.obj    104    0         0      
       autoinit.c.obj                68     0         0      
       u_divt2.asm.obj               64     0         0      
       boot_cortex_m.c.obj           52     0         0      
       copy_decompress_none.c.obj    14     0         0      
       copy_zero_init.c.obj          12     0         0      
       exit.c.obj                    4      0         0      
       pre_init.c.obj                4      0         0      
       div0.asm.obj                  2      0         0      
    +--+-----------------------------+------+---------+---------+
       Total:                        602    0         0      
                                                             
       Stack:                        0      0         512    
       Linker Generated:             0      49        0      
    +--+-----------------------------+------+---------+---------+
       Grand Total:                  4848   1143      1559   


LINKER GENERATED COPY TABLES

__TI_cinit_table @ 00001760 records: 2, size/record: 8, table size: 16
	.data: load addr=00001738, load size=0000000d bytes, run addr=20000610, run size=0000000c bytes, compression=lzss
	.bss: load addr=00001758, load size=00000008 bytes, run addr=20000000, run size=0000040c bytes, compression=zero_init


LINKER GENERATED HANDLER TABLE

__TI_handler_table @ 00001748 records: 3, size/record: 4, table size: 12
	index: 0, handler: __TI_decompress_lzss
	index: 1, handler: __TI_decompress_none
	index: 2, handler: __TI_zero_init


GLOBAL SYMBOLS: SORTED ALPHABETICALLY BY Name 

address   name                          
-------   ----                          
00000d8f  ADC0SS0_IRQHandler            
00000d8f  ADC0SS1_IRQHandler            
000011e5  ADC0SS2_IRQHandler            
000011e5  ADC0SS2_IRQHandler            
00000d8f  ADC0SS3_IRQHandler            
00000d8f  ADC1SS0_IRQHandler            
00000d8f  ADC1SS1_IRQHandler            
00000d8f  ADC1SS2_IRQHandler            
00000d8f  ADC1SS3_IRQHandler            
000014b9  ADCIntClearEx                 
00000ca1  ADCSequenceStepConfigure      
00000d8f  AES0_IRQHandler               
00000d8f  BusFault_Handler              
000014f5  C$$EXIT                       
00000d8f  CAN0_IRQHandler               
00000d8f  CAN1_IRQHandler               
00000d8f  COMP0_IRQHandler              
00000d8f  COMP1_IRQHandler              
00000d8f  COMP2_IRQHandler              
00001115  ConfigureUART                 
00000d8f  DES0_IRQHandler               
00000d8f  DebugMon_Handler              
00000d8f  Default_Handler               
00000d8f  EMAC0_IRQHandler              
00000d8f  EPI0_IRQHandler               
00000d8f  FLASH_IRQHandler              
00000d8f  GPIOA_IRQHandler              
00000d8f  GPIOB_IRQHandler              
00000d8f  GPIOC_IRQHandler              
00000d8f  GPIOD_IRQHandler              
00000d8f  GPIOE_IRQHandler              
00000d8f  GPIOF_IRQHandler              
00000d8f  GPIOG_IRQHandler              
00000d8f  GPIOH_IRQHandler              
00000d91  GPIOJ_IRQHandler              
00000d91  GPIOJ_IRQHandler              
00000d8f  GPIOK_IRQHandler              
00000d8f  GPIOL_IRQHandler              
00000d8f  GPIOM_IRQHandler              
00000d8f  GPION_IRQHandler              
00000d8f  GPIOP0_IRQHandler             
00000d8f  GPIOP1_IRQHandler             
00000d8f  GPIOP2_IRQHandler             
00000d8f  GPIOP3_IRQHandler             
00000d8f  GPIOP4_IRQHandler             
00000d8f  GPIOP5_IRQHandler             
00000d8f  GPIOP6_IRQHandler             
00000d8f  GPIOP7_IRQHandler             
00000d8f  GPIOQ0_IRQHandler             
00000d8f  GPIOQ1_IRQHandler             
00000d8f  GPIOQ2_IRQHandler             
00000d8f  GPIOQ3_IRQHandler             
00000d8f  GPIOQ4_IRQHandler             
00000d8f  GPIOQ5_IRQHandler             
00000d8f  GPIOQ6_IRQHandler             
00000d8f  GPIOQ7_IRQHandler             
00000d8f  HIBERNATE_IRQHandler          
00000d8f  HardFault_Handler             
00000d8f  I2C0_IRQHandler               
00000d8f  I2C1_IRQHandler               
00000d8f  I2C2_IRQHandler               
00000d8f  I2C3_IRQHandler               
00000d8f  I2C4_IRQHandler               
00000d8f  I2C5_IRQHandler               
00000d8f  I2C6_IRQHandler               
00000d8f  I2C7_IRQHandler               
00000d8f  I2C8_IRQHandler               
00000d8f  I2C9_IRQHandler               
00000d8f  MemManage_Handler             
00000d8f  NMI_Handler                   
00001445  PWM0_0_IRQHandler             
00001445  PWM0_0_IRQHandler             
00000d8f  PWM0_1_IRQHandler             
00000d8f  PWM0_2_IRQHandler             
00000d8f  PWM0_3_IRQHandler             
00000d8f  PWM0_FAULT_IRQHandler         
00000d8f  PendSV_Handler                
00000d8f  QEI0_IRQHandler               
000014d9  Reset_Handler                 
00000d8f  SHA0_IRQHandler               
00000d8f  SSI0_IRQHandler               
00000d8f  SSI1_IRQHandler               
00000d8f  SSI2_IRQHandler               
00000d8f  SSI3_IRQHandler               
00000d8f  SVC_Handler                   
00000d8f  SYSCTL_IRQHandler             
00000d8f  SYSEXC_IRQHandler             
000009c1  SysCtlClockFreqSet            
00001305  SysCtlPeripheralReady         
00000d8f  SysTick_Handler               
20000618  SystemCoreClock               
00001499  SystemInit                    
00000d8f  TAMPER0_IRQHandler            
00000d8f  TIMER0A_IRQHandler            
00000d8f  TIMER0B_IRQHandler            
00000d8f  TIMER1A_IRQHandler            
00000d8f  TIMER1B_IRQHandler            
00000d8f  TIMER2A_IRQHandler            
00000d8f  TIMER2B_IRQHandler            
00000d8f  TIMER3A_IRQHandler            
00000d8f  TIMER3B_IRQHandler            
00000d8f  TIMER4A_IRQHandler            
00000d8f  TIMER4B_IRQHandler            
00000d8f  TIMER5A_IRQHandler            
00000d8f  TIMER5B_IRQHandler            
00000d8f  TIMER6A_IRQHandler            
00000d8f  TIMER6B_IRQHandler            
00000d8f  TIMER7A_IRQHandler            
00000d8f  TIMER7B_IRQHandler            
00001249  TimerControlTrigger           
00000d8f  UART0_IRQHandler              
00000d8f  UART1_IRQHandler              
00000d8f  UART2_IRQHandler              
00000d8f  UART3_IRQHandler              
00000d8f  UART4_IRQHandler              
00000d8f  UART5_IRQHandler              
00000d8f  UART6_IRQHandler              
00000d8f  UART7_IRQHandler              
000010a1  UARTStdioConfig               
00001475  UARTprintf                    
000006b5  UARTvprintf                   
000012a9  UARTwrite                     
00000d8f  UDMAERR_IRQHandler            
00000d8f  UDMA_IRQHandler               
00000d8f  USB0_IRQHandler               
00000d8f  UsageFault_Handler            
00000e49  WATCHDOG_IRQHandler           
00000e49  WATCHDOG_IRQHandler           
20000610  __STACK_END                   
00000200  __STACK_SIZE                  
20000610  __STACK_TOP                   
00001760  __TI_CINIT_Base               
00001770  __TI_CINIT_Limit              
00001748  __TI_Handler_Table_Base       
00001754  __TI_Handler_Table_Limit      
0000138d  __TI_auto_init_nobinit_nopinit
0000117d  __TI_decompress_lzss          
000014cb  __TI_decompress_none          
ffffffff  __TI_pprof_out_hndl           
ffffffff  __TI_prof_data_size           
ffffffff  __TI_prof_data_start          
00000000  __TI_static_base__            
000014e5  __TI_zero_init                
0000109f  __aeabi_idiv0                 
0000109f  __aeabi_ldiv0                 
00001025  __aeabi_memclr                
00001025  __aeabi_memclr4               
00001025  __aeabi_memclr8               
00000ef9  __aeabi_memcpy                
00000ef9  __aeabi_memcpy4               
00000ef9  __aeabi_memcpy8               
00001027  __aeabi_memset                
00001027  __aeabi_memset4               
00001027  __aeabi_memset8               
000013d1  __aeabi_uidiv                 
000013d1  __aeabi_uidivmod              
ffffffff  __binit__                     
ffffffff  __c_args__                    
UNDEFED   __mpu_init                    
20000410  __stack                       
20000000  __start___llvm_prf_cnts       
20000000  __stop___llvm_prf_cnts        
00001411  _c_int00_noargs               
UNDEFED   _system_post_cinit            
000014f1  _system_pre_init              
000014f5  abort                         
20000616  bgetConvStatus                
ffffffff  binit                         
20000615  g_bFeedWatchdog               
00000000  interruptVectors              
00000209  main                          
00000ef9  memcpy                        
0000102d  memset                        
20000000  pui8ControlTable              
20000408  systemClock                   


GLOBAL SYMBOLS: SORTED BY Symbol Address 

address   name                          
-------   ----                          
00000000  __TI_static_base__            
00000000  interruptVectors              
00000200  __STACK_SIZE                  
00000209  main                          
000006b5  UARTvprintf                   
000009c1  SysCtlClockFreqSet            
00000ca1  ADCSequenceStepConfigure      
00000d8f  ADC0SS0_IRQHandler            
00000d8f  ADC0SS1_IRQHandler            
00000d8f  ADC0SS3_IRQHandler            
00000d8f  ADC1SS0_IRQHandler            
00000d8f  ADC1SS1_IRQHandler            
00000d8f  ADC1SS2_IRQHandler            
00000d8f  ADC1SS3_IRQHandler            
00000d8f  AES0_IRQHandler               
00000d8f  BusFault_Handler              
00000d8f  CAN0_IRQHandler               
00000d8f  CAN1_IRQHandler               
00000d8f  COMP0_IRQHandler              
00000d8f  COMP1_IRQHandler              
00000d8f  COMP2_IRQHandler              
00000d8f  DES0_IRQHandler               
00000d8f  DebugMon_Handler              
00000d8f  Default_Handler               
00000d8f  EMAC0_IRQHandler              
00000d8f  EPI0_IRQHandler               
00000d8f  FLASH_IRQHandler              
00000d8f  GPIOA_IRQHandler              
00000d8f  GPIOB_IRQHandler              
00000d8f  GPIOC_IRQHandler              
00000d8f  GPIOD_IRQHandler              
00000d8f  GPIOE_IRQHandler              
00000d8f  GPIOF_IRQHandler              
00000d8f  GPIOG_IRQHandler              
00000d8f  GPIOH_IRQHandler              
00000d8f  GPIOK_IRQHandler              
00000d8f  GPIOL_IRQHandler              
00000d8f  GPIOM_IRQHandler              
00000d8f  GPION_IRQHandler              
00000d8f  GPIOP0_IRQHandler             
00000d8f  GPIOP1_IRQHandler             
00000d8f  GPIOP2_IRQHandler             
00000d8f  GPIOP3_IRQHandler             
00000d8f  GPIOP4_IRQHandler             
00000d8f  GPIOP5_IRQHandler             
00000d8f  GPIOP6_IRQHandler             
00000d8f  GPIOP7_IRQHandler             
00000d8f  GPIOQ0_IRQHandler             
00000d8f  GPIOQ1_IRQHandler             
00000d8f  GPIOQ2_IRQHandler             
00000d8f  GPIOQ3_IRQHandler             
00000d8f  GPIOQ4_IRQHandler             
00000d8f  GPIOQ5_IRQHandler             
00000d8f  GPIOQ6_IRQHandler             
00000d8f  GPIOQ7_IRQHandler             
00000d8f  HIBERNATE_IRQHandler          
00000d8f  HardFault_Handler             
00000d8f  I2C0_IRQHandler               
00000d8f  I2C1_IRQHandler               
00000d8f  I2C2_IRQHandler               
00000d8f  I2C3_IRQHandler               
00000d8f  I2C4_IRQHandler               
00000d8f  I2C5_IRQHandler               
00000d8f  I2C6_IRQHandler               
00000d8f  I2C7_IRQHandler               
00000d8f  I2C8_IRQHandler               
00000d8f  I2C9_IRQHandler               
00000d8f  MemManage_Handler             
00000d8f  NMI_Handler                   
00000d8f  PWM0_1_IRQHandler             
00000d8f  PWM0_2_IRQHandler             
00000d8f  PWM0_3_IRQHandler             
00000d8f  PWM0_FAULT_IRQHandler         
00000d8f  PendSV_Handler                
00000d8f  QEI0_IRQHandler               
00000d8f  SHA0_IRQHandler               
00000d8f  SSI0_IRQHandler               
00000d8f  SSI1_IRQHandler               
00000d8f  SSI2_IRQHandler               
00000d8f  SSI3_IRQHandler               
00000d8f  SVC_Handler                   
00000d8f  SYSCTL_IRQHandler             
00000d8f  SYSEXC_IRQHandler             
00000d8f  SysTick_Handler               
00000d8f  TAMPER0_IRQHandler            
00000d8f  TIMER0A_IRQHandler            
00000d8f  TIMER0B_IRQHandler            
00000d8f  TIMER1A_IRQHandler            
00000d8f  TIMER1B_IRQHandler            
00000d8f  TIMER2A_IRQHandler            
00000d8f  TIMER2B_IRQHandler            
00000d8f  TIMER3A_IRQHandler            
00000d8f  TIMER3B_IRQHandler            
00000d8f  TIMER4A_IRQHandler            
00000d8f  TIMER4B_IRQHandler            
00000d8f  TIMER5A_IRQHandler            
00000d8f  TIMER5B_IRQHandler            
00000d8f  TIMER6A_IRQHandler            
00000d8f  TIMER6B_IRQHandler            
00000d8f  TIMER7A_IRQHandler            
00000d8f  TIMER7B_IRQHandler            
00000d8f  UART0_IRQHandler              
00000d8f  UART1_IRQHandler              
00000d8f  UART2_IRQHandler              
00000d8f  UART3_IRQHandler              
00000d8f  UART4_IRQHandler              
00000d8f  UART5_IRQHandler              
00000d8f  UART6_IRQHandler              
00000d8f  UART7_IRQHandler              
00000d8f  UDMAERR_IRQHandler            
00000d8f  UDMA_IRQHandler               
00000d8f  USB0_IRQHandler               
00000d8f  UsageFault_Handler            
00000d91  GPIOJ_IRQHandler              
00000d91  GPIOJ_IRQHandler              
00000e49  WATCHDOG_IRQHandler           
00000e49  WATCHDOG_IRQHandler           
00000ef9  __aeabi_memcpy                
00000ef9  __aeabi_memcpy4               
00000ef9  __aeabi_memcpy8               
00000ef9  memcpy                        
00001025  __aeabi_memclr                
00001025  __aeabi_memclr4               
00001025  __aeabi_memclr8               
00001027  __aeabi_memset                
00001027  __aeabi_memset4               
00001027  __aeabi_memset8               
0000102d  memset                        
0000109f  __aeabi_idiv0                 
0000109f  __aeabi_ldiv0                 
000010a1  UARTStdioConfig               
00001115  ConfigureUART                 
0000117d  __TI_decompress_lzss          
000011e5  ADC0SS2_IRQHandler            
000011e5  ADC0SS2_IRQHandler            
00001249  TimerControlTrigger           
000012a9  UARTwrite                     
00001305  SysCtlPeripheralReady         
0000138d  __TI_auto_init_nobinit_nopinit
000013d1  __aeabi_uidiv                 
000013d1  __aeabi_uidivmod              
00001411  _c_int00_noargs               
00001445  PWM0_0_IRQHandler             
00001445  PWM0_0_IRQHandler             
00001475  UARTprintf                    
00001499  SystemInit                    
000014b9  ADCIntClearEx                 
000014cb  __TI_decompress_none          
000014d9  Reset_Handler                 
000014e5  __TI_zero_init                
000014f1  _system_pre_init              
000014f5  C$$EXIT                       
000014f5  abort                         
00001748  __TI_Handler_Table_Base       
00001754  __TI_Handler_Table_Limit      
00001760  __TI_CINIT_Base               
00001770  __TI_CINIT_Limit              
20000000  __start___llvm_prf_cnts       
20000000  __stop___llvm_prf_cnts        
20000000  pui8ControlTable              
20000408  systemClock                   
20000410  __stack                       
20000610  __STACK_END                   
20000610  __STACK_TOP                   
20000615  g_bFeedWatchdog               
20000616  bgetConvStatus                
20000618  SystemCoreClock               
ffffffff  __TI_pprof_out_hndl           
ffffffff  __TI_prof_data_size           
ffffffff  __TI_prof_data_start          
ffffffff  __binit__                     
ffffffff  __c_args__                    
ffffffff  binit                         
UNDEFED   __mpu_init                    
UNDEFED   _system_post_cinit            

[175 symbols]
