<?xml version="1.0" encoding="ISO-8859-1" ?>
<link_info>
   <banner>TI ARM Linker PC v20.2.7.LTS</banner>
   <copyright>Copyright (c) 1996-2018 Texas Instruments Incorporated</copyright>
   <link_time>0x654d4412</link_time>
   <link_errors>0x0</link_errors>
   <output_file>Assignment 2 test2.out</output_file>
   <entry_point>
      <name>_c_int00_noargs</name>
      <address>0x1475</address>
   </entry_point>
   <input_file_list>
      <input_file id="fl-2">
         <path>.\</path>
         <kind>object</kind>
         <file>joystick.obj</file>
         <name>joystick.obj</name>
      </input_file>
      <input_file id="fl-3">
         <path>.\</path>
         <kind>object</kind>
         <file>system_msp432e401y.obj</file>
         <name>system_msp432e401y.obj</name>
      </input_file>
      <input_file id="fl-4">
         <path>.\</path>
         <kind>object</kind>
         <file>uartstdio.obj</file>
         <name>uartstdio.obj</name>
      </input_file>
      <input_file id="fl-5">
         <path>.\ccs\</path>
         <kind>object</kind>
         <file>startup_msp432e401y_ccs.obj</file>
         <name>startup_msp432e401y_ccs.obj</name>
      </input_file>
      <input_file id="fl-f">
         <kind>object</kind>
         <file>&lt;internal&gt;</file>
         <name>&lt;internal&gt;</name>
      </input_file>
      <input_file id="fl-10">
         <path>C:\ti\simplelink_msp432e4_sdk_4_20_00_12\source\ti\devices\msp432e4\driverlib\lib\ccs\m4f\</path>
         <kind>archive</kind>
         <file>msp432e4_driverlib.a</file>
         <name>adc.o</name>
      </input_file>
      <input_file id="fl-11">
         <path>C:\ti\simplelink_msp432e4_sdk_4_20_00_12\source\ti\devices\msp432e4\driverlib\lib\ccs\m4f\</path>
         <kind>archive</kind>
         <file>msp432e4_driverlib.a</file>
         <name>gpio.o</name>
      </input_file>
      <input_file id="fl-12">
         <path>C:\ti\simplelink_msp432e4_sdk_4_20_00_12\source\ti\devices\msp432e4\driverlib\lib\ccs\m4f\</path>
         <kind>archive</kind>
         <file>msp432e4_driverlib.a</file>
         <name>interrupt.o</name>
      </input_file>
      <input_file id="fl-13">
         <path>C:\ti\simplelink_msp432e4_sdk_4_20_00_12\source\ti\devices\msp432e4\driverlib\lib\ccs\m4f\</path>
         <kind>archive</kind>
         <file>msp432e4_driverlib.a</file>
         <name>qei.o</name>
      </input_file>
      <input_file id="fl-14">
         <path>C:\ti\simplelink_msp432e4_sdk_4_20_00_12\source\ti\devices\msp432e4\driverlib\lib\ccs\m4f\</path>
         <kind>archive</kind>
         <file>msp432e4_driverlib.a</file>
         <name>sysctl.o</name>
      </input_file>
      <input_file id="fl-15">
         <path>C:\ti\simplelink_msp432e4_sdk_4_20_00_12\source\ti\devices\msp432e4\driverlib\lib\ccs\m4f\</path>
         <kind>archive</kind>
         <file>msp432e4_driverlib.a</file>
         <name>cpu.o</name>
      </input_file>
      <input_file id="fl-cb">
         <path>C:\ti\ccs1240\ccs\tools\compiler\ti-cgt-arm_20.2.7.LTS\lib\</path>
         <kind>archive</kind>
         <file>rtsv7M4_T_le_v4SPD16_eabi.lib</file>
         <name>u_divt2.asm.obj</name>
      </input_file>
      <input_file id="fl-cc">
         <path>C:\ti\ccs1240\ccs\tools\compiler\ti-cgt-arm_20.2.7.LTS\lib\</path>
         <kind>archive</kind>
         <file>rtsv7M4_T_le_v4SPD16_eabi.lib</file>
         <name>copy_zero_init.c.obj</name>
      </input_file>
      <input_file id="fl-cd">
         <path>C:\ti\ccs1240\ccs\tools\compiler\ti-cgt-arm_20.2.7.LTS\lib\</path>
         <kind>archive</kind>
         <file>rtsv7M4_T_le_v4SPD16_eabi.lib</file>
         <name>copy_decompress_none.c.obj</name>
      </input_file>
      <input_file id="fl-ce">
         <path>C:\ti\ccs1240\ccs\tools\compiler\ti-cgt-arm_20.2.7.LTS\lib\</path>
         <kind>archive</kind>
         <file>rtsv7M4_T_le_v4SPD16_eabi.lib</file>
         <name>copy_decompress_lzss.c.obj</name>
      </input_file>
      <input_file id="fl-cf">
         <path>C:\ti\ccs1240\ccs\tools\compiler\ti-cgt-arm_20.2.7.LTS\lib\</path>
         <kind>archive</kind>
         <file>rtsv7M4_T_le_v4SPD16_eabi.lib</file>
         <name>boot_cortex_m.c.obj</name>
      </input_file>
      <input_file id="fl-d0">
         <path>C:\ti\ccs1240\ccs\tools\compiler\ti-cgt-arm_20.2.7.LTS\lib\</path>
         <kind>archive</kind>
         <file>rtsv7M4_T_le_v4SPD16_eabi.lib</file>
         <name>div0.asm.obj</name>
      </input_file>
      <input_file id="fl-d1">
         <path>C:\ti\ccs1240\ccs\tools\compiler\ti-cgt-arm_20.2.7.LTS\lib\</path>
         <kind>archive</kind>
         <file>rtsv7M4_T_le_v4SPD16_eabi.lib</file>
         <name>memcpy_t2.asm.obj</name>
      </input_file>
      <input_file id="fl-d2">
         <path>C:\ti\ccs1240\ccs\tools\compiler\ti-cgt-arm_20.2.7.LTS\lib\</path>
         <kind>archive</kind>
         <file>rtsv7M4_T_le_v4SPD16_eabi.lib</file>
         <name>memset_t2.asm.obj</name>
      </input_file>
      <input_file id="fl-d3">
         <path>C:\ti\ccs1240\ccs\tools\compiler\ti-cgt-arm_20.2.7.LTS\lib\</path>
         <kind>archive</kind>
         <file>rtsv7M4_T_le_v4SPD16_eabi.lib</file>
         <name>autoinit.c.obj</name>
      </input_file>
      <input_file id="fl-d4">
         <path>C:\ti\ccs1240\ccs\tools\compiler\ti-cgt-arm_20.2.7.LTS\lib\</path>
         <kind>archive</kind>
         <file>rtsv7M4_T_le_v4SPD16_eabi.lib</file>
         <name>pre_init.c.obj</name>
      </input_file>
      <input_file id="fl-d5">
         <path>C:\ti\ccs1240\ccs\tools\compiler\ti-cgt-arm_20.2.7.LTS\lib\</path>
         <kind>archive</kind>
         <file>rtsv7M4_T_le_v4SPD16_eabi.lib</file>
         <name>cpy_tbl.c.obj</name>
      </input_file>
      <input_file id="fl-d6">
         <path>C:\ti\ccs1240\ccs\tools\compiler\ti-cgt-arm_20.2.7.LTS\lib\</path>
         <kind>archive</kind>
         <file>rtsv7M4_T_le_v4SPD16_eabi.lib</file>
         <name>exit.c.obj</name>
      </input_file>
      <input_file id="fl-d7">
         <path>C:\ti\ccs1240\ccs\tools\compiler\ti-cgt-arm_20.2.7.LTS\lib\</path>
         <kind>archive</kind>
         <file>rtsv7M4_T_le_v4SPD16_eabi.lib</file>
         <name>_lock.c.obj</name>
      </input_file>
      <input_file id="fl-d8">
         <path>C:\ti\ccs1240\ccs\tools\compiler\ti-cgt-arm_20.2.7.LTS\lib\</path>
         <kind>archive</kind>
         <file>rtsv7M4_T_le_v4SPD16_eabi.lib</file>
         <name>args_main.c.obj</name>
      </input_file>
   </input_file_list>
   <object_component_list>
      <object_component id="oc-13">
         <name>.intvecs:retain</name>
         <load_address>0x0</load_address>
         <run_address>0x0</run_address>
         <size>0x208</size>
         <input_file_ref idref="fl-5"/>
      </object_component>
      <object_component id="oc-bd">
         <name>.text:main</name>
         <load_address>0x208</load_address>
         <run_address>0x208</run_address>
         <size>0x434</size>
         <input_file_ref idref="fl-2"/>
      </object_component>
      <object_component id="oc-1f7">
         <name>.text:UARTvprintf</name>
         <load_address>0x63c</load_address>
         <run_address>0x63c</run_address>
         <size>0x30c</size>
         <input_file_ref idref="fl-4"/>
      </object_component>
      <object_component id="oc-f3">
         <name>.text:SysCtlClockFreqSet</name>
         <load_address>0x948</load_address>
         <run_address>0x948</run_address>
         <size>0x2e0</size>
         <input_file_ref idref="fl-14"/>
      </object_component>
      <object_component id="oc-1dc">
         <name>.text:GPIOPadConfigSet</name>
         <load_address>0xc28</load_address>
         <run_address>0xc28</run_address>
         <size>0x23a</size>
         <input_file_ref idref="fl-11"/>
      </object_component>
      <object_component id="oc-ff">
         <name>.text:ADCSequenceStepConfigure</name>
         <load_address>0xe62</load_address>
         <run_address>0xe62</run_address>
         <size>0xee</size>
         <input_file_ref idref="fl-10"/>
      </object_component>
      <object_component id="oc-3a">
         <name>.text:WATCHDOG_IRQHandler</name>
         <load_address>0xf50</load_address>
         <run_address>0xf50</run_address>
         <size>0xb0</size>
         <input_file_ref idref="fl-2"/>
      </object_component>
      <object_component id="oc-4e">
         <name>.text</name>
         <load_address>0x1000</load_address>
         <run_address>0x1000</run_address>
         <size>0x9c</size>
         <input_file_ref idref="fl-d1"/>
      </object_component>
      <object_component id="oc-1bf">
         <name>.text:_SysCtlFrequencyGet</name>
         <load_address>0x109c</load_address>
         <run_address>0x109c</run_address>
         <size>0x90</size>
         <input_file_ref idref="fl-14"/>
      </object_component>
      <object_component id="oc-1d4">
         <name>.text:UARTStdioConfig</name>
         <load_address>0x112c</load_address>
         <run_address>0x112c</run_address>
         <size>0x74</size>
         <input_file_ref idref="fl-4"/>
      </object_component>
      <object_component id="oc-f9">
         <name>.text:ConfigureUART</name>
         <load_address>0x11a0</load_address>
         <run_address>0x11a0</run_address>
         <size>0x68</size>
         <input_file_ref idref="fl-2"/>
      </object_component>
      <object_component id="oc-16">
         <name>.text:decompress:lzss:__TI_decompress_lzss</name>
         <load_address>0x1208</load_address>
         <run_address>0x1208</run_address>
         <size>0x68</size>
         <input_file_ref idref="fl-ce"/>
      </object_component>
      <object_component id="oc-1e2">
         <name>.text:GPIODirModeSet</name>
         <load_address>0x1270</load_address>
         <run_address>0x1270</run_address>
         <size>0x5c</size>
         <input_file_ref idref="fl-11"/>
      </object_component>
      <object_component id="oc-24f">
         <name>.text:UARTwrite</name>
         <load_address>0x12cc</load_address>
         <run_address>0x12cc</run_address>
         <size>0x5c</size>
         <input_file_ref idref="fl-4"/>
      </object_component>
      <object_component id="oc-111">
         <name>.text:GPIOPinConfigure</name>
         <load_address>0x1328</load_address>
         <run_address>0x1328</run_address>
         <size>0x44</size>
         <input_file_ref idref="fl-11"/>
      </object_component>
      <object_component id="oc-1b9">
         <name>.text:_SysCtlMemTimingGet</name>
         <load_address>0x136c</load_address>
         <run_address>0x136c</run_address>
         <size>0x44</size>
         <input_file_ref idref="fl-14"/>
      </object_component>
      <object_component id="oc-174">
         <name>.text:__TI_auto_init_nobinit_nopinit:__TI_auto_init_nobinit_nopinit</name>
         <load_address>0x13b0</load_address>
         <run_address>0x13b0</run_address>
         <size>0x44</size>
         <input_file_ref idref="fl-d3"/>
      </object_component>
      <object_component id="oc-10b">
         <name>.text:SysCtlPeripheralEnable</name>
         <load_address>0x13f4</load_address>
         <run_address>0x13f4</run_address>
         <size>0x40</size>
         <input_file_ref idref="fl-14"/>
      </object_component>
      <object_component id="oc-255">
         <name>.text</name>
         <load_address>0x1434</load_address>
         <run_address>0x1434</run_address>
         <size>0x40</size>
         <input_file_ref idref="fl-cb"/>
      </object_component>
      <object_component id="oc-6c">
         <name>.text:_c_int00_noargs:_c_int00_noargs</name>
         <load_address>0x1474</load_address>
         <run_address>0x1474</run_address>
         <size>0x34</size>
         <input_file_ref idref="fl-cf"/>
      </object_component>
      <object_component id="oc-34">
         <name>.text:PWM0_0_IRQHandler</name>
         <load_address>0x14a8</load_address>
         <run_address>0x14a8</run_address>
         <size>0x30</size>
         <input_file_ref idref="fl-2"/>
      </object_component>
      <object_component id="oc-12f">
         <name>.text:QEIVelocityConfigure</name>
         <load_address>0x14d8</load_address>
         <run_address>0x14d8</run_address>
         <size>0x26</size>
         <input_file_ref idref="fl-13"/>
      </object_component>
      <object_component id="oc-105">
         <name>.text:GPIOPinTypeGPIOOutput</name>
         <load_address>0x14fe</load_address>
         <run_address>0x14fe</run_address>
         <size>0x24</size>
         <input_file_ref idref="fl-11"/>
      </object_component>
      <object_component id="oc-117">
         <name>.text:GPIOPinTypeQEI</name>
         <load_address>0x1522</load_address>
         <run_address>0x1522</run_address>
         <size>0x24</size>
         <input_file_ref idref="fl-11"/>
      </object_component>
      <object_component id="oc-129">
         <name>.text:QEIConfigure</name>
         <load_address>0x1546</load_address>
         <run_address>0x1546</run_address>
         <size>0x24</size>
         <input_file_ref idref="fl-13"/>
      </object_component>
      <object_component id="oc-14d">
         <name>.text:UARTprintf</name>
         <load_address>0x156a</load_address>
         <run_address>0x156a</run_address>
         <size>0x24</size>
         <input_file_ref idref="fl-4"/>
      </object_component>
      <object_component id="oc-147">
         <name>.text:GPIOPinWrite</name>
         <load_address>0x158e</load_address>
         <run_address>0x158e</run_address>
         <size>0x20</size>
         <input_file_ref idref="fl-11"/>
      </object_component>
      <object_component id="oc-2e">
         <name>.text:Default_Handler</name>
         <load_address>0x15ae</load_address>
         <run_address>0x15ae</run_address>
         <size>0x2</size>
         <input_file_ref idref="fl-5"/>
      </object_component>
      <object_component id="oc-80">
         <name>.text:SystemInit</name>
         <load_address>0x15b0</load_address>
         <run_address>0x15b0</run_address>
         <size>0x20</size>
         <input_file_ref idref="fl-3"/>
      </object_component>
      <object_component id="oc-5a">
         <name>.text:decompress:ZI:__TI_zero_init_nomemset:__TI_zero_init_nomemset</name>
         <load_address>0x15d0</load_address>
         <run_address>0x15d0</run_address>
         <size>0x1c</size>
         <input_file_ref idref="fl-cc"/>
      </object_component>
      <object_component id="oc-15f">
         <name>.text:QEIDirectionGet</name>
         <load_address>0x15ec</load_address>
         <run_address>0x15ec</run_address>
         <size>0x1a</size>
         <input_file_ref idref="fl-13"/>
      </object_component>
      <object_component id="oc-123">
         <name>.text:QEIIntDisable</name>
         <load_address>0x1606</load_address>
         <run_address>0x1606</run_address>
         <size>0x18</size>
         <input_file_ref idref="fl-13"/>
      </object_component>
      <object_component id="oc-11d">
         <name>.text:QEIDisable</name>
         <load_address>0x161e</load_address>
         <run_address>0x161e</run_address>
         <size>0x14</size>
         <input_file_ref idref="fl-13"/>
      </object_component>
      <object_component id="oc-135">
         <name>.text:QEIEnable</name>
         <load_address>0x1632</load_address>
         <run_address>0x1632</run_address>
         <size>0x14</size>
         <input_file_ref idref="fl-13"/>
      </object_component>
      <object_component id="oc-13b">
         <name>.text:QEIVelocityEnable</name>
         <load_address>0x1646</load_address>
         <run_address>0x1646</run_address>
         <size>0x14</size>
         <input_file_ref idref="fl-13"/>
      </object_component>
      <object_component id="oc-141">
         <name>.text:QEIPositionSet</name>
         <load_address>0x165a</load_address>
         <run_address>0x165a</run_address>
         <size>0x12</size>
         <input_file_ref idref="fl-13"/>
      </object_component>
      <object_component id="oc-153">
         <name>.text:QEIPositionGet</name>
         <load_address>0x166c</load_address>
         <run_address>0x166c</run_address>
         <size>0xe</size>
         <input_file_ref idref="fl-13"/>
      </object_component>
      <object_component id="oc-159">
         <name>.text:QEIVelocityGet</name>
         <load_address>0x167a</load_address>
         <run_address>0x167a</run_address>
         <size>0xe</size>
         <input_file_ref idref="fl-13"/>
      </object_component>
      <object_component id="oc-1c">
         <name>.text:decompress:none:__TI_decompress_none</name>
         <load_address>0x1688</load_address>
         <run_address>0x1688</run_address>
         <size>0xe</size>
         <input_file_ref idref="fl-cd"/>
      </object_component>
      <object_component id="oc-28">
         <name>.text:Reset_Handler</name>
         <load_address>0x1696</load_address>
         <run_address>0x1696</run_address>
         <size>0xc</size>
         <input_file_ref idref="fl-5"/>
      </object_component>
      <object_component id="oc-165">
         <name>.text:SysCtlDelay</name>
         <load_address>0x16a2</load_address>
         <run_address>0x16a2</run_address>
         <size>0x6</size>
         <input_file_ref idref="fl-14"/>
      </object_component>
      <object_component id="oc-b7">
         <name>.text:_system_pre_init</name>
         <load_address>0x16a8</load_address>
         <run_address>0x16a8</run_address>
         <size>0x4</size>
         <input_file_ref idref="fl-d4"/>
      </object_component>
      <object_component id="oc-168">
         <name>.text:abort:abort</name>
         <load_address>0x16ac</load_address>
         <run_address>0x16ac</run_address>
         <size>0x4</size>
         <input_file_ref idref="fl-d6"/>
      </object_component>
      <object_component id="oc-29f">
         <name>.text</name>
         <load_address>0x16b0</load_address>
         <run_address>0x16b0</run_address>
         <size>0x2</size>
         <input_file_ref idref="fl-d0"/>
      </object_component>
      <object_component id="oc-1cb">
         <name>.const:g_pppui32XTALtoVCO</name>
         <load_address>0x16b4</load_address>
         <run_address>0x16b4</run_address>
         <size>0x1b0</size>
         <input_file_ref idref="fl-14"/>
      </object_component>
      <object_component id="oc-1ea">
         <name>.const:g_pui32GPIOBaseAddrs</name>
         <load_address>0x1864</load_address>
         <run_address>0x1864</run_address>
         <size>0x48</size>
         <input_file_ref idref="fl-11"/>
      </object_component>
      <object_component id="oc-227">
         <name>.const:g_sXTALtoMEMTIM</name>
         <load_address>0x18ac</load_address>
         <run_address>0x18ac</run_address>
         <size>0x30</size>
         <input_file_ref idref="fl-14"/>
      </object_component>
      <object_component id="oc-1c5">
         <name>.const:g_pui32Xtals</name>
         <load_address>0x18dc</load_address>
         <run_address>0x18dc</run_address>
         <size>0x28</size>
         <input_file_ref idref="fl-14"/>
      </object_component>
      <object_component id="oc-2a5">
         <name>.const:.string</name>
         <load_address>0x1904</load_address>
         <run_address>0x1904</run_address>
         <size>0x12</size>
         <input_file_ref idref="fl-4"/>
      </object_component>
      <object_component id="oc-246">
         <name>.const:g_ui32UARTBase</name>
         <load_address>0x1918</load_address>
         <run_address>0x1918</run_address>
         <size>0xc</size>
         <input_file_ref idref="fl-4"/>
      </object_component>
      <object_component id="oc-23d">
         <name>.const:g_ui32UARTPeriph</name>
         <load_address>0x1924</load_address>
         <run_address>0x1924</run_address>
         <size>0xc</size>
         <input_file_ref idref="fl-4"/>
      </object_component>
      <object_component id="oc-1c8">
         <name>.const:g_pui32VCOFrequencies</name>
         <load_address>0x1930</load_address>
         <run_address>0x1930</run_address>
         <size>0x8</size>
         <input_file_ref idref="fl-14"/>
      </object_component>
      <object_component id="oc-25a">
         <name>.const</name>
         <load_address>0x1938</load_address>
         <run_address>0x1938</run_address>
         <size>0x4</size>
         <input_file_ref idref="fl-4"/>
      </object_component>
      <object_component id="oc-2e6">
         <name>.cinit..data.load</name>
         <load_address>0x1940</load_address>
         <run_address>0x1940</run_address>
         <size>0xd</size>
      </object_component>
      <object_component id="oc-2e4">
         <name>__TI_handler_table</name>
         <load_address>0x1950</load_address>
         <run_address>0x1950</run_address>
         <size>0xc</size>
      </object_component>
      <object_component id="oc-2e7">
         <name>.cinit..bss.load</name>
         <load_address>0x1960</load_address>
         <run_address>0x1960</run_address>
         <size>0x8</size>
      </object_component>
      <object_component id="oc-2e5">
         <name>__TI_cinit_table</name>
         <load_address>0x1968</load_address>
         <run_address>0x1968</run_address>
         <size>0x10</size>
      </object_component>
      <object_component id="oc-8e">
         <name>.data</name>
         <load_address>0x20000205</load_address>
         <run_address>0x20000205</run_address>
         <size>0x2</size>
         <input_file_ref idref="fl-2"/>
      </object_component>
      <object_component id="oc-cf">
         <name>.data</name>
         <load_address>0x20000208</load_address>
         <run_address>0x20000208</run_address>
         <size>0x4</size>
         <input_file_ref idref="fl-3"/>
      </object_component>
      <object_component id="oc-240">
         <name>.data</name>
         <load_address>0x20000200</load_address>
         <run_address>0x20000200</run_address>
         <size>0x5</size>
         <input_file_ref idref="fl-4"/>
      </object_component>
      <object_component id="oc-91">
         <name>.bss:getADCValue</name>
         <uninitialized>true</uninitialized>
         <run_address>0x2000020c</run_address>
         <size>0x4</size>
         <input_file_ref idref="fl-2"/>
      </object_component>
      <object_component id="oc-166">
         <name>.common:systemClock</name>
         <uninitialized>true</uninitialized>
         <run_address>0x20000210</run_address>
         <size>0x4</size>
      </object_component>
      <object_component id="oc-25">
         <name>.stack</name>
         <uninitialized>true</uninitialized>
         <run_address>0x20000000</run_address>
         <size>0x4</size>
         <input_file_ref idref="fl-cf"/>
      </object_component>
      <object_component id="oc-2e9">
         <name>.stack</name>
         <uninitialized>true</uninitialized>
         <run_address>0x20000000</run_address>
         <size>0x0</size>
      </object_component>
      <object_component id="oc-da">
         <name>.debug_info</name>
         <load_address>0x0</load_address>
         <run_address>0x0</run_address>
         <size>0xc0c</size>
         <input_file_ref idref="fl-2"/>
      </object_component>
      <object_component id="oc-8f">
         <name>.debug_info</name>
         <load_address>0xc0c</load_address>
         <run_address>0xc0c</run_address>
         <size>0x118</size>
         <input_file_ref idref="fl-2"/>
      </object_component>
      <object_component id="oc-92">
         <name>.debug_info</name>
         <load_address>0xd24</load_address>
         <run_address>0xd24</run_address>
         <size>0xe2</size>
         <input_file_ref idref="fl-2"/>
      </object_component>
      <object_component id="oc-fa">
         <name>.debug_info</name>
         <load_address>0xe06</load_address>
         <run_address>0xe06</run_address>
         <size>0x191</size>
         <input_file_ref idref="fl-2"/>
      </object_component>
      <object_component id="oc-35">
         <name>.debug_info</name>
         <load_address>0xf97</load_address>
         <run_address>0xf97</run_address>
         <size>0x151</size>
         <input_file_ref idref="fl-2"/>
      </object_component>
      <object_component id="oc-3b">
         <name>.debug_info</name>
         <load_address>0x10e8</load_address>
         <run_address>0x10e8</run_address>
         <size>0x156</size>
         <input_file_ref idref="fl-2"/>
      </object_component>
      <object_component id="oc-be">
         <name>.debug_info</name>
         <load_address>0x123e</load_address>
         <run_address>0x123e</run_address>
         <size>0x48c</size>
         <input_file_ref idref="fl-2"/>
      </object_component>
      <object_component id="oc-97">
         <name>.debug_info</name>
         <load_address>0x16ca</load_address>
         <run_address>0x16ca</run_address>
         <size>0x26b</size>
         <input_file_ref idref="fl-2"/>
      </object_component>
      <object_component id="oc-1aa">
         <name>.debug_info</name>
         <load_address>0x1935</load_address>
         <run_address>0x1935</run_address>
         <size>0x1028</size>
         <input_file_ref idref="fl-2"/>
      </object_component>
      <object_component id="oc-1b4">
         <name>.debug_info</name>
         <load_address>0x295d</load_address>
         <run_address>0x295d</run_address>
         <size>0x186</size>
         <input_file_ref idref="fl-2"/>
      </object_component>
      <object_component id="oc-de">
         <name>.debug_info</name>
         <load_address>0x2ae3</load_address>
         <run_address>0x2ae3</run_address>
         <size>0x8b</size>
         <input_file_ref idref="fl-2"/>
      </object_component>
      <object_component id="oc-d3">
         <name>.debug_info</name>
         <load_address>0x2b6e</load_address>
         <run_address>0x2b6e</run_address>
         <size>0x2a4</size>
         <input_file_ref idref="fl-2"/>
      </object_component>
      <object_component id="oc-89">
         <name>.debug_info</name>
         <load_address>0x2e12</load_address>
         <run_address>0x2e12</run_address>
         <size>0xbb</size>
         <input_file_ref idref="fl-2"/>
      </object_component>
      <object_component id="oc-1ff">
         <name>.debug_info</name>
         <load_address>0x2ecd</load_address>
         <run_address>0x2ecd</run_address>
         <size>0x2c</size>
         <input_file_ref idref="fl-2"/>
      </object_component>
      <object_component id="oc-1af">
         <name>.debug_info</name>
         <load_address>0x2ef9</load_address>
         <run_address>0x2ef9</run_address>
         <size>0x35</size>
         <input_file_ref idref="fl-2"/>
      </object_component>
      <object_component id="oc-d0">
         <name>.debug_info</name>
         <load_address>0x2f2e</load_address>
         <run_address>0x2f2e</run_address>
         <size>0xf5</size>
         <input_file_ref idref="fl-3"/>
      </object_component>
      <object_component id="oc-81">
         <name>.debug_info</name>
         <load_address>0x3023</load_address>
         <run_address>0x3023</run_address>
         <size>0x131</size>
         <input_file_ref idref="fl-3"/>
      </object_component>
      <object_component id="oc-49">
         <name>.debug_info</name>
         <load_address>0x3154</load_address>
         <run_address>0x3154</run_address>
         <size>0x84</size>
         <input_file_ref idref="fl-3"/>
      </object_component>
      <object_component id="oc-1fe">
         <name>.debug_info</name>
         <load_address>0x31d8</load_address>
         <run_address>0x31d8</run_address>
         <size>0x7e6</size>
         <input_file_ref idref="fl-4"/>
      </object_component>
      <object_component id="oc-241">
         <name>.debug_info</name>
         <load_address>0x39be</load_address>
         <run_address>0x39be</run_address>
         <size>0xe1</size>
         <input_file_ref idref="fl-4"/>
      </object_component>
      <object_component id="oc-25b">
         <name>.debug_info</name>
         <load_address>0x3a9f</load_address>
         <run_address>0x3a9f</run_address>
         <size>0xdb</size>
         <input_file_ref idref="fl-4"/>
      </object_component>
      <object_component id="oc-247">
         <name>.debug_info</name>
         <load_address>0x3b7a</load_address>
         <run_address>0x3b7a</run_address>
         <size>0xe9</size>
         <input_file_ref idref="fl-4"/>
      </object_component>
      <object_component id="oc-23e">
         <name>.debug_info</name>
         <load_address>0x3c63</load_address>
         <run_address>0x3c63</run_address>
         <size>0xed</size>
         <input_file_ref idref="fl-4"/>
      </object_component>
      <object_component id="oc-1d5">
         <name>.debug_info</name>
         <load_address>0x3d50</load_address>
         <run_address>0x3d50</run_address>
         <size>0x1f4</size>
         <input_file_ref idref="fl-4"/>
      </object_component>
      <object_component id="oc-250">
         <name>.debug_info</name>
         <load_address>0x3f44</load_address>
         <run_address>0x3f44</run_address>
         <size>0x191</size>
         <input_file_ref idref="fl-4"/>
      </object_component>
      <object_component id="oc-243">
         <name>.debug_info</name>
         <load_address>0x40d5</load_address>
         <run_address>0x40d5</run_address>
         <size>0x1f0</size>
         <input_file_ref idref="fl-4"/>
      </object_component>
      <object_component id="oc-1fa">
         <name>.debug_info</name>
         <load_address>0x42c5</load_address>
         <run_address>0x42c5</run_address>
         <size>0x2f1</size>
         <input_file_ref idref="fl-4"/>
      </object_component>
      <object_component id="oc-14f">
         <name>.debug_info</name>
         <load_address>0x45b6</load_address>
         <run_address>0x45b6</run_address>
         <size>0x15c</size>
         <input_file_ref idref="fl-4"/>
      </object_component>
      <object_component id="oc-42">
         <name>.debug_info</name>
         <load_address>0x4712</load_address>
         <run_address>0x4712</run_address>
         <size>0x2d5</size>
         <input_file_ref idref="fl-5"/>
      </object_component>
      <object_component id="oc-14">
         <name>.debug_info</name>
         <load_address>0x49e7</load_address>
         <run_address>0x49e7</run_address>
         <size>0x100</size>
         <input_file_ref idref="fl-5"/>
      </object_component>
      <object_component id="oc-2b">
         <name>.debug_info</name>
         <load_address>0x4ae7</load_address>
         <run_address>0x4ae7</run_address>
         <size>0x166</size>
         <input_file_ref idref="fl-5"/>
      </object_component>
      <object_component id="oc-31">
         <name>.debug_info</name>
         <load_address>0x4c4d</load_address>
         <run_address>0x4c4d</run_address>
         <size>0x14e</size>
         <input_file_ref idref="fl-5"/>
      </object_component>
      <object_component id="oc-28e">
         <name>.debug_info</name>
         <load_address>0x4d9b</load_address>
         <run_address>0x4d9b</run_address>
         <size>0x889</size>
         <input_file_ref idref="fl-10"/>
      </object_component>
      <object_component id="oc-102">
         <name>.debug_info</name>
         <load_address>0x5624</load_address>
         <run_address>0x5624</run_address>
         <size>0x2b9</size>
         <input_file_ref idref="fl-10"/>
      </object_component>
      <object_component id="oc-289">
         <name>.debug_info</name>
         <load_address>0x58dd</load_address>
         <run_address>0x58dd</run_address>
         <size>0x26b</size>
         <input_file_ref idref="fl-10"/>
      </object_component>
      <object_component id="oc-299">
         <name>.debug_info</name>
         <load_address>0x5b48</load_address>
         <run_address>0x5b48</run_address>
         <size>0x1028</size>
         <input_file_ref idref="fl-10"/>
      </object_component>
      <object_component id="oc-238">
         <name>.debug_info</name>
         <load_address>0x6b70</load_address>
         <run_address>0x6b70</run_address>
         <size>0x297</size>
         <input_file_ref idref="fl-10"/>
      </object_component>
      <object_component id="oc-22b">
         <name>.debug_info</name>
         <load_address>0x6e07</load_address>
         <run_address>0x6e07</run_address>
         <size>0xef</size>
         <input_file_ref idref="fl-10"/>
      </object_component>
      <object_component id="oc-1cf">
         <name>.debug_info</name>
         <load_address>0x6ef6</load_address>
         <run_address>0x6ef6</run_address>
         <size>0xbb</size>
         <input_file_ref idref="fl-10"/>
      </object_component>
      <object_component id="oc-24e">
         <name>.debug_info</name>
         <load_address>0x6fb1</load_address>
         <run_address>0x6fb1</run_address>
         <size>0x8a4</size>
         <input_file_ref idref="fl-11"/>
      </object_component>
      <object_component id="oc-1eb">
         <name>.debug_info</name>
         <load_address>0x7855</load_address>
         <run_address>0x7855</run_address>
         <size>0x139</size>
         <input_file_ref idref="fl-11"/>
      </object_component>
      <object_component id="oc-1e3">
         <name>.debug_info</name>
         <load_address>0x798e</load_address>
         <run_address>0x798e</run_address>
         <size>0x236</size>
         <input_file_ref idref="fl-11"/>
      </object_component>
      <object_component id="oc-1dd">
         <name>.debug_info</name>
         <load_address>0x7bc4</load_address>
         <run_address>0x7bc4</run_address>
         <size>0x29d</size>
         <input_file_ref idref="fl-11"/>
      </object_component>
      <object_component id="oc-148">
         <name>.debug_info</name>
         <load_address>0x7e61</load_address>
         <run_address>0x7e61</run_address>
         <size>0x228</size>
         <input_file_ref idref="fl-11"/>
      </object_component>
      <object_component id="oc-106">
         <name>.debug_info</name>
         <load_address>0x8089</load_address>
         <run_address>0x8089</run_address>
         <size>0x23b</size>
         <input_file_ref idref="fl-11"/>
      </object_component>
      <object_component id="oc-118">
         <name>.debug_info</name>
         <load_address>0x82c4</load_address>
         <run_address>0x82c4</run_address>
         <size>0x22d</size>
         <input_file_ref idref="fl-11"/>
      </object_component>
      <object_component id="oc-112">
         <name>.debug_info</name>
         <load_address>0x84f1</load_address>
         <run_address>0x84f1</run_address>
         <size>0x220</size>
         <input_file_ref idref="fl-11"/>
      </object_component>
      <object_component id="oc-136">
         <name>.debug_info</name>
         <load_address>0x8711</load_address>
         <run_address>0x8711</run_address>
         <size>0x1c2</size>
         <input_file_ref idref="fl-13"/>
      </object_component>
      <object_component id="oc-11e">
         <name>.debug_info</name>
         <load_address>0x88d3</load_address>
         <run_address>0x88d3</run_address>
         <size>0x1c4</size>
         <input_file_ref idref="fl-13"/>
      </object_component>
      <object_component id="oc-12a">
         <name>.debug_info</name>
         <load_address>0x8a97</load_address>
         <run_address>0x8a97</run_address>
         <size>0x252</size>
         <input_file_ref idref="fl-13"/>
      </object_component>
      <object_component id="oc-154">
         <name>.debug_info</name>
         <load_address>0x8ce9</load_address>
         <run_address>0x8ce9</run_address>
         <size>0x1d0</size>
         <input_file_ref idref="fl-13"/>
      </object_component>
      <object_component id="oc-142">
         <name>.debug_info</name>
         <load_address>0x8eb9</load_address>
         <run_address>0x8eb9</run_address>
         <size>0x20f</size>
         <input_file_ref idref="fl-13"/>
      </object_component>
      <object_component id="oc-160">
         <name>.debug_info</name>
         <load_address>0x90c8</load_address>
         <run_address>0x90c8</run_address>
         <size>0x1d2</size>
         <input_file_ref idref="fl-13"/>
      </object_component>
      <object_component id="oc-13c">
         <name>.debug_info</name>
         <load_address>0x929a</load_address>
         <run_address>0x929a</run_address>
         <size>0x1d5</size>
         <input_file_ref idref="fl-13"/>
      </object_component>
      <object_component id="oc-131">
         <name>.debug_info</name>
         <load_address>0x946f</load_address>
         <run_address>0x946f</run_address>
         <size>0x251</size>
         <input_file_ref idref="fl-13"/>
      </object_component>
      <object_component id="oc-15b">
         <name>.debug_info</name>
         <load_address>0x96c0</load_address>
         <run_address>0x96c0</run_address>
         <size>0x1d3</size>
         <input_file_ref idref="fl-13"/>
      </object_component>
      <object_component id="oc-126">
         <name>.debug_info</name>
         <load_address>0x9893</load_address>
         <run_address>0x9893</run_address>
         <size>0x210</size>
         <input_file_ref idref="fl-13"/>
      </object_component>
      <object_component id="oc-233">
         <name>.debug_info</name>
         <load_address>0x9aa3</load_address>
         <run_address>0x9aa3</run_address>
         <size>0x3de</size>
         <input_file_ref idref="fl-14"/>
      </object_component>
      <object_component id="oc-1c6">
         <name>.debug_info</name>
         <load_address>0x9e81</load_address>
         <run_address>0x9e81</run_address>
         <size>0x12b</size>
         <input_file_ref idref="fl-14"/>
      </object_component>
      <object_component id="oc-1cc">
         <name>.debug_info</name>
         <load_address>0x9fac</load_address>
         <run_address>0x9fac</run_address>
         <size>0x137</size>
         <input_file_ref idref="fl-14"/>
      </object_component>
      <object_component id="oc-228">
         <name>.debug_info</name>
         <load_address>0xa0e3</load_address>
         <run_address>0xa0e3</run_address>
         <size>0x131</size>
         <input_file_ref idref="fl-14"/>
      </object_component>
      <object_component id="oc-1c9">
         <name>.debug_info</name>
         <load_address>0xa214</load_address>
         <run_address>0xa214</run_address>
         <size>0x13e</size>
         <input_file_ref idref="fl-14"/>
      </object_component>
      <object_component id="oc-1ba">
         <name>.debug_info</name>
         <load_address>0xa352</load_address>
         <run_address>0xa352</run_address>
         <size>0x208</size>
         <input_file_ref idref="fl-14"/>
      </object_component>
      <object_component id="oc-1c0">
         <name>.debug_info</name>
         <load_address>0xa55a</load_address>
         <run_address>0xa55a</run_address>
         <size>0x289</size>
         <input_file_ref idref="fl-14"/>
      </object_component>
      <object_component id="oc-10c">
         <name>.debug_info</name>
         <load_address>0xa7e3</load_address>
         <run_address>0xa7e3</run_address>
         <size>0x200</size>
         <input_file_ref idref="fl-14"/>
      </object_component>
      <object_component id="oc-f4">
         <name>.debug_info</name>
         <load_address>0xa9e3</load_address>
         <run_address>0xa9e3</run_address>
         <size>0x3c7</size>
         <input_file_ref idref="fl-14"/>
      </object_component>
      <object_component id="oc-285">
         <name>.debug_info</name>
         <load_address>0xadaa</load_address>
         <run_address>0xadaa</run_address>
         <size>0x51</size>
         <input_file_ref idref="fl-14"/>
      </object_component>
      <object_component id="oc-257">
         <name>.debug_info</name>
         <load_address>0xadfb</load_address>
         <run_address>0xadfb</run_address>
         <size>0x142</size>
         <input_file_ref idref="fl-cb"/>
      </object_component>
      <object_component id="oc-b0">
         <name>.debug_info</name>
         <load_address>0xaf3d</load_address>
         <run_address>0xaf3d</run_address>
         <size>0x2d4</size>
         <input_file_ref idref="fl-cc"/>
      </object_component>
      <object_component id="oc-5c">
         <name>.debug_info</name>
         <load_address>0xb211</load_address>
         <run_address>0xb211</run_address>
         <size>0x1d2</size>
         <input_file_ref idref="fl-cc"/>
      </object_component>
      <object_component id="oc-ab">
         <name>.debug_info</name>
         <load_address>0xb3e3</load_address>
         <run_address>0xb3e3</run_address>
         <size>0x46</size>
         <input_file_ref idref="fl-cc"/>
      </object_component>
      <object_component id="oc-ea">
         <name>.debug_info</name>
         <load_address>0xb429</load_address>
         <run_address>0xb429</run_address>
         <size>0x2c</size>
         <input_file_ref idref="fl-cc"/>
      </object_component>
      <object_component id="oc-59">
         <name>.debug_info</name>
         <load_address>0xb455</load_address>
         <run_address>0xb455</run_address>
         <size>0x2a8</size>
         <input_file_ref idref="fl-cd"/>
      </object_component>
      <object_component id="oc-1f">
         <name>.debug_info</name>
         <load_address>0xb6fd</load_address>
         <run_address>0xb6fd</run_address>
         <size>0x1ea</size>
         <input_file_ref idref="fl-cd"/>
      </object_component>
      <object_component id="oc-54">
         <name>.debug_info</name>
         <load_address>0xb8e7</load_address>
         <run_address>0xb8e7</run_address>
         <size>0x46</size>
         <input_file_ref idref="fl-cd"/>
      </object_component>
      <object_component id="oc-a3">
         <name>.debug_info</name>
         <load_address>0xb92d</load_address>
         <run_address>0xb92d</run_address>
         <size>0x2c</size>
         <input_file_ref idref="fl-cd"/>
      </object_component>
      <object_component id="oc-a1">
         <name>.debug_info</name>
         <load_address>0xb959</load_address>
         <run_address>0xb959</run_address>
         <size>0x29e</size>
         <input_file_ref idref="fl-ce"/>
      </object_component>
      <object_component id="oc-19">
         <name>.debug_info</name>
         <load_address>0xbbf7</load_address>
         <run_address>0xbbf7</run_address>
         <size>0x250</size>
         <input_file_ref idref="fl-ce"/>
      </object_component>
      <object_component id="oc-44">
         <name>.debug_info</name>
         <load_address>0xbe47</load_address>
         <run_address>0xbe47</run_address>
         <size>0x60</size>
         <input_file_ref idref="fl-ce"/>
      </object_component>
      <object_component id="oc-e3">
         <name>.debug_info</name>
         <load_address>0xbea7</load_address>
         <run_address>0xbea7</run_address>
         <size>0x46</size>
         <input_file_ref idref="fl-ce"/>
      </object_component>
      <object_component id="oc-9c">
         <name>.debug_info</name>
         <load_address>0xbeed</load_address>
         <run_address>0xbeed</run_address>
         <size>0x39</size>
         <input_file_ref idref="fl-ce"/>
      </object_component>
      <object_component id="oc-26">
         <name>.debug_info</name>
         <load_address>0xbf26</load_address>
         <run_address>0xbf26</run_address>
         <size>0x10b</size>
         <input_file_ref idref="fl-cf"/>
      </object_component>
      <object_component id="oc-6d">
         <name>.debug_info</name>
         <load_address>0xc031</load_address>
         <run_address>0xc031</run_address>
         <size>0x1a9</size>
         <input_file_ref idref="fl-cf"/>
      </object_component>
      <object_component id="oc-2a0">
         <name>.debug_info</name>
         <load_address>0xc1da</load_address>
         <run_address>0xc1da</run_address>
         <size>0x115</size>
         <input_file_ref idref="fl-d0"/>
      </object_component>
      <object_component id="oc-4f">
         <name>.debug_info</name>
         <load_address>0xc2ef</load_address>
         <run_address>0xc2ef</run_address>
         <size>0x119</size>
         <input_file_ref idref="fl-d1"/>
      </object_component>
      <object_component id="oc-212">
         <name>.debug_info</name>
         <load_address>0xc408</load_address>
         <run_address>0xc408</run_address>
         <size>0x4b3</size>
         <input_file_ref idref="fl-d3"/>
      </object_component>
      <object_component id="oc-176">
         <name>.debug_info</name>
         <load_address>0xc8bb</load_address>
         <run_address>0xc8bb</run_address>
         <size>0x1a6</size>
         <input_file_ref idref="fl-d3"/>
      </object_component>
      <object_component id="oc-270">
         <name>.debug_info</name>
         <load_address>0xca61</load_address>
         <run_address>0xca61</run_address>
         <size>0x39</size>
         <input_file_ref idref="fl-d3"/>
      </object_component>
      <object_component id="oc-2ab">
         <name>.debug_info</name>
         <load_address>0xca9a</load_address>
         <run_address>0xca9a</run_address>
         <size>0x39</size>
         <input_file_ref idref="fl-d3"/>
      </object_component>
      <object_component id="oc-275">
         <name>.debug_info</name>
         <load_address>0xcad3</load_address>
         <run_address>0xcad3</run_address>
         <size>0x39</size>
         <input_file_ref idref="fl-d3"/>
      </object_component>
      <object_component id="oc-27a">
         <name>.debug_info</name>
         <load_address>0xcb0c</load_address>
         <run_address>0xcb0c</run_address>
         <size>0xcd</size>
         <input_file_ref idref="fl-d3"/>
      </object_component>
      <object_component id="oc-bb">
         <name>.debug_info</name>
         <load_address>0xcbd9</load_address>
         <run_address>0xcbd9</run_address>
         <size>0x153</size>
         <input_file_ref idref="fl-d4"/>
      </object_component>
      <object_component id="oc-169">
         <name>.debug_info</name>
         <load_address>0xcd2c</load_address>
         <run_address>0xcd2c</run_address>
         <size>0x122</size>
         <input_file_ref idref="fl-d6"/>
      </object_component>
      <object_component id="oc-2ea">
         <name>.debug_info</name>
         <load_address>0xce4e</load_address>
         <run_address>0xce4e</run_address>
         <size>0xa8</size>
      </object_component>
      <object_component id="oc-1a9">
         <name>.debug_line</name>
         <load_address>0x0</load_address>
         <run_address>0x0</run_address>
         <size>0x1a3</size>
         <input_file_ref idref="fl-2"/>
      </object_component>
      <object_component id="oc-d9">
         <name>.debug_line</name>
         <load_address>0x1a3</load_address>
         <run_address>0x1a3</run_address>
         <size>0x31</size>
         <input_file_ref idref="fl-2"/>
      </object_component>
      <object_component id="oc-dd">
         <name>.debug_line</name>
         <load_address>0x1d4</load_address>
         <run_address>0x1d4</run_address>
         <size>0x31</size>
         <input_file_ref idref="fl-2"/>
      </object_component>
      <object_component id="oc-fe">
         <name>.debug_line</name>
         <load_address>0x205</load_address>
         <run_address>0x205</run_address>
         <size>0x4e</size>
         <input_file_ref idref="fl-2"/>
      </object_component>
      <object_component id="oc-38">
         <name>.debug_line</name>
         <load_address>0x253</load_address>
         <run_address>0x253</run_address>
         <size>0x4a</size>
         <input_file_ref idref="fl-2"/>
      </object_component>
      <object_component id="oc-3e">
         <name>.debug_line</name>
         <load_address>0x29d</load_address>
         <run_address>0x29d</run_address>
         <size>0x54</size>
         <input_file_ref idref="fl-2"/>
      </object_component>
      <object_component id="oc-c1">
         <name>.debug_line</name>
         <load_address>0x2f1</load_address>
         <run_address>0x2f1</run_address>
         <size>0xd6</size>
         <input_file_ref idref="fl-2"/>
      </object_component>
      <object_component id="oc-9a">
         <name>.debug_line</name>
         <load_address>0x3c7</load_address>
         <run_address>0x3c7</run_address>
         <size>0x6f</size>
         <input_file_ref idref="fl-2"/>
      </object_component>
      <object_component id="oc-1ad">
         <name>.debug_line</name>
         <load_address>0x436</load_address>
         <run_address>0x436</run_address>
         <size>0x78</size>
         <input_file_ref idref="fl-2"/>
      </object_component>
      <object_component id="oc-1b7">
         <name>.debug_line</name>
         <load_address>0x4ae</load_address>
         <run_address>0x4ae</run_address>
         <size>0x78</size>
         <input_file_ref idref="fl-2"/>
      </object_component>
      <object_component id="oc-e1">
         <name>.debug_line</name>
         <load_address>0x526</load_address>
         <run_address>0x526</run_address>
         <size>0x20</size>
         <input_file_ref idref="fl-2"/>
      </object_component>
      <object_component id="oc-d6">
         <name>.debug_line</name>
         <load_address>0x546</load_address>
         <run_address>0x546</run_address>
         <size>0x73</size>
         <input_file_ref idref="fl-2"/>
      </object_component>
      <object_component id="oc-8c">
         <name>.debug_line</name>
         <load_address>0x5b9</load_address>
         <run_address>0x5b9</run_address>
         <size>0x70</size>
         <input_file_ref idref="fl-2"/>
      </object_component>
      <object_component id="oc-202">
         <name>.debug_line</name>
         <load_address>0x629</load_address>
         <run_address>0x629</run_address>
         <size>0x6b</size>
         <input_file_ref idref="fl-2"/>
      </object_component>
      <object_component id="oc-1b2">
         <name>.debug_line</name>
         <load_address>0x694</load_address>
         <run_address>0x694</run_address>
         <size>0x72</size>
         <input_file_ref idref="fl-2"/>
      </object_component>
      <object_component id="oc-1a7">
         <name>.debug_line</name>
         <load_address>0x706</load_address>
         <run_address>0x706</run_address>
         <size>0x3b</size>
         <input_file_ref idref="fl-3"/>
      </object_component>
      <object_component id="oc-85">
         <name>.debug_line</name>
         <load_address>0x741</load_address>
         <run_address>0x741</run_address>
         <size>0x56</size>
         <input_file_ref idref="fl-3"/>
      </object_component>
      <object_component id="oc-4c">
         <name>.debug_line</name>
         <load_address>0x797</load_address>
         <run_address>0x797</run_address>
         <size>0x20</size>
         <input_file_ref idref="fl-3"/>
      </object_component>
      <object_component id="oc-25f">
         <name>.debug_line</name>
         <load_address>0x7b7</load_address>
         <run_address>0x7b7</run_address>
         <size>0x20</size>
         <input_file_ref idref="fl-4"/>
      </object_component>
      <object_component id="oc-292">
         <name>.debug_line</name>
         <load_address>0x7d7</load_address>
         <run_address>0x7d7</run_address>
         <size>0x32</size>
         <input_file_ref idref="fl-4"/>
      </object_component>
      <object_component id="oc-2a7">
         <name>.debug_line</name>
         <load_address>0x809</load_address>
         <run_address>0x809</run_address>
         <size>0x32</size>
         <input_file_ref idref="fl-4"/>
      </object_component>
      <object_component id="oc-296">
         <name>.debug_line</name>
         <load_address>0x83b</load_address>
         <run_address>0x83b</run_address>
         <size>0x32</size>
         <input_file_ref idref="fl-4"/>
      </object_component>
      <object_component id="oc-290">
         <name>.debug_line</name>
         <load_address>0x86d</load_address>
         <run_address>0x86d</run_address>
         <size>0x32</size>
         <input_file_ref idref="fl-4"/>
      </object_component>
      <object_component id="oc-1d8">
         <name>.debug_line</name>
         <load_address>0x89f</load_address>
         <run_address>0x89f</run_address>
         <size>0x5b</size>
         <input_file_ref idref="fl-4"/>
      </object_component>
      <object_component id="oc-253">
         <name>.debug_line</name>
         <load_address>0x8fa</load_address>
         <run_address>0x8fa</run_address>
         <size>0x6c</size>
         <input_file_ref idref="fl-4"/>
      </object_component>
      <object_component id="oc-294">
         <name>.debug_line</name>
         <load_address>0x966</load_address>
         <run_address>0x966</run_address>
         <size>0xa8</size>
         <input_file_ref idref="fl-4"/>
      </object_component>
      <object_component id="oc-1f8">
         <name>.debug_line</name>
         <load_address>0xa0e</load_address>
         <run_address>0xa0e</run_address>
         <size>0xe7</size>
         <input_file_ref idref="fl-4"/>
      </object_component>
      <object_component id="oc-14e">
         <name>.debug_line</name>
         <load_address>0xaf5</load_address>
         <run_address>0xaf5</run_address>
         <size>0x4c</size>
         <input_file_ref idref="fl-4"/>
      </object_component>
      <object_component id="oc-96">
         <name>.debug_line</name>
         <load_address>0xb41</load_address>
         <run_address>0xb41</run_address>
         <size>0x44</size>
         <input_file_ref idref="fl-5"/>
      </object_component>
      <object_component id="oc-41">
         <name>.debug_line</name>
         <load_address>0xb85</load_address>
         <run_address>0xb85</run_address>
         <size>0x44</size>
         <input_file_ref idref="fl-5"/>
      </object_component>
      <object_component id="oc-2a">
         <name>.debug_line</name>
         <load_address>0xbc9</load_address>
         <run_address>0xbc9</run_address>
         <size>0x5d</size>
         <input_file_ref idref="fl-5"/>
      </object_component>
      <object_component id="oc-33">
         <name>.debug_line</name>
         <load_address>0xc26</load_address>
         <run_address>0xc26</run_address>
         <size>0x59</size>
         <input_file_ref idref="fl-5"/>
      </object_component>
      <object_component id="oc-2b8">
         <name>.debug_line</name>
         <load_address>0xc7f</load_address>
         <run_address>0xc7f</run_address>
         <size>0x54</size>
         <input_file_ref idref="fl-10"/>
      </object_component>
      <object_component id="oc-101">
         <name>.debug_line</name>
         <load_address>0xcd3</load_address>
         <run_address>0xcd3</run_address>
         <size>0x81</size>
         <input_file_ref idref="fl-10"/>
      </object_component>
      <object_component id="oc-28c">
         <name>.debug_line</name>
         <load_address>0xd54</load_address>
         <run_address>0xd54</run_address>
         <size>0x51</size>
         <input_file_ref idref="fl-10"/>
      </object_component>
      <object_component id="oc-29c">
         <name>.debug_line</name>
         <load_address>0xda5</load_address>
         <run_address>0xda5</run_address>
         <size>0x4f</size>
         <input_file_ref idref="fl-10"/>
      </object_component>
      <object_component id="oc-23b">
         <name>.debug_line</name>
         <load_address>0xdf4</load_address>
         <run_address>0xdf4</run_address>
         <size>0x55</size>
         <input_file_ref idref="fl-10"/>
      </object_component>
      <object_component id="oc-22e">
         <name>.debug_line</name>
         <load_address>0xe49</load_address>
         <run_address>0xe49</run_address>
         <size>0x51</size>
         <input_file_ref idref="fl-10"/>
      </object_component>
      <object_component id="oc-1d2">
         <name>.debug_line</name>
         <load_address>0xe9a</load_address>
         <run_address>0xe9a</run_address>
         <size>0x52</size>
         <input_file_ref idref="fl-10"/>
      </object_component>
      <object_component id="oc-298">
         <name>.debug_line</name>
         <load_address>0xeec</load_address>
         <run_address>0xeec</run_address>
         <size>0x54</size>
         <input_file_ref idref="fl-11"/>
      </object_component>
      <object_component id="oc-24d">
         <name>.debug_line</name>
         <load_address>0xf40</load_address>
         <run_address>0xf40</run_address>
         <size>0x4f</size>
         <input_file_ref idref="fl-11"/>
      </object_component>
      <object_component id="oc-1e6">
         <name>.debug_line</name>
         <load_address>0xf8f</load_address>
         <run_address>0xf8f</run_address>
         <size>0x6c</size>
         <input_file_ref idref="fl-11"/>
      </object_component>
      <object_component id="oc-1e0">
         <name>.debug_line</name>
         <load_address>0xffb</load_address>
         <run_address>0xffb</run_address>
         <size>0xa5</size>
         <input_file_ref idref="fl-11"/>
      </object_component>
      <object_component id="oc-14b">
         <name>.debug_line</name>
         <load_address>0x10a0</load_address>
         <run_address>0x10a0</run_address>
         <size>0x67</size>
         <input_file_ref idref="fl-11"/>
      </object_component>
      <object_component id="oc-109">
         <name>.debug_line</name>
         <load_address>0x1107</load_address>
         <run_address>0x1107</run_address>
         <size>0x68</size>
         <input_file_ref idref="fl-11"/>
      </object_component>
      <object_component id="oc-11b">
         <name>.debug_line</name>
         <load_address>0x116f</load_address>
         <run_address>0x116f</run_address>
         <size>0x68</size>
         <input_file_ref idref="fl-11"/>
      </object_component>
      <object_component id="oc-115">
         <name>.debug_line</name>
         <load_address>0x11d7</load_address>
         <run_address>0x11d7</run_address>
         <size>0x6a</size>
         <input_file_ref idref="fl-11"/>
      </object_component>
      <object_component id="oc-13a">
         <name>.debug_line</name>
         <load_address>0x1241</load_address>
         <run_address>0x1241</run_address>
         <size>0x66</size>
         <input_file_ref idref="fl-13"/>
      </object_component>
      <object_component id="oc-121">
         <name>.debug_line</name>
         <load_address>0x12a7</load_address>
         <run_address>0x12a7</run_address>
         <size>0x66</size>
         <input_file_ref idref="fl-13"/>
      </object_component>
      <object_component id="oc-12d">
         <name>.debug_line</name>
         <load_address>0x130d</load_address>
         <run_address>0x130d</run_address>
         <size>0x67</size>
         <input_file_ref idref="fl-13"/>
      </object_component>
      <object_component id="oc-157">
         <name>.debug_line</name>
         <load_address>0x1374</load_address>
         <run_address>0x1374</run_address>
         <size>0x66</size>
         <input_file_ref idref="fl-13"/>
      </object_component>
      <object_component id="oc-145">
         <name>.debug_line</name>
         <load_address>0x13da</load_address>
         <run_address>0x13da</run_address>
         <size>0x66</size>
         <input_file_ref idref="fl-13"/>
      </object_component>
      <object_component id="oc-163">
         <name>.debug_line</name>
         <load_address>0x1440</load_address>
         <run_address>0x1440</run_address>
         <size>0x66</size>
         <input_file_ref idref="fl-13"/>
      </object_component>
      <object_component id="oc-140">
         <name>.debug_line</name>
         <load_address>0x14a6</load_address>
         <run_address>0x14a6</run_address>
         <size>0x66</size>
         <input_file_ref idref="fl-13"/>
      </object_component>
      <object_component id="oc-134">
         <name>.debug_line</name>
         <load_address>0x150c</load_address>
         <run_address>0x150c</run_address>
         <size>0x67</size>
         <input_file_ref idref="fl-13"/>
      </object_component>
      <object_component id="oc-15e">
         <name>.debug_line</name>
         <load_address>0x1573</load_address>
         <run_address>0x1573</run_address>
         <size>0x66</size>
         <input_file_ref idref="fl-13"/>
      </object_component>
      <object_component id="oc-125">
         <name>.debug_line</name>
         <load_address>0x15d9</load_address>
         <run_address>0x15d9</run_address>
         <size>0x66</size>
         <input_file_ref idref="fl-13"/>
      </object_component>
      <object_component id="oc-284">
         <name>.debug_line</name>
         <load_address>0x163f</load_address>
         <run_address>0x163f</run_address>
         <size>0x82</size>
         <input_file_ref idref="fl-14"/>
      </object_component>
      <object_component id="oc-232">
         <name>.debug_line</name>
         <load_address>0x16c1</load_address>
         <run_address>0x16c1</run_address>
         <size>0x51</size>
         <input_file_ref idref="fl-14"/>
      </object_component>
      <object_component id="oc-237">
         <name>.debug_line</name>
         <load_address>0x1712</load_address>
         <run_address>0x1712</run_address>
         <size>0x51</size>
         <input_file_ref idref="fl-14"/>
      </object_component>
      <object_component id="oc-282">
         <name>.debug_line</name>
         <load_address>0x1763</load_address>
         <run_address>0x1763</run_address>
         <size>0x51</size>
         <input_file_ref idref="fl-14"/>
      </object_component>
      <object_component id="oc-235">
         <name>.debug_line</name>
         <load_address>0x17b4</load_address>
         <run_address>0x17b4</run_address>
         <size>0x51</size>
         <input_file_ref idref="fl-14"/>
      </object_component>
      <object_component id="oc-1bd">
         <name>.debug_line</name>
         <load_address>0x1805</load_address>
         <run_address>0x1805</run_address>
         <size>0x79</size>
         <input_file_ref idref="fl-14"/>
      </object_component>
      <object_component id="oc-1c3">
         <name>.debug_line</name>
         <load_address>0x187e</load_address>
         <run_address>0x187e</run_address>
         <size>0x74</size>
         <input_file_ref idref="fl-14"/>
      </object_component>
      <object_component id="oc-10f">
         <name>.debug_line</name>
         <load_address>0x18f2</load_address>
         <run_address>0x18f2</run_address>
         <size>0x6d</size>
         <input_file_ref idref="fl-14"/>
      </object_component>
      <object_component id="oc-f7">
         <name>.debug_line</name>
         <load_address>0x195f</load_address>
         <run_address>0x195f</run_address>
         <size>0x121</size>
         <input_file_ref idref="fl-14"/>
      </object_component>
      <object_component id="oc-287">
         <name>.debug_line</name>
         <load_address>0x1a80</load_address>
         <run_address>0x1a80</run_address>
         <size>0x51</size>
         <input_file_ref idref="fl-14"/>
      </object_component>
      <object_component id="oc-256">
         <name>.debug_line</name>
         <load_address>0x1ad1</load_address>
         <run_address>0x1ad1</run_address>
         <size>0x5b</size>
         <input_file_ref idref="fl-cb"/>
      </object_component>
      <object_component id="oc-f0">
         <name>.debug_line</name>
         <load_address>0x1b2c</load_address>
         <run_address>0x1b2c</run_address>
         <size>0x92</size>
         <input_file_ref idref="fl-cc"/>
      </object_component>
      <object_component id="oc-5b">
         <name>.debug_line</name>
         <load_address>0x1bbe</load_address>
         <run_address>0x1bbe</run_address>
         <size>0x4c</size>
         <input_file_ref idref="fl-cc"/>
      </object_component>
      <object_component id="oc-ae">
         <name>.debug_line</name>
         <load_address>0x1c0a</load_address>
         <run_address>0x1c0a</run_address>
         <size>0x34</size>
         <input_file_ref idref="fl-cc"/>
      </object_component>
      <object_component id="oc-ed">
         <name>.debug_line</name>
         <load_address>0x1c3e</load_address>
         <run_address>0x1c3e</run_address>
         <size>0x92</size>
         <input_file_ref idref="fl-cc"/>
      </object_component>
      <object_component id="oc-a9">
         <name>.debug_line</name>
         <load_address>0x1cd0</load_address>
         <run_address>0x1cd0</run_address>
         <size>0x20</size>
         <input_file_ref idref="fl-cd"/>
      </object_component>
      <object_component id="oc-1d">
         <name>.debug_line</name>
         <load_address>0x1cf0</load_address>
         <run_address>0x1cf0</run_address>
         <size>0x55</size>
         <input_file_ref idref="fl-cd"/>
      </object_component>
      <object_component id="oc-57">
         <name>.debug_line</name>
         <load_address>0x1d45</load_address>
         <run_address>0x1d45</run_address>
         <size>0x3a</size>
         <input_file_ref idref="fl-cd"/>
      </object_component>
      <object_component id="oc-a6">
         <name>.debug_line</name>
         <load_address>0x1d7f</load_address>
         <run_address>0x1d7f</run_address>
         <size>0x92</size>
         <input_file_ref idref="fl-cd"/>
      </object_component>
      <object_component id="oc-e9">
         <name>.debug_line</name>
         <load_address>0x1e11</load_address>
         <run_address>0x1e11</run_address>
         <size>0x20</size>
         <input_file_ref idref="fl-ce"/>
      </object_component>
      <object_component id="oc-18">
         <name>.debug_line</name>
         <load_address>0x1e31</load_address>
         <run_address>0x1e31</run_address>
         <size>0xa9</size>
         <input_file_ref idref="fl-ce"/>
      </object_component>
      <object_component id="oc-47">
         <name>.debug_line</name>
         <load_address>0x1eda</load_address>
         <run_address>0x1eda</run_address>
         <size>0x3a</size>
         <input_file_ref idref="fl-ce"/>
      </object_component>
      <object_component id="oc-e6">
         <name>.debug_line</name>
         <load_address>0x1f14</load_address>
         <run_address>0x1f14</run_address>
         <size>0x9a</size>
         <input_file_ref idref="fl-ce"/>
      </object_component>
      <object_component id="oc-9f">
         <name>.debug_line</name>
         <load_address>0x1fae</load_address>
         <run_address>0x1fae</run_address>
         <size>0x96</size>
         <input_file_ref idref="fl-ce"/>
      </object_component>
      <object_component id="oc-7f">
         <name>.debug_line</name>
         <load_address>0x2044</load_address>
         <run_address>0x2044</run_address>
         <size>0x33</size>
         <input_file_ref idref="fl-cf"/>
      </object_component>
      <object_component id="oc-71">
         <name>.debug_line</name>
         <load_address>0x2077</load_address>
         <run_address>0x2077</run_address>
         <size>0x45</size>
         <input_file_ref idref="fl-cf"/>
      </object_component>
      <object_component id="oc-2a3">
         <name>.debug_line</name>
         <load_address>0x20bc</load_address>
         <run_address>0x20bc</run_address>
         <size>0x37</size>
         <input_file_ref idref="fl-d0"/>
      </object_component>
      <object_component id="oc-52">
         <name>.debug_line</name>
         <load_address>0x20f3</load_address>
         <run_address>0x20f3</run_address>
         <size>0x88</size>
         <input_file_ref idref="fl-d1"/>
      </object_component>
      <object_component id="oc-26f">
         <name>.debug_line</name>
         <load_address>0x217b</load_address>
         <run_address>0x217b</run_address>
         <size>0xbf</size>
         <input_file_ref idref="fl-d3"/>
      </object_component>
      <object_component id="oc-179">
         <name>.debug_line</name>
         <load_address>0x223a</load_address>
         <run_address>0x223a</run_address>
         <size>0x6f</size>
         <input_file_ref idref="fl-d3"/>
      </object_component>
      <object_component id="oc-273">
         <name>.debug_line</name>
         <load_address>0x22a9</load_address>
         <run_address>0x22a9</run_address>
         <size>0x2e</size>
         <input_file_ref idref="fl-d3"/>
      </object_component>
      <object_component id="oc-2ae">
         <name>.debug_line</name>
         <load_address>0x22d7</load_address>
         <run_address>0x22d7</run_address>
         <size>0x9a</size>
         <input_file_ref idref="fl-d3"/>
      </object_component>
      <object_component id="oc-278">
         <name>.debug_line</name>
         <load_address>0x2371</load_address>
         <run_address>0x2371</run_address>
         <size>0x97</size>
         <input_file_ref idref="fl-d3"/>
      </object_component>
      <object_component id="oc-27d">
         <name>.debug_line</name>
         <load_address>0x2408</load_address>
         <run_address>0x2408</run_address>
         <size>0x93</size>
         <input_file_ref idref="fl-d3"/>
      </object_component>
      <object_component id="oc-b8">
         <name>.debug_line</name>
         <load_address>0x249b</load_address>
         <run_address>0x249b</run_address>
         <size>0x40</size>
         <input_file_ref idref="fl-d4"/>
      </object_component>
      <object_component id="oc-16d">
         <name>.debug_line</name>
         <load_address>0x24db</load_address>
         <run_address>0x24db</run_address>
         <size>0x3c</size>
         <input_file_ref idref="fl-d6"/>
      </object_component>
      <object_component id="oc-fd">
         <name>.debug_frame</name>
         <load_address>0x0</load_address>
         <run_address>0x0</run_address>
         <size>0x58</size>
         <input_file_ref idref="fl-2"/>
      </object_component>
      <object_component id="oc-39">
         <name>.debug_frame</name>
         <load_address>0x58</load_address>
         <run_address>0x58</run_address>
         <size>0x58</size>
         <input_file_ref idref="fl-2"/>
      </object_component>
      <object_component id="oc-3f">
         <name>.debug_frame</name>
         <load_address>0xb0</load_address>
         <run_address>0xb0</run_address>
         <size>0x5c</size>
         <input_file_ref idref="fl-2"/>
      </object_component>
      <object_component id="oc-c2">
         <name>.debug_frame</name>
         <load_address>0x10c</load_address>
         <run_address>0x10c</run_address>
         <size>0x5c</size>
         <input_file_ref idref="fl-2"/>
      </object_component>
      <object_component id="oc-84">
         <name>.debug_frame</name>
         <load_address>0x168</load_address>
         <run_address>0x168</run_address>
         <size>0x54</size>
         <input_file_ref idref="fl-3"/>
      </object_component>
      <object_component id="oc-1d9">
         <name>.debug_frame</name>
         <load_address>0x1bc</load_address>
         <run_address>0x1bc</run_address>
         <size>0x60</size>
         <input_file_ref idref="fl-4"/>
      </object_component>
      <object_component id="oc-254">
         <name>.debug_frame</name>
         <load_address>0x21c</load_address>
         <run_address>0x21c</run_address>
         <size>0x5c</size>
         <input_file_ref idref="fl-4"/>
      </object_component>
      <object_component id="oc-1f9">
         <name>.debug_frame</name>
         <load_address>0x278</load_address>
         <run_address>0x278</run_address>
         <size>0x60</size>
         <input_file_ref idref="fl-4"/>
      </object_component>
      <object_component id="oc-152">
         <name>.debug_frame</name>
         <load_address>0x2d8</load_address>
         <run_address>0x2d8</run_address>
         <size>0x70</size>
         <input_file_ref idref="fl-4"/>
      </object_component>
      <object_component id="oc-2d">
         <name>.debug_frame</name>
         <load_address>0x348</load_address>
         <run_address>0x348</run_address>
         <size>0x58</size>
         <input_file_ref idref="fl-5"/>
      </object_component>
      <object_component id="oc-30">
         <name>.debug_frame</name>
         <load_address>0x3a0</load_address>
         <run_address>0x3a0</run_address>
         <size>0x54</size>
         <input_file_ref idref="fl-5"/>
      </object_component>
      <object_component id="oc-100">
         <name>.debug_frame</name>
         <load_address>0x3f4</load_address>
         <run_address>0x3f4</run_address>
         <size>0x64</size>
         <input_file_ref idref="fl-10"/>
      </object_component>
      <object_component id="oc-1e7">
         <name>.debug_frame</name>
         <load_address>0x458</load_address>
         <run_address>0x458</run_address>
         <size>0x58</size>
         <input_file_ref idref="fl-11"/>
      </object_component>
      <object_component id="oc-1e1">
         <name>.debug_frame</name>
         <load_address>0x4b0</load_address>
         <run_address>0x4b0</run_address>
         <size>0x64</size>
         <input_file_ref idref="fl-11"/>
      </object_component>
      <object_component id="oc-14c">
         <name>.debug_frame</name>
         <load_address>0x514</load_address>
         <run_address>0x514</run_address>
         <size>0x58</size>
         <input_file_ref idref="fl-11"/>
      </object_component>
      <object_component id="oc-10a">
         <name>.debug_frame</name>
         <load_address>0x56c</load_address>
         <run_address>0x56c</run_address>
         <size>0x5c</size>
         <input_file_ref idref="fl-11"/>
      </object_component>
      <object_component id="oc-11c">
         <name>.debug_frame</name>
         <load_address>0x5c8</load_address>
         <run_address>0x5c8</run_address>
         <size>0x5c</size>
         <input_file_ref idref="fl-11"/>
      </object_component>
      <object_component id="oc-116">
         <name>.debug_frame</name>
         <load_address>0x624</load_address>
         <run_address>0x624</run_address>
         <size>0x60</size>
         <input_file_ref idref="fl-11"/>
      </object_component>
      <object_component id="oc-139">
         <name>.debug_frame</name>
         <load_address>0x684</load_address>
         <run_address>0x684</run_address>
         <size>0x58</size>
         <input_file_ref idref="fl-13"/>
      </object_component>
      <object_component id="oc-122">
         <name>.debug_frame</name>
         <load_address>0x6dc</load_address>
         <run_address>0x6dc</run_address>
         <size>0x58</size>
         <input_file_ref idref="fl-13"/>
      </object_component>
      <object_component id="oc-12e">
         <name>.debug_frame</name>
         <load_address>0x734</load_address>
         <run_address>0x734</run_address>
         <size>0x58</size>
         <input_file_ref idref="fl-13"/>
      </object_component>
      <object_component id="oc-158">
         <name>.debug_frame</name>
         <load_address>0x78c</load_address>
         <run_address>0x78c</run_address>
         <size>0x58</size>
         <input_file_ref idref="fl-13"/>
      </object_component>
      <object_component id="oc-146">
         <name>.debug_frame</name>
         <load_address>0x7e4</load_address>
         <run_address>0x7e4</run_address>
         <size>0x58</size>
         <input_file_ref idref="fl-13"/>
      </object_component>
      <object_component id="oc-164">
         <name>.debug_frame</name>
         <load_address>0x83c</load_address>
         <run_address>0x83c</run_address>
         <size>0x58</size>
         <input_file_ref idref="fl-13"/>
      </object_component>
      <object_component id="oc-13f">
         <name>.debug_frame</name>
         <load_address>0x894</load_address>
         <run_address>0x894</run_address>
         <size>0x58</size>
         <input_file_ref idref="fl-13"/>
      </object_component>
      <object_component id="oc-130">
         <name>.debug_frame</name>
         <load_address>0x8ec</load_address>
         <run_address>0x8ec</run_address>
         <size>0x58</size>
         <input_file_ref idref="fl-13"/>
      </object_component>
      <object_component id="oc-15a">
         <name>.debug_frame</name>
         <load_address>0x944</load_address>
         <run_address>0x944</run_address>
         <size>0x58</size>
         <input_file_ref idref="fl-13"/>
      </object_component>
      <object_component id="oc-124">
         <name>.debug_frame</name>
         <load_address>0x99c</load_address>
         <run_address>0x99c</run_address>
         <size>0x58</size>
         <input_file_ref idref="fl-13"/>
      </object_component>
      <object_component id="oc-1be">
         <name>.debug_frame</name>
         <load_address>0x9f4</load_address>
         <run_address>0x9f4</run_address>
         <size>0x58</size>
         <input_file_ref idref="fl-14"/>
      </object_component>
      <object_component id="oc-1c4">
         <name>.debug_frame</name>
         <load_address>0xa4c</load_address>
         <run_address>0xa4c</run_address>
         <size>0x58</size>
         <input_file_ref idref="fl-14"/>
      </object_component>
      <object_component id="oc-110">
         <name>.debug_frame</name>
         <load_address>0xaa4</load_address>
         <run_address>0xaa4</run_address>
         <size>0x5c</size>
         <input_file_ref idref="fl-14"/>
      </object_component>
      <object_component id="oc-f8">
         <name>.debug_frame</name>
         <load_address>0xb00</load_address>
         <run_address>0xb00</run_address>
         <size>0x64</size>
         <input_file_ref idref="fl-14"/>
      </object_component>
      <object_component id="oc-5f">
         <name>.debug_frame</name>
         <load_address>0xb64</load_address>
         <run_address>0xb64</run_address>
         <size>0x54</size>
         <input_file_ref idref="fl-cc"/>
      </object_component>
      <object_component id="oc-21">
         <name>.debug_frame</name>
         <load_address>0xbb8</load_address>
         <run_address>0xbb8</run_address>
         <size>0x54</size>
         <input_file_ref idref="fl-cd"/>
      </object_component>
      <object_component id="oc-17">
         <name>.debug_frame</name>
         <load_address>0xc0c</load_address>
         <run_address>0xc0c</run_address>
         <size>0x60</size>
         <input_file_ref idref="fl-ce"/>
      </object_component>
      <object_component id="oc-70">
         <name>.debug_frame</name>
         <load_address>0xc6c</load_address>
         <run_address>0xc6c</run_address>
         <size>0x50</size>
         <input_file_ref idref="fl-cf"/>
      </object_component>
      <object_component id="oc-175">
         <name>.debug_frame</name>
         <load_address>0xcbc</load_address>
         <run_address>0xcbc</run_address>
         <size>0x5c</size>
         <input_file_ref idref="fl-d3"/>
      </object_component>
      <object_component id="oc-b9">
         <name>.debug_frame</name>
         <load_address>0xd18</load_address>
         <run_address>0xd18</run_address>
         <size>0x54</size>
         <input_file_ref idref="fl-d4"/>
      </object_component>
      <object_component id="oc-16c">
         <name>.debug_frame</name>
         <load_address>0xd6c</load_address>
         <run_address>0xd6c</run_address>
         <size>0x54</size>
         <input_file_ref idref="fl-d6"/>
      </object_component>
      <object_component id="oc-1a8">
[...]
         <object_component_ref idref="oc-80"/>
      </symbol>
      <symbol id="sm-df">
         <name>SystemCoreClock</name>
         <value>0x20000208</value>
         <object_component_ref idref="oc-cf"/>
      </symbol>
      <symbol id="sm-161">
         <name>UARTStdioConfig</name>
         <value>0x112d</value>
         <object_component_ref idref="oc-1d4"/>
      </symbol>
      <symbol id="sm-162">
         <name>UARTwrite</name>
         <value>0x12cd</value>
         <object_component_ref idref="oc-24f"/>
      </symbol>
      <symbol id="sm-163">
         <name>UARTprintf</name>
         <value>0x156b</value>
         <object_component_ref idref="oc-14d"/>
      </symbol>
      <symbol id="sm-164">
         <name>UARTvprintf</name>
         <value>0x63d</value>
         <object_component_ref idref="oc-1f7"/>
      </symbol>
      <symbol id="sm-180">
         <name>Reset_Handler</name>
         <value>0x1697</value>
         <object_component_ref idref="oc-28"/>
      </symbol>
      <symbol id="sm-181">
         <name>Default_Handler</name>
         <value>0x15af</value>
         <object_component_ref idref="oc-2e"/>
      </symbol>
      <symbol id="sm-182">
         <name>interruptVectors</name>
         <value>0x0</value>
         <object_component_ref idref="oc-13"/>
      </symbol>
      <symbol id="sm-1aa">
         <name>ADCSequenceStepConfigure</name>
         <value>0xe63</value>
         <object_component_ref idref="oc-ff"/>
      </symbol>
      <symbol id="sm-207">
         <name>GPIOPinConfigure</name>
         <value>0x1329</value>
         <object_component_ref idref="oc-111"/>
      </symbol>
      <symbol id="sm-208">
         <name>GPIOPinTypeGPIOOutput</name>
         <value>0x14ff</value>
         <object_component_ref idref="oc-105"/>
      </symbol>
      <symbol id="sm-209">
         <name>GPIODirModeSet</name>
         <value>0x1271</value>
         <object_component_ref idref="oc-1e2"/>
      </symbol>
      <symbol id="sm-20a">
         <name>GPIOPinTypeQEI</name>
         <value>0x1523</value>
         <object_component_ref idref="oc-117"/>
      </symbol>
      <symbol id="sm-20b">
         <name>GPIOPinWrite</name>
         <value>0x158f</value>
         <object_component_ref idref="oc-147"/>
      </symbol>
      <symbol id="sm-20c">
         <name>GPIOPadConfigSet</name>
         <value>0xc29</value>
         <object_component_ref idref="oc-1dc"/>
      </symbol>
      <symbol id="sm-261">
         <name>QEIDirectionGet</name>
         <value>0x15ed</value>
         <object_component_ref idref="oc-15f"/>
      </symbol>
      <symbol id="sm-262">
         <name>QEIPositionGet</name>
         <value>0x166d</value>
         <object_component_ref idref="oc-153"/>
      </symbol>
      <symbol id="sm-263">
         <name>QEIVelocityGet</name>
         <value>0x167b</value>
         <object_component_ref idref="oc-159"/>
      </symbol>
      <symbol id="sm-264">
         <name>QEIVelocityConfigure</name>
         <value>0x14d9</value>
         <object_component_ref idref="oc-12f"/>
      </symbol>
      <symbol id="sm-265">
         <name>QEIIntDisable</name>
         <value>0x1607</value>
         <object_component_ref idref="oc-123"/>
      </symbol>
      <symbol id="sm-266">
         <name>QEIDisable</name>
         <value>0x161f</value>
         <object_component_ref idref="oc-11d"/>
      </symbol>
      <symbol id="sm-267">
         <name>QEIEnable</name>
         <value>0x1633</value>
         <object_component_ref idref="oc-135"/>
      </symbol>
      <symbol id="sm-268">
         <name>QEIPositionSet</name>
         <value>0x165b</value>
         <object_component_ref idref="oc-141"/>
      </symbol>
      <symbol id="sm-269">
         <name>QEIVelocityEnable</name>
         <value>0x1647</value>
         <object_component_ref idref="oc-13b"/>
      </symbol>
      <symbol id="sm-26a">
         <name>QEIConfigure</name>
         <value>0x1547</value>
         <object_component_ref idref="oc-129"/>
      </symbol>
      <symbol id="sm-2e6">
         <name>SysCtlDelay</name>
         <value>0x16a3</value>
         <object_component_ref idref="oc-165"/>
      </symbol>
      <symbol id="sm-2e7">
         <name>SysCtlPeripheralEnable</name>
         <value>0x13f5</value>
         <object_component_ref idref="oc-10b"/>
      </symbol>
      <symbol id="sm-2e8">
         <name>SysCtlClockFreqSet</name>
         <value>0x949</value>
         <object_component_ref idref="oc-f3"/>
      </symbol>
      <symbol id="sm-2f8">
         <name>__aeabi_uidivmod</name>
         <value>0x1435</value>
         <object_component_ref idref="oc-255"/>
      </symbol>
      <symbol id="sm-2f9">
         <name>__aeabi_uidiv</name>
         <value>0x1435</value>
         <object_component_ref idref="oc-255"/>
      </symbol>
      <symbol id="sm-312">
         <name>__TI_zero_init_nomemset</name>
         <value>0x15d1</value>
         <object_component_ref idref="oc-5a"/>
      </symbol>
      <symbol id="sm-329">
         <name>__TI_decompress_none</name>
         <value>0x1689</value>
         <object_component_ref idref="oc-1c"/>
      </symbol>
      <symbol id="sm-34c">
         <name>__TI_decompress_lzss</name>
         <value>0x1209</value>
         <object_component_ref idref="oc-16"/>
      </symbol>
      <symbol id="sm-35f">
         <name>__stack</name>
         <value>0x20000000</value>
         <object_component_ref idref="oc-25"/>
      </symbol>
      <symbol id="sm-360">
         <name>_c_int00_noargs</name>
         <value>0x1475</value>
         <object_component_ref idref="oc-6c"/>
      </symbol>
      <symbol id="sm-36a">
         <name>__aeabi_idiv0</name>
         <value>0x16b1</value>
         <object_component_ref idref="oc-29f"/>
      </symbol>
      <symbol id="sm-36b">
         <name>__aeabi_ldiv0</name>
         <value>0x16b1</value>
         <object_component_ref idref="oc-29f"/>
      </symbol>
      <symbol id="sm-386">
         <name>memcpy</name>
         <value>0x1001</value>
         <object_component_ref idref="oc-4e"/>
      </symbol>
      <symbol id="sm-387">
         <name>__aeabi_memcpy</name>
         <value>0x1001</value>
         <object_component_ref idref="oc-4e"/>
      </symbol>
      <symbol id="sm-388">
         <name>__aeabi_memcpy8</name>
         <value>0x1001</value>
         <object_component_ref idref="oc-4e"/>
      </symbol>
      <symbol id="sm-389">
         <name>__aeabi_memcpy4</name>
         <value>0x1001</value>
         <object_component_ref idref="oc-4e"/>
      </symbol>
      <symbol id="sm-3b2">
         <name>__TI_auto_init_nobinit_nopinit</name>
         <value>0x13b1</value>
         <object_component_ref idref="oc-174"/>
      </symbol>
      <symbol id="sm-3bc">
         <name>_system_pre_init</name>
         <value>0x16a9</value>
         <object_component_ref idref="oc-b7"/>
      </symbol>
      <symbol id="sm-3c8">
         <name>C$$EXIT</name>
         <value>0x16ad</value>
         <object_component_ref idref="oc-168"/>
      </symbol>
      <symbol id="sm-3c9">
         <name>abort</name>
         <value>0x16ad</value>
         <object_component_ref idref="oc-168"/>
      </symbol>
      <symbol id="sm-3cc">
         <name>__TI_static_base__</name>
         <value>0x0</value>
      </symbol>
      <symbol id="sm-3cf">
         <name>__mpu_init</name>
         <value>0x0</value>
      </symbol>
      <symbol id="sm-3d0">
         <name>_system_post_cinit</name>
         <value>0x0</value>
      </symbol>
      <symbol id="sm-3d1">
         <name>NMI_Handler</name>
         <value>0x15af</value>
      </symbol>
      <symbol id="sm-3d2">
         <name>HardFault_Handler</name>
         <value>0x15af</value>
      </symbol>
      <symbol id="sm-3d3">
         <name>MemManage_Handler</name>
         <value>0x15af</value>
      </symbol>
      <symbol id="sm-3d4">
         <name>BusFault_Handler</name>
         <value>0x15af</value>
      </symbol>
      <symbol id="sm-3d5">
         <name>UsageFault_Handler</name>
         <value>0x15af</value>
      </symbol>
      <symbol id="sm-3d6">
         <name>SVC_Handler</name>
         <value>0x15af</value>
      </symbol>
      <symbol id="sm-3d7">
         <name>DebugMon_Handler</name>
         <value>0x15af</value>
      </symbol>
      <symbol id="sm-3d8">
         <name>PendSV_Handler</name>
         <value>0x15af</value>
      </symbol>
      <symbol id="sm-3d9">
         <name>SysTick_Handler</name>
         <value>0x15af</value>
      </symbol>
      <symbol id="sm-3da">
         <name>GPIOA_IRQHandler</name>
         <value>0x15af</value>
      </symbol>
      <symbol id="sm-3db">
         <name>GPIOB_IRQHandler</name>
         <value>0x15af</value>
      </symbol>
      <symbol id="sm-3dc">
         <name>GPIOC_IRQHandler</name>
         <value>0x15af</value>
      </symbol>
      <symbol id="sm-3dd">
         <name>GPIOD_IRQHandler</name>
         <value>0x15af</value>
      </symbol>
      <symbol id="sm-3de">
         <name>GPIOE_IRQHandler</name>
         <value>0x15af</value>
      </symbol>
      <symbol id="sm-3df">
         <name>UART0_IRQHandler</name>
         <value>0x15af</value>
      </symbol>
      <symbol id="sm-3e0">
         <name>UART1_IRQHandler</name>
         <value>0x15af</value>
      </symbol>
      <symbol id="sm-3e1">
         <name>SSI0_IRQHandler</name>
         <value>0x15af</value>
      </symbol>
      <symbol id="sm-3e2">
         <name>I2C0_IRQHandler</name>
         <value>0x15af</value>
      </symbol>
      <symbol id="sm-3e3">
         <name>PWM0_FAULT_IRQHandler</name>
         <value>0x15af</value>
      </symbol>
      <symbol id="sm-3e4">
         <name>PWM0_0_IRQHandler</name>
         <value>0x14a9</value>
      </symbol>
      <symbol id="sm-3e5">
         <name>PWM0_1_IRQHandler</name>
         <value>0x15af</value>
      </symbol>
      <symbol id="sm-3e6">
         <name>PWM0_2_IRQHandler</name>
         <value>0x15af</value>
      </symbol>
      <symbol id="sm-3e7">
         <name>QEI0_IRQHandler</name>
         <value>0x15af</value>
      </symbol>
      <symbol id="sm-3e8">
         <name>ADC0SS0_IRQHandler</name>
         <value>0x15af</value>
      </symbol>
      <symbol id="sm-3e9">
         <name>ADC0SS1_IRQHandler</name>
         <value>0x15af</value>
      </symbol>
      <symbol id="sm-3ea">
         <name>ADC0SS2_IRQHandler</name>
         <value>0x15af</value>
      </symbol>
      <symbol id="sm-3eb">
         <name>ADC0SS3_IRQHandler</name>
         <value>0x15af</value>
      </symbol>
      <symbol id="sm-3ec">
         <name>WATCHDOG_IRQHandler</name>
         <value>0xf51</value>
      </symbol>
      <symbol id="sm-3ed">
         <name>TIMER0A_IRQHandler</name>
         <value>0x15af</value>
      </symbol>
      <symbol id="sm-3ee">
         <name>TIMER0B_IRQHandler</name>
         <value>0x15af</value>
      </symbol>
      <symbol id="sm-3ef">
         <name>TIMER1A_IRQHandler</name>
         <value>0x15af</value>
      </symbol>
      <symbol id="sm-3f0">
         <name>TIMER1B_IRQHandler</name>
         <value>0x15af</value>
      </symbol>
      <symbol id="sm-3f1">
         <name>TIMER2A_IRQHandler</name>
         <value>0x15af</value>
      </symbol>
      <symbol id="sm-3f2">
         <name>TIMER2B_IRQHandler</name>
         <value>0x15af</value>
      </symbol>
      <symbol id="sm-3f3">
         <name>COMP0_IRQHandler</name>
         <value>0x15af</value>
      </symbol>
      <symbol id="sm-3f4">
         <name>COMP1_IRQHandler</name>
         <value>0x15af</value>
      </symbol>
      <symbol id="sm-3f5">
         <name>COMP2_IRQHandler</name>
         <value>0x15af</value>
      </symbol>
      <symbol id="sm-3f6">
         <name>SYSCTL_IRQHandler</name>
         <value>0x15af</value>
      </symbol>
      <symbol id="sm-3f7">
         <name>FLASH_IRQHandler</name>
         <value>0x15af</value>
      </symbol>
      <symbol id="sm-3f8">
         <name>GPIOF_IRQHandler</name>
         <value>0x15af</value>
      </symbol>
      <symbol id="sm-3f9">
         <name>GPIOG_IRQHandler</name>
         <value>0x15af</value>
      </symbol>
      <symbol id="sm-3fa">
         <name>GPIOH_IRQHandler</name>
         <value>0x15af</value>
      </symbol>
      <symbol id="sm-3fb">
         <name>UART2_IRQHandler</name>
         <value>0x15af</value>
      </symbol>
      <symbol id="sm-3fc">
         <name>SSI1_IRQHandler</name>
         <value>0x15af</value>
      </symbol>
      <symbol id="sm-3fd">
         <name>TIMER3A_IRQHandler</name>
         <value>0x15af</value>
      </symbol>
      <symbol id="sm-3fe">
         <name>TIMER3B_IRQHandler</name>
         <value>0x15af</value>
      </symbol>
      <symbol id="sm-3ff">
         <name>I2C1_IRQHandler</name>
         <value>0x15af</value>
      </symbol>
      <symbol id="sm-400">
         <name>CAN0_IRQHandler</name>
         <value>0x15af</value>
      </symbol>
      <symbol id="sm-401">
         <name>CAN1_IRQHandler</name>
         <value>0x15af</value>
      </symbol>
      <symbol id="sm-402">
         <name>EMAC0_IRQHandler</name>
         <value>0x15af</value>
      </symbol>
      <symbol id="sm-403">
         <name>HIBERNATE_IRQHandler</name>
         <value>0x15af</value>
      </symbol>
      <symbol id="sm-404">
         <name>USB0_IRQHandler</name>
         <value>0x15af</value>
      </symbol>
      <symbol id="sm-405">
         <name>PWM0_3_IRQHandler</name>
         <value>0x15af</value>
      </symbol>
      <symbol id="sm-406">
         <name>UDMA_IRQHandler</name>
         <value>0x15af</value>
      </symbol>
      <symbol id="sm-407">
         <name>UDMAERR_IRQHandler</name>
         <value>0x15af</value>
      </symbol>
      <symbol id="sm-408">
         <name>ADC1SS0_IRQHandler</name>
         <value>0x15af</value>
      </symbol>
      <symbol id="sm-409">
         <name>ADC1SS1_IRQHandler</name>
         <value>0x15af</value>
      </symbol>
      <symbol id="sm-40a">
         <name>ADC1SS2_IRQHandler</name>
         <value>0x15af</value>
      </symbol>
      <symbol id="sm-40b">
         <name>ADC1SS3_IRQHandler</name>
         <value>0x15af</value>
      </symbol>
      <symbol id="sm-40c">
         <name>EPI0_IRQHandler</name>
         <value>0x15af</value>
      </symbol>
      <symbol id="sm-40d">
         <name>GPIOJ_IRQHandler</name>
         <value>0x15af</value>
      </symbol>
      <symbol id="sm-40e">
         <name>GPIOK_IRQHandler</name>
         <value>0x15af</value>
      </symbol>
      <symbol id="sm-40f">
         <name>GPIOL_IRQHandler</name>
         <value>0x15af</value>
      </symbol>
      <symbol id="sm-410">
         <name>SSI2_IRQHandler</name>
         <value>0x15af</value>
      </symbol>
      <symbol id="sm-411">
         <name>SSI3_IRQHandler</name>
         <value>0x15af</value>
      </symbol>
      <symbol id="sm-412">
         <name>UART3_IRQHandler</name>
         <value>0x15af</value>
      </symbol>
      <symbol id="sm-413">
         <name>UART4_IRQHandler</name>
         <value>0x15af</value>
      </symbol>
      <symbol id="sm-414">
         <name>UART5_IRQHandler</name>
         <value>0x15af</value>
      </symbol>
      <symbol id="sm-415">
         <name>UART6_IRQHandler</name>
         <value>0x15af</value>
      </symbol>
      <symbol id="sm-416">
         <name>UART7_IRQHandler</name>
         <value>0x15af</value>
      </symbol>
      <symbol id="sm-417">
         <name>I2C2_IRQHandler</name>
         <value>0x15af</value>
      </symbol>
      <symbol id="sm-418">
         <name>I2C3_IRQHandler</name>
         <value>0x15af</value>
      </symbol>
      <symbol id="sm-419">
         <name>TIMER4A_IRQHandler</name>
         <value>0x15af</value>
      </symbol>
      <symbol id="sm-41a">
         <name>TIMER4B_IRQHandler</name>
         <value>0x15af</value>
      </symbol>
      <symbol id="sm-41b">
         <name>TIMER5A_IRQHandler</name>
         <value>0x15af</value>
      </symbol>
      <symbol id="sm-41c">
         <name>TIMER5B_IRQHandler</name>
         <value>0x15af</value>
      </symbol>
      <symbol id="sm-41d">
         <name>SYSEXC_IRQHandler</name>
         <value>0x15af</value>
      </symbol>
      <symbol id="sm-41e">
         <name>I2C4_IRQHandler</name>
         <value>0x15af</value>
      </symbol>
      <symbol id="sm-41f">
         <name>I2C5_IRQHandler</name>
         <value>0x15af</value>
      </symbol>
      <symbol id="sm-420">
         <name>GPIOM_IRQHandler</name>
         <value>0x15af</value>
      </symbol>
      <symbol id="sm-421">
         <name>GPION_IRQHandler</name>
         <value>0x15af</value>
      </symbol>
      <symbol id="sm-422">
         <name>TAMPER0_IRQHandler</name>
         <value>0x15af</value>
      </symbol>
      <symbol id="sm-423">
         <name>GPIOP0_IRQHandler</name>
         <value>0x15af</value>
      </symbol>
      <symbol id="sm-424">
         <name>GPIOP1_IRQHandler</name>
         <value>0x15af</value>
      </symbol>
      <symbol id="sm-425">
         <name>GPIOP2_IRQHandler</name>
         <value>0x15af</value>
      </symbol>
      <symbol id="sm-426">
         <name>GPIOP3_IRQHandler</name>
         <value>0x15af</value>
      </symbol>
      <symbol id="sm-427">
         <name>GPIOP4_IRQHandler</name>
         <value>0x15af</value>
      </symbol>
      <symbol id="sm-428">
         <name>GPIOP5_IRQHandler</name>
         <value>0x15af</value>
      </symbol>
      <symbol id="sm-429">
         <name>GPIOP6_IRQHandler</name>
         <value>0x15af</value>
      </symbol>
      <symbol id="sm-42a">
         <name>GPIOP7_IRQHandler</name>
         <value>0x15af</value>
      </symbol>
      <symbol id="sm-42b">
         <name>GPIOQ0_IRQHandler</name>
         <value>0x15af</value>
      </symbol>
      <symbol id="sm-42c">
         <name>GPIOQ1_IRQHandler</name>
         <value>0x15af</value>
      </symbol>
      <symbol id="sm-42d">
         <name>GPIOQ2_IRQHandler</name>
         <value>0x15af</value>
      </symbol>
      <symbol id="sm-42e">
         <name>GPIOQ3_IRQHandler</name>
         <value>0x15af</value>
      </symbol>
      <symbol id="sm-42f">
         <name>GPIOQ4_IRQHandler</name>
         <value>0x15af</value>
      </symbol>
      <symbol id="sm-430">
         <name>GPIOQ5_IRQHandler</name>
         <value>0x15af</value>
      </symbol>
      <symbol id="sm-431">
         <name>GPIOQ6_IRQHandler</name>
         <value>0x15af</value>
      </symbol>
      <symbol id="sm-432">
         <name>GPIOQ7_IRQHandler</name>
         <value>0x15af</value>
      </symbol>
      <symbol id="sm-433">
         <name>SHA0_IRQHandler</name>
         <value>0x15af</value>
      </symbol>
      <symbol id="sm-434">
         <name>AES0_IRQHandler</name>
         <value>0x15af</value>
      </symbol>
      <symbol id="sm-435">
         <name>DES0_IRQHandler</name>
         <value>0x15af</value>
      </symbol>
      <symbol id="sm-436">
         <name>TIMER6A_IRQHandler</name>
         <value>0x15af</value>
      </symbol>
      <symbol id="sm-437">
         <name>TIMER6B_IRQHandler</name>
         <value>0x15af</value>
      </symbol>
      <symbol id="sm-438">
         <name>TIMER7A_IRQHandler</name>
         <value>0x15af</value>
      </symbol>
      <symbol id="sm-439">
         <name>TIMER7B_IRQHandler</name>
         <value>0x15af</value>
      </symbol>
      <symbol id="sm-43a">
         <name>I2C6_IRQHandler</name>
         <value>0x15af</value>
      </symbol>
      <symbol id="sm-43b">
         <name>I2C7_IRQHandler</name>
         <value>0x15af</value>
      </symbol>
      <symbol id="sm-43c">
         <name>I2C8_IRQHandler</name>
         <value>0x15af</value>
      </symbol>
      <symbol id="sm-43d">
         <name>I2C9_IRQHandler</name>
         <value>0x15af</value>
      </symbol>
   </symbol_table>
   <title>Link successful</title>
</link_info>
