******************************************************************************
                  TI ARM Linker PC v20.2.7                     
******************************************************************************
>> Linked Sun Sep 24 16:10:42 2023

OUTPUT FILE NAME:   <empty_MSP_EXP432E401Y_nortos_ccs.out>
ENTRY POINT SYMBOL: "_c_int00_noargs"  address: 00000351


MEMORY CONFIGURATION

         name            origin    length      used     unused   attr    fill
----------------------  --------  ---------  --------  --------  ----  --------
  FLASH                 00000000   00100000  000003e2  000ffc1e  R  X
  SRAM                  20000000   00040000  00000204  0003fdfc  RW X


SEGMENT ALLOCATION MAP

run origin  load origin   length   init length attrs members
----------  ----------- ---------- ----------- ----- -------
00000000    00000000    000003e8   000003e8    r-x
  00000000    00000000    00000208   00000208    r-- .intvecs
  00000208    00000208    000001c2   000001c2    r-x .text
  000003d0    000003d0    00000018   00000018    r-- .cinit
20000000    20000000    00000204   00000000    rw-
  20000000    20000000    00000200   00000000    rw- .stack
  20000200    20000200    00000004   00000000    rw- .data


SECTION ALLOCATION MAP

 output                                  attributes/
section   page    origin      length       input sections
--------  ----  ----------  ----------   ----------------
.intvecs   0    00000000    00000208     
                  00000000    00000208     startup_msp432e401y_ccs.obj (.intvecs:retain)

.text      0    00000208    000001c2     
                  00000208    0000009c     rtsv7M4_T_le_v4SPD16_eabi.lib : memcpy_t2.asm.obj (.text)
                  000002a4    00000068                                   : copy_decompress_lzss.c.obj (.text:decompress:lzss:__TI_decompress_lzss)
                  0000030c    00000044                                   : autoinit.c.obj (.text:__TI_auto_init_nobinit_nopinit:__TI_auto_init_nobinit_nopinit)
                  00000350    00000034                                   : boot_cortex_m.c.obj (.text:_c_int00_noargs:_c_int00_noargs)
                  00000384    00000020     system_msp432e401y.obj (.text:SystemInit)
                  000003a4    0000000e     rtsv7M4_T_le_v4SPD16_eabi.lib : copy_decompress_none.c.obj (.text:decompress:none:__TI_decompress_none)
                  000003b2    0000000c     startup_msp432e401y_ccs.obj (.text:Reset_Handler)
                  000003be    00000004     rtsv7M4_T_le_v4SPD16_eabi.lib : pre_init.c.obj (.text:_system_pre_init)
                  000003c2    00000004                                   : exit.c.obj (.text:abort:abort)
                  000003c6    00000002     startup_msp432e401y_ccs.obj (.text:Default_Handler)
                  000003c8    00000002     main.obj (.text:main)

.cinit     0    000003d0    00000018     
                  000003d0    00000008     (.cinit..data.load) [load image, compression = lzss]
                  000003d8    00000008     (__TI_handler_table)
                  000003e0    00000008     (__TI_cinit_table)

.init_array 
*          0    00000000    00000000     UNINITIALIZED

.data      0    20000200    00000004     UNINITIALIZED
                  20000200    00000004     system_msp432e401y.obj (.data)

.stack     0    20000000    00000200     UNINITIALIZED
                  20000000    00000004     rtsv7M4_T_le_v4SPD16_eabi.lib : boot_cortex_m.c.obj (.stack)
                  20000004    000001fc     --HOLE--

__llvm_prf_cnts 
*          0    20000000    00000000     UNINITIALIZED

MODULE SUMMARY

       Module                        code   ro data   rw data
       ------                        ----   -------   -------
    .\
       system_msp432e401y.obj        32     0         4      
       main.obj                      2      0         0      
    +--+-----------------------------+------+---------+---------+
       Total:                        34     0         4      
                                                             
    .\ccs\
       startup_msp432e401y_ccs.obj   14     520       0      
    +--+-----------------------------+------+---------+---------+
       Total:                        14     520       0      
                                                             
    C:\ti\ccs1240\ccs\tools\compiler\ti-cgt-arm_20.2.7.LTS\lib\rtsv7M4_T_le_v4SPD16_eabi.lib
       memcpy_t2.asm.obj             156    0         0      
       copy_decompress_lzss.c.obj    104    0         0      
       autoinit.c.obj                68     0         0      
       boot_cortex_m.c.obj           52     0         0      
       copy_decompress_none.c.obj    14     0         0      
       exit.c.obj                    4      0         0      
       pre_init.c.obj                4      0         0      
    +--+-----------------------------+------+---------+---------+
       Total:                        402    0         0      
                                                             
       Stack:                        0      0         512    
       Linker Generated:             0      24        0      
    +--+-----------------------------+------+---------+---------+
       Grand Total:                  450    544       516    


LINKER GENERATED COPY TABLES

__TI_cinit_table @ 000003e0 records: 1, size/record: 8, table size: 8
	.data: load addr=000003d0, load size=00000008 bytes, run addr=20000200, run size=00000004 bytes, compression=lzss


LINKER GENERATED HANDLER TABLE

__TI_handler_table @ 000003d8 records: 2, size/record: 4, table size: 8
	index: 0, handler: __TI_decompress_lzss
	index: 1, handler: __TI_decompress_none


GLOBAL SYMBOLS: SORTED ALPHABETICALLY BY Name 

address   name                          
-------   ----                          
000003c7  ADC0SS0_IRQHandler            
000003c7  ADC0SS1_IRQHandler            
000003c7  ADC0SS2_IRQHandler            
000003c7  ADC0SS3_IRQHandler            
000003c7  ADC1SS0_IRQHandler            
000003c7  ADC1SS1_IRQHandler            
000003c7  ADC1SS2_IRQHandler            
000003c7  ADC1SS3_IRQHandler            
000003c7  AES0_IRQHandler               
000003c7  BusFault_Handler              
000003c3  C$$EXIT                       
000003c7  CAN0_IRQHandler               
000003c7  CAN1_IRQHandler               
000003c7  COMP0_IRQHandler              
000003c7  COMP1_IRQHandler              
000003c7  COMP2_IRQHandler              
000003c7  DES0_IRQHandler               
000003c7  DebugMon_Handler              
000003c7  Default_Handler               
000003c7  EMAC0_IRQHandler              
000003c7  EPI0_IRQHandler               
000003c7  FLASH_IRQHandler              
000003c7  GPIOA_IRQHandler              
000003c7  GPIOB_IRQHandler              
000003c7  GPIOC_IRQHandler              
000003c7  GPIOD_IRQHandler              
000003c7  GPIOE_IRQHandler              
000003c7  GPIOF_IRQHandler              
000003c7  GPIOG_IRQHandler              
000003c7  GPIOH_IRQHandler              
000003c7  GPIOJ_IRQHandler              
000003c7  GPIOK_IRQHandler              
000003c7  GPIOL_IRQHandler              
000003c7  GPIOM_IRQHandler              
000003c7  GPION_IRQHandler              
000003c7  GPIOP0_IRQHandler             
000003c7  GPIOP1_IRQHandler             
000003c7  GPIOP2_IRQHandler             
000003c7  GPIOP3_IRQHandler             
000003c7  GPIOP4_IRQHandler             
000003c7  GPIOP5_IRQHandler             
000003c7  GPIOP6_IRQHandler             
000003c7  GPIOP7_IRQHandler             
000003c7  GPIOQ0_IRQHandler             
000003c7  GPIOQ1_IRQHandler             
000003c7  GPIOQ2_IRQHandler             
000003c7  GPIOQ3_IRQHandler             
000003c7  GPIOQ4_IRQHandler             
000003c7  GPIOQ5_IRQHandler             
000003c7  GPIOQ6_IRQHandler             
000003c7  GPIOQ7_IRQHandler             
000003c7  HIBERNATE_IRQHandler          
000003c7  HardFault_Handler             
000003c7  I2C0_IRQHandler               
000003c7  I2C1_IRQHandler               
000003c7  I2C2_IRQHandler               
000003c7  I2C3_IRQHandler               
000003c7  I2C4_IRQHandler               
000003c7  I2C5_IRQHandler               
000003c7  I2C6_IRQHandler               
000003c7  I2C7_IRQHandler               
000003c7  I2C8_IRQHandler               
000003c7  I2C9_IRQHandler               
000003c7  MemManage_Handler             
000003c7  NMI_Handler                   
000003c7  PWM0_0_IRQHandler             
000003c7  PWM0_1_IRQHandler             
000003c7  PWM0_2_IRQHandler             
000003c7  PWM0_3_IRQHandler             
000003c7  PWM0_FAULT_IRQHandler         
000003c7  PendSV_Handler                
000003c7  QEI0_IRQHandler               
000003b3  Reset_Handler                 
000003c7  SHA0_IRQHandler               
000003c7  SSI0_IRQHandler               
000003c7  SSI1_IRQHandler               
000003c7  SSI2_IRQHandler               
000003c7  SSI3_IRQHandler               
000003c7  SVC_Handler                   
000003c7  SYSCTL_IRQHandler             
000003c7  SYSEXC_IRQHandler             
000003c7  SysTick_Handler               
20000200  SystemCoreClock               
00000385  SystemInit                    
000003c7  TAMPER0_IRQHandler            
000003c7  TIMER0A_IRQHandler            
000003c7  TIMER0B_IRQHandler            
000003c7  TIMER1A_IRQHandler            
000003c7  TIMER1B_IRQHandler            
000003c7  TIMER2A_IRQHandler            
000003c7  TIMER2B_IRQHandler            
000003c7  TIMER3A_IRQHandler            
000003c7  TIMER3B_IRQHandler            
000003c7  TIMER4A_IRQHandler            
000003c7  TIMER4B_IRQHandler            
000003c7  TIMER5A_IRQHandler            
000003c7  TIMER5B_IRQHandler            
000003c7  TIMER6A_IRQHandler            
000003c7  TIMER6B_IRQHandler            
000003c7  TIMER7A_IRQHandler            
000003c7  TIMER7B_IRQHandler            
000003c7  UART0_IRQHandler              
000003c7  UART1_IRQHandler              
000003c7  UART2_IRQHandler              
000003c7  UART3_IRQHandler              
000003c7  UART4_IRQHandler              
000003c7  UART5_IRQHandler              
000003c7  UART6_IRQHandler              
000003c7  UART7_IRQHandler              
000003c7  UDMAERR_IRQHandler            
000003c7  UDMA_IRQHandler               
000003c7  USB0_IRQHandler               
000003c7  UsageFault_Handler            
000003c7  WATCHDOG_IRQHandler           
20000200  __STACK_END                   
00000200  __STACK_SIZE                  
20000200  __STACK_TOP                   
000003e0  __TI_CINIT_Base               
000003e8  __TI_CINIT_Limit              
000003d8  __TI_Handler_Table_Base       
000003e0  __TI_Handler_Table_Limit      
0000030d  __TI_auto_init_nobinit_nopinit
000002a5  __TI_decompress_lzss          
000003a5  __TI_decompress_none          
ffffffff  __TI_pprof_out_hndl           
ffffffff  __TI_prof_data_size           
ffffffff  __TI_prof_data_start          
00000000  __TI_static_base__            
00000209  __aeabi_memcpy                
00000209  __aeabi_memcpy4               
00000209  __aeabi_memcpy8               
ffffffff  __binit__                     
ffffffff  __c_args__                    
UNDEFED   __mpu_init                    
20000000  __stack                       
20000000  __start___llvm_prf_cnts       
20000000  __stop___llvm_prf_cnts        
00000351  _c_int00_noargs               
UNDEFED   _system_post_cinit            
000003bf  _system_pre_init              
000003c3  abort                         
ffffffff  binit                         
00000000  interruptVectors              
000003c9  main                          
00000209  memcpy                        


GLOBAL SYMBOLS: SORTED BY Symbol Address 

address   name                          
-------   ----                          
00000000  __TI_static_base__            
00000000  interruptVectors              
00000200  __STACK_SIZE                  
00000209  __aeabi_memcpy                
00000209  __aeabi_memcpy4               
00000209  __aeabi_memcpy8               
00000209  memcpy                        
000002a5  __TI_decompress_lzss          
0000030d  __TI_auto_init_nobinit_nopinit
00000351  _c_int00_noargs               
00000385  SystemInit                    
000003a5  __TI_decompress_none          
000003b3  Reset_Handler                 
000003bf  _system_pre_init              
000003c3  C$$EXIT                       
000003c3  abort                         
000003c7  ADC0SS0_IRQHandler            
000003c7  ADC0SS1_IRQHandler            
000003c7  ADC0SS2_IRQHandler            
000003c7  ADC0SS3_IRQHandler            
000003c7  ADC1SS0_IRQHandler            
000003c7  ADC1SS1_IRQHandler            
000003c7  ADC1SS2_IRQHandler            
000003c7  ADC1SS3_IRQHandler            
000003c7  AES0_IRQHandler               
000003c7  BusFault_Handler              
000003c7  CAN0_IRQHandler               
000003c7  CAN1_IRQHandler               
000003c7  COMP0_IRQHandler              
000003c7  COMP1_IRQHandler              
000003c7  COMP2_IRQHandler              
000003c7  DES0_IRQHandler               
000003c7  DebugMon_Handler              
000003c7  Default_Handler               
000003c7  EMAC0_IRQHandler              
000003c7  EPI0_IRQHandler               
000003c7  FLASH_IRQHandler              
000003c7  GPIOA_IRQHandler              
000003c7  GPIOB_IRQHandler              
000003c7  GPIOC_IRQHandler              
000003c7  GPIOD_IRQHandler              
000003c7  GPIOE_IRQHandler              
000003c7  GPIOF_IRQHandler              
000003c7  GPIOG_IRQHandler              
000003c7  GPIOH_IRQHandler              
000003c7  GPIOJ_IRQHandler              
000003c7  GPIOK_IRQHandler              
000003c7  GPIOL_IRQHandler              
000003c7  GPIOM_IRQHandler              
000003c7  GPION_IRQHandler              
000003c7  GPIOP0_IRQHandler             
000003c7  GPIOP1_IRQHandler             
000003c7  GPIOP2_IRQHandler             
000003c7  GPIOP3_IRQHandler             
000003c7  GPIOP4_IRQHandler             
000003c7  GPIOP5_IRQHandler             
000003c7  GPIOP6_IRQHandler             
000003c7  GPIOP7_IRQHandler             
000003c7  GPIOQ0_IRQHandler             
000003c7  GPIOQ1_IRQHandler             
000003c7  GPIOQ2_IRQHandler             
000003c7  GPIOQ3_IRQHandler             
000003c7  GPIOQ4_IRQHandler             
000003c7  GPIOQ5_IRQHandler             
000003c7  GPIOQ6_IRQHandler             
000003c7  GPIOQ7_IRQHandler             
000003c7  HIBERNATE_IRQHandler          
000003c7  HardFault_Handler             
000003c7  I2C0_IRQHandler               
000003c7  I2C1_IRQHandler               
000003c7  I2C2_IRQHandler               
000003c7  I2C3_IRQHandler               
000003c7  I2C4_IRQHandler               
000003c7  I2C5_IRQHandler               
000003c7  I2C6_IRQHandler               
000003c7  I2C7_IRQHandler               
000003c7  I2C8_IRQHandler               
000003c7  I2C9_IRQHandler               
000003c7  MemManage_Handler             
000003c7  NMI_Handler                   
000003c7  PWM0_0_IRQHandler             
000003c7  PWM0_1_IRQHandler             
000003c7  PWM0_2_IRQHandler             
000003c7  PWM0_3_IRQHandler             
000003c7  PWM0_FAULT_IRQHandler         
000003c7  PendSV_Handler                
000003c7  QEI0_IRQHandler               
000003c7  SHA0_IRQHandler               
000003c7  SSI0_IRQHandler               
000003c7  SSI1_IRQHandler               
000003c7  SSI2_IRQHandler               
000003c7  SSI3_IRQHandler               
000003c7  SVC_Handler                   
000003c7  SYSCTL_IRQHandler             
000003c7  SYSEXC_IRQHandler             
000003c7  SysTick_Handler               
000003c7  TAMPER0_IRQHandler            
000003c7  TIMER0A_IRQHandler            
000003c7  TIMER0B_IRQHandler            
000003c7  TIMER1A_IRQHandler            
000003c7  TIMER1B_IRQHandler            
000003c7  TIMER2A_IRQHandler            
000003c7  TIMER2B_IRQHandler            
000003c7  TIMER3A_IRQHandler            
000003c7  TIMER3B_IRQHandler            
000003c7  TIMER4A_IRQHandler            
000003c7  TIMER4B_IRQHandler            
000003c7  TIMER5A_IRQHandler            
000003c7  TIMER5B_IRQHandler            
000003c7  TIMER6A_IRQHandler            
000003c7  TIMER6B_IRQHandler            
000003c7  TIMER7A_IRQHandler            
000003c7  TIMER7B_IRQHandler            
000003c7  UART0_IRQHandler              
000003c7  UART1_IRQHandler              
000003c7  UART2_IRQHandler              
000003c7  UART3_IRQHandler              
000003c7  UART4_IRQHandler              
000003c7  UART5_IRQHandler              
000003c7  UART6_IRQHandler              
000003c7  UART7_IRQHandler              
000003c7  UDMAERR_IRQHandler            
000003c7  UDMA_IRQHandler               
000003c7  USB0_IRQHandler               
000003c7  UsageFault_Handler            
000003c7  WATCHDOG_IRQHandler           
000003c9  main                          
000003d8  __TI_Handler_Table_Base       
000003e0  __TI_CINIT_Base               
000003e0  __TI_Handler_Table_Limit      
000003e8  __TI_CINIT_Limit              
20000000  __stack                       
20000000  __start___llvm_prf_cnts       
20000000  __stop___llvm_prf_cnts        
20000200  SystemCoreClock               
20000200  __STACK_END                   
20000200  __STACK_TOP                   
ffffffff  __TI_pprof_out_hndl           
ffffffff  __TI_prof_data_size           
ffffffff  __TI_prof_data_start          
ffffffff  __binit__                     
ffffffff  __c_args__                    
ffffffff  binit                         
UNDEFED   __mpu_init                    
UNDEFED   _system_post_cinit            

[145 symbols]
