******************************************************************************
                  TI ARM Linker PC v20.2.7                     
******************************************************************************
>> Linked Fri Dec  1 03:08:36 2023

OUTPUT FILE NAME:   <hello_MSP_EXP432E401Y_tirtos_ccs.out>
ENTRY POINT SYMBOL: "_c_int00"  address: 00005cb5


MEMORY CONFIGURATION

         name            origin    length      used     unused   attr    fill
----------------------  --------  ---------  --------  --------  ----  --------
  FLASH                 00000000   00100000  0000b048  000f4fb8  R  X
  SRAM                  20000000   00040000  00022b70  0001d490  RW X


SEGMENT ALLOCATION MAP

run origin  load origin   length   init length attrs members
----------  ----------- ---------- ----------- ----- -------
00000000    00000000    0000b050   0000b050    r-x
  00000000    00000000    0000003c   0000003c    r-- .resetVecs
  00000040    00000040    0000822a   0000822a    r-x .text
  0000826c    0000826c    00002ad2   00002ad2    r-- .const
  0000ad40    0000ad40    00000310   00000310    r-- .cinit
20000360    20000360    00020000   00000000    r--
  20000360    20000360    00020000   00000000    r-- .priheap
20020380    20020380    00002410   00000000    rw-
  20020380    20020380    00001d68   00000000    rw- .bss
  200220e8    200220e8    000006a8   00000000    rw- .data
2003fc00    2003fc00    00000400   00000000    rw-
  2003fc00    2003fc00    00000400   00000000    rw- .stack


SECTION ALLOCATION MAP

 output                                  attributes/
section   page    origin      length       input sections
--------  ----  ----------  ----------   ----------------
.text      0    00000040    0000822a     
                  00000040    00000430     sysbios.aem4f : BIOS.obj (.text:ti_sysbios_family_arm_m3_Hwi_excDumpRegs__I)
                  00000470    00000340     ti.targets.arm.rtsarm.aem4f : System.oem4f (.text:xdc_runtime_System_doPrint__I)
                  000007b0    000002f0     drivers_msp432e4.aem4f : UARTMSP432E4.oem4f (.text:UARTMSP432E4_open)
                  00000aa0    000002ec     sysbios.aem4f : BIOS.obj (.text:ti_sysbios_knl_Semaphore_pend__E)
                  00000d8c    00000004     dpl_msp432e4.aem4f : ClockP_tirtos.oem4f (.text:ClockP_getCpuFreq)
                  00000d90    000002a0     sysbios.aem4f : BIOS.obj (.text:ti_sysbios_family_arm_msp432e4_init_Boot_sysCtlClockFreqSetI__I)
                  00001030    00000248                   : BIOS.obj (.text:ti_sysbios_heaps_HeapMem_freeUnprotected__E)
                  00001278    0000023a     msp432e4_driverlib.a : gpio.o (.text:GPIOPadConfigSet)
                  000014b2    00000006     display.aem4f : DisplayUart.oem4f (.text:DisplayUartMin_control)
                  000014b8    00000234     sysbios.aem4f : BIOS.obj (.text:ti_sysbios_knl_Task_Instance_finalize__E)
                  000016ec    00000004     dpl_msp432e4.aem4f : ClockP_tirtos.oem4f (.text:ClockP_setTimeout)
                  000016f0    00000200     sysbios.aem4f : BIOS.obj (.text:ti_sysbios_heaps_HeapMem_allocUnprotected__E)
                  000018f0    000001f4                   : BIOS.obj (.text:ti_sysbios_family_arm_m3_Hwi_excHandlerMax__I)
                  00001ae4    000001f0     hello.obj (.text:main)
                  00001cd4    00000004     dpl_msp432e4.aem4f : ClockP_tirtos.oem4f (.text:ClockP_start)
                  00001cd8    000001b0     sysbios.aem4f : BIOS.obj (.text:ti_sysbios_knl_Task_Instance_init__E)
                  00001e88    00000190                   : BIOS.obj (.text:ti_sysbios_family_arm_lm4_Timer_start__E)
                  00002018    00000184     drivers_msp432e4.aem4f : GPIOMSP432E4.oem4f (.text:GPIO_setConfig)
                  0000219c    00000004     dpl_msp432e4.aem4f : ClockP_tirtos.oem4f (.text:ClockP_stop)
                  000021a0    00000178     sysbios.aem4f : BIOS.obj (.text:ti_sysbios_family_arm_lm4_TimestampProvider_get64__E)
                  00002318    00000174                   : BIOS.obj (.text:ti_sysbios_family_arm_m3_Hwi_excBusFault__I)
                  0000248c    00000004     dpl_msp432e4.aem4f : HwiP_tirtos.oem4f (.text:HwiP_disable)
                  00002490    00000164     sysbios.aem4f : BIOS.obj (.text:ti_sysbios_family_arm_m3_Hwi_excUsageFault__I)
                  000025f4    00000004     dpl_msp432e4.aem4f : SemaphoreP_tirtos.oem4f (.text:SemaphoreP_post)
                  000025f8    00000148     sysbios.aem4f : BIOS.obj (.text:ti_sysbios_family_arm_m3_Hwi_excMemFault__I)
                  00002740    00000144                   : BIOS.obj (.text:ti_sysbios_knl_Clock_workFunc__E)
                  00002884    00000004     dpl_msp432e4.aem4f : SystemP_tirtos.oem4f (.text:SystemP_vsnprintf)
                  00002888    00000140     sysbios.aem4f : BIOS.obj (.text:ti_sysbios_family_arm_m3_Hwi_dispatchC__I)
                  000029c8    0000013e     hello_pem4f.oem4f (.text:ti_uia_loggers_LoggerStopMode_writeMemoryRange__E)
                  00002b06    00000002     ti_drivers_config.obj (.text:Board_initHook)
                  00002b08    0000013c     sysbios.aem4f : BIOS.obj (.text:ti_sysbios_heaps_HeapMem_Instance_init__E)
                  00002c44    00000004     rtsv7M4_T_le_v4SPD16_eabi.lib : exit.c.obj (.text:abort:abort)
                  00002c48    0000013c     sysbios.aem4f : BIOS.obj (.text:ti_sysbios_knl_Semaphore_post__E)
                  00002d84    00000004     hello_pem4f.oem4f (.text:ti_sysbios_BIOS_RtsGateProxy_enter__E)
                  00002d88    00000124     sysbios.aem4f : BIOS.obj (.text:ti_sysbios_knl_Swi_run__I)
                  00002eac    00000004     hello_pem4f.oem4f (.text:ti_sysbios_BIOS_RtsGateProxy_leave__E)
                  00002eb0    0000011c     sysbios.aem4f : BIOS.obj (.text:ti_sysbios_knl_Clock_Instance_init__E)
                  00002fcc    0000010c     hello_pem4f.oem4f (.text:ti_uia_loggers_LoggerStopMode_write8__E)
                  000030d8    00000106     hello_pem4f.oem4f (.text:xdc_runtime_System_printfExtend__I)
                  000031de    00000002     display.aem4f : DisplayUart.oem4f (.text:DisplayUartMin_clear)
                  000031e0    000000fc     ti.targets.arm.rtsarm.aem4f : Startup.oem4f (.text:xdc_runtime_Startup_startMods__I)
                  000032dc    000000f4     hello_pem4f.oem4f (.text:ti_uia_loggers_LoggerStopMode_write4__E)
                  000033d0    000000f0     sysbios.aem4f : m3_Hwi_asm.obj (.text:ti_sysbios_family_arm_m3_Hwi_dispatch__I)
                  000034c0    000000e8     hello_pem4f.oem4f (.text:ti_uia_loggers_LoggerStopMode_write2__E)
                  000035a8    000000e8     ti.targets.arm.rtsarm.aem4f : Core-mem.oem4f (.text:xdc_runtime_Core_createObject__I)
                  00003690    000000e8                                 : Error.oem4f (.text:xdc_runtime_Error_policyDefault__E)
                  00003778    000000e4     hello_pem4f.oem4f (.text:ti_uia_loggers_LoggerStopMode_write1__E)
                  0000385c    000000d8     hello_pem4f.oem4f (.text:ti_uia_loggers_LoggerStopMode_write0__E)
                  00003934    00000004     sysbios.aem4f : BIOS.obj (.text:ti_sysbios_family_arm_lm4_Timer_masterEnable__I)
                  00003938    000000d0                   : BIOS.obj (.text:ti_sysbios_knl_Task_schedule__I)
                  00003a08    000000cc     ti.targets.arm.rtsarm.aem4f : Core-smem.oem4f (.text:xdc_runtime_Core_constructObject__I)
                  00003ad4    00000004     hello_pem4f.oem4f (.text:ti_sysbios_family_arm_m3_Hwi_delete)
                  00003ad8    000000c0     sysbios.aem4f : BIOS.obj (.text:ti_sysbios_knl_Task_startCore__E)
                  00003b98    000000be     drivers_msp432e4.aem4f : UARTMSP432E4.oem4f (.text:UARTMSP432E4_close)
                  00003c56    00000002     display.aem4f : DisplayUart.oem4f (.text:DisplayUartMin_clearLines)
                  00003c58    000000bc     sysbios.aem4f : BIOS.obj (.text:ti_sysbios_family_arm_m3_Hwi_excDebugMon__I)
                  00003d14    00000004     hello_pem4f.oem4f (.text:ti_sysbios_family_arm_m3_TaskSupport_Module__startupDone__S)
                  00003d18    000000bc     sysbios.aem4f : BIOS.obj (.text:ti_sysbios_family_arm_m3_Hwi_excHardFault__I)
                  00003dd4    000000b6     drivers_msp432e4.aem4f : UARTMSP432E4.oem4f (.text:readTaskCallback)
                  00003e8a    00000006     display.aem4f : DisplayUart.oem4f (.text:DisplayUartMin_getType)
                  00003e90    000000b4     sysbios.aem4f : BIOS.obj (.text:ti_sysbios_gates_GateMutex_enter__E)
                  00003f44    00000004     hello_pem4f.oem4f (.text:ti_sysbios_heaps_HeapMem_Module_GateProxy_enter__E)
                  00003f48    000000b4     sysbios.aem4f : BIOS.obj (.text:ti_sysbios_knl_Task_checkStacks__E)
                  00003ffc    000000b0     drivers_msp432e4.aem4f : UARTMSP432E4.oem4f (.text:readTaskBlocking)
                  000040ac    00000004     hello_pem4f.oem4f (.text:ti_sysbios_heaps_HeapMem_Module_GateProxy_leave__E)
                  000040b0    000000b0     sysbios.aem4f : BIOS.obj (.text:ti_sysbios_family_arm_lm4_Timer_enableTiva__I)
                  00004160    000000ac     drivers_msp432e4.aem4f : GPIOMSP432E4.oem4f (.text:GPIO_init)
                  0000420c    00000004     hello_pem4f.oem4f (.text:ti_sysbios_knl_Clock_TimerProxy_getMaxTicks__E)
                  00004210    000000ac     sysbios.aem4f : BIOS.obj (.text:ti_sysbios_family_arm_m3_Hwi_Instance_init__E)
                  000042bc    00000004     hello_pem4f.oem4f (.text:ti_sysbios_knl_Clock_TimerProxy_getPeriod__E)
                  000042c0    000000ac     sysbios.aem4f : BIOS.obj (.text:ti_sysbios_knl_Swi_post__E)
                  0000436c    00000004     hello_pem4f.oem4f (.text:ti_sysbios_knl_Clock_delete)
                  00004370    000000a8     sysbios.aem4f : BIOS.obj (.text:ti_sysbios_family_arm_lm4_Timer_enableTimers__I)
                  00004418    000000a8                   : BIOS.obj (.text:ti_sysbios_knl_Task_blockI__E)
                  000044c0    000000a8                   : BIOS.obj (.text:ti_sysbios_knl_Task_postInit__I)
                  00004568    000000a4     msp432e4_driverlib.a : gpio.o (.text:GPIOIntTypeSet)
                  0000460c    00000004     hello_pem4f.oem4f (.text:ti_sysbios_knl_Semaphore_delete)
                  00004610    000000a4     sysbios.aem4f : BIOS.obj (.text:ti_sysbios_knl_Clock_Instance_finalize__E)
                  000046b4    000000a2     ti.targets.arm.rtsarm.aem4f : Text.oem4f (.text:xdc_runtime_Text_putSite__E)
                  00004756    00000002     display.aem4f : DisplayUart.oem4f (.text:DisplayUartMin_init)
                  00004758    000000a0     auto_init.aem4f : auto_init.oem4f (.text)
                  000047f8    0000009e     drivers_msp432e4.aem4f : UARTMSP432E4.oem4f (.text:UARTMSP432E4_readPolling)
                  00004896    0000009c     rtsv7M4_T_le_v4SPD16_eabi.lib : memcpy_t2.asm.obj (.text)
                  00004932    00000006     display.aem4f : Display.oem4f (.text:Display_doParamsInit)
                  00004938    0000009c     sysbios.aem4f : BIOS.obj (.text:ti_sysbios_knl_Semaphore_Instance_init__E)
                  000049d4    00000098     drivers_msp432e4.aem4f : UARTMSP432E4.oem4f (.text:UARTMSP432E4_write)
                  00004a6c    00000004     ti.uia.loggers.aem4f : LoggerStopMode.oem4f (.text:ti_uia_loggers_LoggerStopMode_getContents__E)
                  00004a70    00000098     sysbios.aem4f : BIOS.obj (.text:ti_sysbios_knl_Task_exit__E)
                  00004b08    00000094     drivers_msp432e4.aem4f : UARTMSP432E4.oem4f (.text:readIsrTextBlocking)
                  00004b9c    00000004     hello_pem4f.oem4f (.text:ti_uia_loggers_LoggerStopMode_getFilterLevel__E)
                  00004ba0    00000094     sysbios.aem4f : BIOS.obj (.text:ti_sysbios_family_arm_m3_Hwi_initNVIC__E)
                  00004c34    00000004     ti.uia.loggers.aem4f : LoggerStopMode.oem4f (.text:ti_uia_loggers_LoggerStopMode_getInstanceId__E)
                  00004c38    00000094     sysbios.aem4f : BIOS.obj (.text:ti_sysbios_knl_Task_unblockI__E)
                  00004ccc    00000090     drivers_msp432e4.aem4f : UARTMSP432E4.oem4f (.text:UARTMSP432E4_control)
                  00004d5c    00000090     ti.uia.loggers.aem4f : LoggerStopMode.oem4f (.text:ti_uia_loggers_LoggerStopMode_initQueueDescriptor__E)
                  00004dec    0000008c     sysbios.aem4f : m3_TaskSupport_asm.obj (.text:ti_sysbios_family_arm_m3_TaskSupport_buildTaskStack)
                  00004e78    00000088     drivers_msp432e4.aem4f : UARTMSP432E4.oem4f (.text:readIsrTextCallback)
                  00004f00    00000084     sysbios.aem4f : BIOS.obj (.text:ti_sysbios_family_arm_m3_Hwi_postInit__I)
                  00004f84    0000007c     hello.obj (.text:uart1Fxn)
                  00005000    0000007c     drivers_msp432e4.aem4f : UARTMSP432E4.oem4f (.text:writeData)
                  0000507c    0000007a     rtsv7M4_T_le_v4SPD16_eabi.lib : memset_t2.asm.obj (.text)
                  000050f6    00000076     msp432e4_driverlib.a : uart.o (.text:UARTConfigSetExpClk)
                  0000516c    00000004     ti.uia.loggers.aem4f : LoggerStopMode.oem4f (.text:ti_uia_loggers_LoggerStopMode_getMaxLength__E)
                  00005170    00000074     sysbios.aem4f : BIOS.obj (.text:ti_sysbios_knl_Clock_start__E)
                  000051e4    00000074     ti.uia.runtime.aem4f : QueueDescriptor.oem4f (.text:ti_uia_runtime_QueueDescriptor_addToList__E)
                  00005258    00000074     ti.targets.arm.rtsarm.aem4f : Error.oem4f (.text:xdc_runtime_Error_print__E)
                  000052cc    00000074                                 : Text.oem4f (.text:xdc_runtime_Text_putMod__E)
                  00005340    00000070     sysbios.aem4f : BIOS.obj (.text:ti_sysbios_heaps_HeapMem_initPrimary__I)
                  000053b0    00000070     ti.targets.arm.rtsarm.aem4f : Memory.oem4f (.text:xdc_runtime_Memory_alloc__E)
                  00005420    0000006d                                 : System.oem4f (.text:xdc_runtime_System_formatNum__I)
                  0000548d    00000001     --HOLE-- [fill = 0]
                  0000548e    00000002     drivers_msp432e4.aem4f : UARTMSP432E4.oem4f (.text:UARTMSP432E4_init)
                  00005490    0000006c                            : PowerMSP432E4.oem4f (.text:Power_releaseDependency)
                  000054fc    00000004     ti.uia.loggers.aem4f : LoggerStopMode.oem4f (.text:ti_uia_loggers_LoggerStopMode_getPriority__E)
                  00005500    0000006c     sysbios.aem4f : BIOS.obj (.text:ti_sysbios_knl_Swi_restoreHwi__E)
                  0000556c    00000068     drivers_msp432e4.aem4f : GPIOMSP432E4.oem4f (.text:GPIO_hwiIntFxn)
                  000055d4    00000068                            : PowerMSP432E4.oem4f (.text:Power_setDependency)
                  0000563c    00000068     rtsv7M4_T_le_v4SPD16_eabi.lib : copy_decompress_lzss.c.obj (.text:decompress:lzss:__TI_decompress_lzss)
                  000056a4    00000068     drivers_msp432e4.aem4f : UARTMSP432E4.oem4f (.text:readIsrBinaryBlocking)
                  0000570c    00000066     ti.uia.loggers.aem4f : LoggerStopMode.oem4f (.text:ti_uia_loggers_LoggerStopMode_flush__E)
                  00005772    00000066     ti.targets.arm.rtsarm.aem4f : Core-mem.oem4f (.text:xdc_runtime_Core_deleteObject__I)
                  000057d8    00000064     drivers_msp432e4.aem4f : PowerMSP432E4.oem4f (.text:Power_init)
                  0000583c    00000064                            : UARTMSP432E4.oem4f (.text:readIsrBinaryCallback)
                  000058a0    00000064     sysbios.aem4f : BIOS.obj (.text:ti_sysbios_family_arm_lm4_Timer_Module_startup__E)
                  00005904    00000004     ti.uia.loggers.aem4f : LoggerStopMode.oem4f (.text:ti_uia_loggers_LoggerStopMode_getTransferType__E)
                  00005908    00000064     sysbios.aem4f : BIOS.obj (.text:ti_sysbios_knl_Clock_logTick__E)
                  0000596c    00000004     ti.targets.arm.rtsarm.aem4f : Error.oem4f (.text:xdc_runtime_Error_getSite__E)
                  00005970    00000060     sysbios.aem4f : BIOS.obj (.text:ti_sysbios_family_arm_lm4_Timer_isrStub__E)
                  000059d0    0000005f     ti.targets.arm.rtsarm.aem4f : Text.oem4f (.text:xdc_runtime_Text_putLab__E)
                  00005a2f    00000001     --HOLE-- [fill = 0]
                  00005a30    0000005c     display.aem4f : Display.oem4f (.text:Display_doOpen)
                  00005a8c    0000005c     msp432e4_driverlib.a : gpio.o (.text:GPIODirModeSet)
                  00005ae8    0000005c     drivers_msp432e4.aem4f : UARTMSP432E4.oem4f (.text:getPowerResourceId)
                  00005b44    00000004     hello_pem4f.oem4f (.text:xdc_runtime_System_Module_GateProxy_enter__E)
                  00005b48    0000005c     sysbios.aem4f : BIOS.obj (.text:ti_sysbios_knl_Swi_schedule__I)
                  00005ba4    00000004     hello_pem4f.oem4f (.text:xdc_runtime_System_Module_GateProxy_leave__E)
                  00005ba8    0000005c     sysbios.aem4f : BIOS.obj (.text:ti_sysbios_knl_Task_Module_startup__E)
                  00005c04    00000058     drivers_msp432e4.aem4f : GPIOMSP432E4.oem4f (.text:GPIO_setCallback)
                  00005c5c    00000058     rtsv7M4_T_le_v4SPD16_eabi.lib : hostwrite.c.obj (.text:HOSTwrite)
                  00005cb4    00000058     boot.aem4f : boot.oem4f (.text)
                  00005d0c    00000058     sysbios.aem4f : m3_Hwi_asm_switch.obj (.text:ti_sysbios_family_arm_m3_Hwi_initStacks__E)
                  00005d64    00000004     ti.targets.arm.rtsarm.aem4f : System.oem4f (.text:xdc_runtime_System_aprintf_va__F)
                  00005d68    00000058     sysbios.aem4f : BIOS.obj (.text:ti_sysbios_heaps_HeapMem_alloc__E)
                  00005dc0    00000054     hello.obj (.text:adc0Fxn)
                  00005e14    00000054     hello_pem4f.oem4f (.text:ti_sysbios_family_arm_m3_Hwi_create)
                  00005e68    00000050     drivers_msp432e4.aem4f : GPIOMSP432E4.oem4f (.text:GPIO_toggle)
                  00005eb8    00000050                            : UARTMSP432E4.oem4f (.text:UARTMSP432E4_hwiIntFxn)
                  00005f08    00000050     sysbios.aem4f : BIOS.obj (.text:ti_sysbios_family_arm_m3_Hwi_Module_startup__E)
                  00005f58    00000050     ti.targets.arm.rtsarm.aem4f : Startup.oem4f (.text:xdc_runtime_Startup_exec__E)
                  00005fa8    00000050                                 : Text.oem4f (.text:xdc_runtime_Text_visitRope2__I)
                  00005ff8    0000004c     drivers_msp432e4.aem4f : UARTMSP432E4.oem4f (.text:UARTMSP432E4_writePolling)
                  00006044    0000004c     rtsv7M4_T_le_v4SPD16_eabi.lib : cpy_tbl.c.obj (.text:copy_in)
                  00006090    0000004c     drivers_msp432e4.aem4f : UARTMSP432E4.oem4f (.text:ringBufGet)
                  000060dc    00000004     ti.targets.arm.rtsarm.aem4f : System.oem4f (.text:xdc_runtime_System_printf_va__F)
                  000060e0    0000004c     sysbios.aem4f : BIOS.obj (.text:ti_sysbios_heaps_HeapMem_getStats__E)
                  0000612c    00000002     rtsv7M4_T_le_v4SPD16_eabi.lib : _lock.c.obj (.text:_nop)
                  0000612e    00000002                                   : div0.asm.obj (.text)
                  00006130    0000004c     sysbios.aem4f : BIOS.obj (.text:ti_sysbios_knl_Swi_runLoop__I)
                  0000617c    00000002     hello_pem4f.oem4f (.text:ti_sysbios_BIOS_nullFunc__I)
                  0000617e    00000002     hello_pem4f.oem4f (.text:ti_uia_loggers_LoggerStopMode_setFilterLevel__E)
                  00006180    0000004c     sysbios.aem4f : BIOS.obj (.text:ti_sysbios_knl_Task_allBlockedFunction__I)
                  000061cc    0000004c     hello_pem4f.oem4f (.text:ti_sysbios_knl_Task_construct)
                  00006218    0000004c     ti.uia.loggers.aem4f : LoggerStopMode.oem4f (.text:ti_uia_loggers_LoggerStopMode_Module_startup__E)
                  00006264    0000004c     ti.targets.arm.rtsarm.aem4f : Assert.oem4f (.text:xdc_runtime_Assert_raise__I)
                  000062b0    0000004a     display.aem4f : DisplayUart.oem4f (.text:DisplayUartMin_open)
                  000062fa    00000048     drivers_msp432e4.aem4f : UARTMSP432E4.oem4f (.text:UARTMSP432E4_writeCancel)
                  00006342    00000006     ti.targets.arm.rtsarm.aem4f : System.oem4f (.text:xdc_runtime_System_Module_startup__E)
                  00006348    00000048     sysbios.aem4f : BIOS.obj (.text:ti_sysbios_family_arm_m3_Hwi_disableInterrupt__E)
                  00006390    00000048                   : BIOS.obj (.text:ti_sysbios_family_arm_m3_Hwi_enableInterrupt__E)
                  000063d8    00000048                   : BIOS.obj (.text:ti_sysbios_family_arm_m3_Hwi_excReserved__I)
                  00006420    00000048     ti.targets.arm.rtsarm.aem4f : Core-params.oem4f (.text:xdc_runtime_Core_assignParams__I)
                  00006468    00000046     display.aem4f : DisplayUart.oem4f (.text:DisplayUartMin_vprintf)
                  000064ae    00000046     drivers_msp432e4.aem4f : RingBuf.oem4f (.text:RingBuf_put)
                  000064f4    00000044     msp432e4_driverlib.a : gpio.o (.text:GPIOPinConfigure)
                  00006538    00000044                          : sysctl.o (.text:SysCtlPeripheralPresent)
                  0000657c    00000044                          : sysctl.o (.text:SysCtlPeripheralReady)
                  000065c0    00000044     drivers_msp432e4.aem4f : UART.oem4f (.text:UART_init)
                  00006604    00000002     ti.uia.loggers.aem4f : LoggerStopMode.oem4f (.text:ti_uia_loggers_LoggerStopMode_setPriority__E)
                  00006606    00000002     --HOLE-- [fill = 0]
                  00006608    00000044     sysbios.aem4f : BIOS.obj (.text:ti_sysbios_family_arm_lm4_Timer_stop__E)
                  0000664c    00000004     --HOLE-- [fill = 0]
                  00006650    00000044                   : BIOS.obj (.text:ti_sysbios_family_arm_m3_Hwi_getStackInfo__E)
                  00006694    00000044     ti.uia.loggers.aem4f : LoggerStopMode.oem4f (.text:ti_uia_loggers_LoggerStopMode_initBuffer__I)
                  000066d8    00000044     ti.targets.arm.rtsarm.aem4f : Error.oem4f (.text:xdc_runtime_Error_setX__E)
                  0000671c    00000044                                 : SysMin.oem4f (.text:xdc_runtime_SysMin_flush__E)
                  00006760    00000044                                 : Text.oem4f (.text:xdc_runtime_Text_xprintf__I)
                  000067a4    00000040     dpl_msp432e4.aem4f : ClockP_tirtos.oem4f (.text:ClockP_create)
                  000067e4    00000040                        : HwiP_tirtos.oem4f (.text:HwiP_create)
                  00006824    00000040     drivers_msp432e4.aem4f : RingBuf.oem4f (.text:RingBuf_get)
                  00006864    00000040     msp432e4_driverlib.a : sysctl.o (.text:SysCtlPeripheralDisable)
                  000068a4    00000040                          : sysctl.o (.text:SysCtlPeripheralEnable)
                  000068e4    00000040                          : sysctl.o (.text:SysCtlPeripheralPowerOff)
                  00006924    00000040                          : sysctl.o (.text:SysCtlPeripheralPowerOn)
                  00006964    00000040                          : sysctl.o (.text:SysCtlPeripheralSleepDisable)
                  000069a4    00000040                          : sysctl.o (.text:SysCtlPeripheralSleepEnable)
                  000069e4    00000040     drivers_msp432e4.aem4f : UARTMSP432E4.oem4f (.text:UARTMSP432E4_read)
                  00006a24    00000040                            : UART.oem4f (.text:UART_open)
                  00006a64    00000040     hello.obj (.text:clk0Fxn)
                  00006aa4    00000040     rtsv7M4_T_le_v4SPD16_eabi.lib : u_divt2.asm.obj (.text)
                  00006ae4    00000004     --HOLE-- [fill = 0]
                  00006ae8    00000040     sysbios.aem4f : BIOS.obj (.text:ti_sysbios_family_arm_lm4_Timer_startup__E)
                  00006b28    0000003c                   : BIOS.obj (.text:ti_sysbios_family_arm_m3_Hwi_Instance_finalize__E)
                  00006b64    00000004     --HOLE-- [fill = 0]
                  00006b68    0000003c                   : BIOS.obj (.text:ti_sysbios_family_arm_m3_Hwi_excSvCall__I)
                  00006ba4    0000003c     hello_pem4f.oem4f (.text:ti_sysbios_knl_Clock_create)
                  00006be0    0000003c     sysbios.aem4f : BIOS.obj (.text:ti_sysbios_knl_Swi_restore__E)
                  00006c1c    00000038     rtsv7M4_T_le_v4SPD16_eabi.lib : trgmsg.c.obj (.text:__TI_writemsg)
                  00006c54    00000004     --HOLE-- [fill = 0]
                  00006c58    00000038     sysbios.aem4f : BIOS.obj (.text:ti_sysbios_family_arm_m3_Hwi_excNoIsr__I)
                  00006c90    00000038                   : BIOS.obj (.text:ti_sysbios_knl_Task_processVitalTaskFlag__I)
                  00006cc8    00000038     ti.targets.arm.rtsarm.aem4f : System.oem4f (.text:xdc_runtime_System_atexit__E)
                  00006d00    00000036     drivers_msp432e4.aem4f : UARTMSP432E4.oem4f (.text:UARTMSP432E4_readCancel)
                  00006d36    00000002     --HOLE-- [fill = 0]
                  00006d38    00000034     rtsv7M4_T_le_v4SPD16_eabi.lib : trgmsg.c.obj (.text:__TI_readmsg)
                  00006d6c    00000004     --HOLE-- [fill = 0]
                  00006d70    00000034     sysbios.aem4f : BIOS.obj (.text:ti_sysbios_family_arm_m3_Hwi_excNmi__I)
                  00006da4    00000004     --HOLE-- [fill = 0]
                  00006da8    00000034                   : BIOS.obj (.text:ti_sysbios_hal_Hwi_checkStack)
                  00006ddc    00000034     hello_pem4f.oem4f (.text:ti_sysbios_knl_Semaphore_create)
                  00006e10    00000034     ti.uia.loggers.aem4f : LoggerStopMode.oem4f (.text:ti_uia_loggers_LoggerStopMode_reset__E)
                  00006e44    00000034     hello_pem4f.oem4f (.text:xdc_runtime_Error_policyLog__I)
                  00006e78    00000034     ti.targets.arm.rtsarm.aem4f : SysMin.oem4f (.text:xdc_runtime_SysMin_abort__E)
                  00006eac    00000034                                 : SysMin.oem4f (.text:xdc_runtime_SysMin_putch__E)
                  00006ee0    00000032     sysbios.aem4f : BIOS.obj (.text:ti_sysbios_hal_Hwi_initStack)
                  00006f12    00000006     --HOLE-- [fill = 0]
                  00006f18    00000032                   : BIOS.obj (.text:ti_sysbios_knl_Semaphore_pendTimeout__I)
                  00006f4a    00000002     --HOLE-- [fill = 0]
                  00006f4c    00000030     ti_drivers_config.obj (.text:Board_init)
                  00006f7c    00000030     drivers_msp432e4.aem4f : GPIOMSP432E4.oem4f (.text:GPIOMSP432E4_undoPinConfig)
                  00006fac    00000030                            : GPIOMSP432E4.oem4f (.text:GPIO_enableInt)
                  00006fdc    00000030     msp432e4_driverlib.a : uart.o (.text:UARTDisable)
                  0000700c    00000030     hello_pem4f.oem4f (.text:ti_sysbios_BIOS_atExitFunc__I)
                  0000703c    00000030     hello_pem4f.oem4f (.text:ti_sysbios_BIOS_startFunc__I)
                  0000706c    00000004     --HOLE-- [fill = 0]
                  00007070    00000030     sysbios.aem4f : BIOS.obj (.text:ti_sysbios_family_arm_m3_TaskSupport_start__E)
                  000070a0    00000030     hello_pem4f.oem4f (.text:ti_sysbios_gates_GateHwi_Object__create__S)
                  000070d0    00000030     hello_pem4f.oem4f (.text:ti_sysbios_gates_GateMutex_Object__create__S)
                  00007100    00000030     hello_pem4f.oem4f (.text:ti_sysbios_heaps_HeapMem_Object__create__S)
                  00007130    00000030     sysbios.aem4f : BIOS.obj (.text:ti_sysbios_heaps_HeapMem_free__E)
                  00007160    00000030     hello_pem4f.oem4f (.text:ti_sysbios_knl_Clock_construct)
                  00007190    00000030     hello_pem4f.oem4f (.text:ti_sysbios_knl_Semaphore_construct)
                  000071c0    00000030     sysbios.aem4f : BIOS.obj (.text:ti_sysbios_knl_Task_restore__E)
                  000071f0    00000030     hello_pem4f.oem4f (.text:ti_uia_loggers_LoggerStopMode_Object__create__S)
                  00007220    00000030     ti.targets.arm.rtsarm.aem4f : System.oem4f (.text:xdc_runtime_System_processAtExit__E)
                  00007250    0000002f                                 : Text.oem4f (.text:xdc_runtime_Text_printVisFxn__I)
                  0000727f    00000001     --HOLE-- [fill = 0]
                  00007280    0000002c     dpl_msp432e4.aem4f : SemaphoreP_tirtos.oem4f (.text:SemaphoreP_createBinary)
                  000072ac    0000002c     msp432e4_driverlib.a : sysctl.o (.text:SysCtlPeripheralClockGating)
                  000072d8    0000002c     hello_pem4f.oem4f (.text:ti_sysbios_family_arm_m3_Hwi_Handle__label__S)
                  00007304    0000002c     hello_pem4f.oem4f (.text:ti_sysbios_gates_GateHwi_Handle__label__S)
                  00007330    0000002c     hello_pem4f.oem4f (.text:ti_sysbios_gates_GateMutex_Handle__label__S)
                  0000735c    0000002c     hello_pem4f.oem4f (.text:ti_sysbios_heaps_HeapMem_Handle__label__S)
                  00007388    0000002c     hello_pem4f.oem4f (.text:ti_sysbios_knl_Clock_doTick__I)
                  000073b4    0000002c     hello_pem4f.oem4f (.text:ti_sysbios_knl_Queue_construct)
                  000073e0    0000002c     hello_pem4f.oem4f (.text:ti_sysbios_knl_Swi_Handle__label__S)
                  0000740c    0000002c     hello_pem4f.oem4f (.text:ti_sysbios_knl_Task_Handle__label__S)
                  00007438    0000002c     hello_pem4f.oem4f (.text:ti_uia_loggers_LoggerStopMode_Handle__label__S)
                  00007464    0000002c     ti.targets.arm.rtsarm.aem4f : System.oem4f (.text:xdc_runtime_System_putchar__I)
                  00007490    0000002a     display.aem4f : Display.oem4f (.text:Display_doPrintf)
                  000074ba    00000002     --HOLE-- [fill = 0]
                  000074bc    00000028                   : Display.oem4f (.text:Display_doInit)
                  000074e4    00000028     sysbios.aem4f : m3_Hwi_asm.obj (.text:ti_sysbios_family_arm_m3_Hwi_excHandlerAsm__I)
                  0000750c    00000004     --HOLE-- [fill = 0]
                  00007510    00000028                   : BIOS.obj (.text:ti_sysbios_knl_Swi_Module_startup__E)
                  00007538    00000028     ti.targets.arm.rtsarm.aem4f : System.oem4f (.text:xdc_runtime_System_avprintf__E)
                  00007560    00000026     sysbios.aem4f : m3_Hwi_asm.obj (.text:ti_sysbios_family_arm_m3_Hwi_pendSV__I)
                  00007586    00000026     ti.targets.arm.rtsarm.aem4f : System.oem4f (.text:xdc_runtime_System_vprintf__E)
                  000075ac    00000024     msp432e4_driverlib.a : gpio.o (.text:GPIOPinTypeUART)
                  000075d0    00000024                          : uart.o (.text:UARTCharPutNonBlocking)
                  000075f4    00000024                          : uart.o (.text:UARTEnable)
                  00007618    00000024     hello_pem4f.oem4f (.text:ti_sysbios_BIOS_errorRaiseHook__I)
                  0000763c    00000024     hello_pem4f.oem4f (.text:ti_sysbios_BIOS_registerRTSLock__I)
                  00007660    00000024     hello_pem4f.oem4f (.text:ti_sysbios_BIOS_removeRTSLock__I)
                  00007684    00000024     hello_pem4f.oem4f (.text:ti_sysbios_gates_GateMutex_Object__delete__S)
                  000076a8    00000024     sysbios.aem4f : BIOS.obj (.text:ti_sysbios_knl_Clock_Module_startup__E)
                  000076cc    00000024     hello_pem4f.oem4f (.text:ti_sysbios_knl_Clock_Object__delete__S)
                  000076f0    00000024     hello_pem4f.oem4f (.text:ti_sysbios_knl_Semaphore_Object__delete__S)
                  00007714    00000004     --HOLE-- [fill = 0]
                  00007718    00000024     sysbios.aem4f : BIOS.obj (.text:ti_sysbios_knl_Task_restoreHwi__E)
                  0000773c    00000022     msp432e4_driverlib.a : gpio.o (.text:GPIOIntStatus)
                  0000775e    00000002     --HOLE-- [fill = 0]
                  00007760    00000022     sysbios.aem4f : BIOS.obj (.text:ti_sysbios_family_arm_lm4_Timer_write__I)
                  00007782    00000022     hello_pem4f.oem4f (.text:xdc_runtime_SysMin_output__I)
                  000077a4    00000020     msp432e4_driverlib.a : gpio.o (.text:GPIOPinWrite)
                  000077c4    00000020     drivers_msp432e4.aem4f : RingBuf.oem4f (.text:RingBuf_peek)
                  000077e4    00000020                            : GPIOMSP432E4.oem4f (.text:getGpioIntIndex)
                  00007804    00000020     hello_pem4f.oem4f (.text:ti_sysbios_BIOS_rtsLock__I)
                  00007824    00000020     hello_pem4f.oem4f (.text:ti_sysbios_family_arm_m3_Hwi_Object__delete__S)
                  00007844    00000020     hello_pem4f.oem4f (.text:ti_sysbios_gates_GateHwi_Object__delete__S)
                  00007864    00000020     hello_pem4f.oem4f (.text:ti_sysbios_heaps_HeapMem_Object__delete__S)
                  00007884    00000004     --HOLE-- [fill = 0]
                  00007888    00000020     sysbios.aem4f : BIOS.obj (.text:ti_sysbios_knl_Idle_run__E)
                  000078a8    00000020     hello_pem4f.oem4f (.text:ti_sysbios_knl_Semaphore_destruct)
                  000078c8    00000020     hello_pem4f.oem4f (.text:ti_uia_loggers_LoggerStopMode_Object__delete__S)
                  000078e8    00000020     ti.targets.arm.rtsarm.aem4f : SysMin.oem4f (.text:xdc_runtime_SysMin_Module_startup__E)
                  00007908    0000001e     msp432e4_driverlib.a : uart.o (.text:UARTBusy)
                  00007926    0000001e                          : uart.o (.text:UARTCharPut)
                  00007944    0000001e                          : uart.o (.text:UARTCharsAvail)
                  00007962    0000001e                          : uart.o (.text:UARTIntStatus)
                  00007980    0000001e     sysbios.aem4f : m3_Hwi_asm_switch.obj (.text:ti_sysbios_family_xxx_Hwi_switchAndRunFunc)
                  0000799e    0000001c     msp432e4_driverlib.a : uart.o (.text:UARTCharGetNonBlocking)
                  000079ba    0000001c                          : uart.o (.text:UARTFlowControlSet)
                  000079d6    0000001c                          : uart.o (.text:UARTTxIntModeSet)
                  000079f2    00000006     --HOLE-- [fill = 0]
                  000079f8    0000001c     sysbios.aem4f : BIOS.obj (.text:ti_sysbios_family_arm_m3_Hwi_excHandler__I)
                  00007a14    00000004     --HOLE-- [fill = 0]
                  00007a18    0000001c                   : BIOS.obj (.text:ti_sysbios_gates_GateMutex_Instance_init__E)
                  00007a34    0000001c     hello_pem4f.oem4f (.text:ti_sysbios_knl_Queue_destruct)
                  00007a50    0000001c     sysbios.aem4f : BIOS.obj (.text:ti_sysbios_knl_Task_enter__I)
                  00007a6c    0000001c     ti.uia.loggers.aem4f : LoggerStopMode.oem4f (.text:ti_uia_loggers_LoggerStopMode_Instance_init__E)
                  00007a88    0000001c     ti.targets.arm.rtsarm.aem4f : Error.oem4f (.text:xdc_runtime_Error_check__E)
                  00007aa4    0000001c                                 : Error.oem4f (.text:xdc_runtime_Error_raiseX__E)
                  00007ac0    0000001c                                 : Memory.oem4f (.text:xdc_runtime_Memory_valloc__E)
                  00007adc    0000001c                                 : Registry.oem4f (.text:xdc_runtime_Registry_findById__E)
                  00007af8    0000001c                                 : SysMin.oem4f (.text:xdc_runtime_SysMin_exit__E)
                  00007b14    0000001c                                 : System.oem4f (.text:xdc_runtime_System_abort__E)
                  00007b30    0000001c                                 : Text.oem4f (.text:xdc_runtime_Text_ropeText__E)
                  00007b4c    0000001a     msp432e4_driverlib.a : gpio.o (.text:GPIOIntEnable)
                  00007b66    0000001a     hello_pem4f.oem4f (.text:xdc_runtime_System_aprintf__E)
                  00007b80    0000001a     hello_pem4f.oem4f (.text:xdc_runtime_System_printf__E)
                  00007b9a    00000018     msp432e4_driverlib.a : gpio.o (.text:GPIOPinRead)
                  00007bb2    00000002     --HOLE-- [fill = 0]
                  00007bb4    00000018     drivers_msp432e4.aem4f : PowerMSP432E4.oem4f (.text:Power_idleFunc)
                  00007bcc    00000018     msp432e4_driverlib.a : uart.o (.text:UARTFIFOLevelSet)
                  00007be4    00000018                          : uart.o (.text:UARTIntDisable)
                  00007bfc    00000018                          : uart.o (.text:UARTIntEnable)
                  00007c14    00000018     drivers_msp432e4.aem4f : UART.oem4f (.text:UART_Params_init)
                  00007c2c    00000018     rtsv7M4_T_le_v4SPD16_eabi.lib : args_main.c.obj (.text:_args_main)
                  00007c44    00000018     hello_pem4f.oem4f (.text:ti_sysbios_BIOS_rtsUnlock__I)
                  00007c5c    00000018     hello_pem4f.oem4f (.text:ti_sysbios_family_arm_lm4_Timer_Module__startupDone__F)
                  00007c74    00000018     hello_pem4f.oem4f (.text:ti_sysbios_family_arm_m3_Hwi_Module__startupDone__F)
                  00007c8c    00000018     sysbios.aem4f : m3_TaskSupport_asm.obj (.text:ti_sysbios_family_arm_m3_TaskSupport_swap__E)
                  00007ca4    00000004     --HOLE-- [fill = 0]
                  00007ca8    00000018                   : BIOS.obj (.text:ti_sysbios_gates_GateMutex_leave__E)
                  00007cc0    00000018     ti.targets.arm.rtsarm.aem4f : Error.oem4f (.text:xdc_runtime_Error_init__E)
                  00007cd8    00000018                                 : System.oem4f (.text:xdc_runtime_System_exit__E)
                  00007cf0    00000016     display.aem4f : DisplayUart.oem4f (.text:DisplayUartMin_close)
                  00007d06    00000016     msp432e4_driverlib.a : uart.o (.text:UARTCharGet)
                  00007d1c    00000016     hello_pem4f.oem4f (.text:ti_sysbios_BIOS_exitFunc__I)
                  00007d32    00000016     hello.obj (.text:ti_sysbios_knl_Clock_Params_init)
                  00007d48    00000016     hello.obj (.text:ti_sysbios_knl_Semaphore_Params_init)
                  00007d5e    00000016     hello.obj (.text:ti_sysbios_knl_Task_Params_init)
                  00007d74    00000016     ti.uia.loggers.aem4f : LoggerStopMode.oem4f (.text:ti_uia_loggers_LoggerStopMode_disable__E)
                  00007d8a    00000016                          : LoggerStopMode.oem4f (.text:ti_uia_loggers_LoggerStopMode_enable__E)
                  00007da0    00000014     msp432e4_driverlib.a : gpio.o (.text:GPIOIntClear)
                  00007db4    00000014     drivers_msp432e4.aem4f : GPIOMSP432E4.oem4f (.text:GPIOMSP432E4_getGpioBaseAddr)
                  00007dc8    00000014                            : GPIOMSP432E4.oem4f (.text:GPIOMSP432E4_getPowerResourceId)
                  00007ddc    00000014     rtsv7M4_T_le_v4SPD16_eabi.lib : strlen.c.obj (.text:strlen)
                  00007df0    00000014     hello_pem4f.oem4f (.text:ti_sysbios_family_arm_m3_Hwi_Object__get__S)
                  00007e04    00000004     --HOLE-- [fill = 0]
                  00007e08    00000014     sysbios.aem4f : BIOS.obj (.text:ti_sysbios_family_arm_m3_Hwi_switchFromBootStack__E)
                  00007e1c    00000014     hello_pem4f.oem4f (.text:ti_sysbios_heaps_HeapMem_Object__get__S)
                  00007e30    00000014     hello_pem4f.oem4f (.text:ti_sysbios_knl_Swi_Object__get__S)
                  00007e44    00000012     drivers_msp432e4.aem4f : RingBuf.oem4f (.text:RingBuf_construct)
                  00007e56    00000012     dpl_msp432e4.aem4f : SemaphoreP_tirtos.oem4f (.text:SemaphoreP_pend)
                  00007e68    00000012     msp432e4_driverlib.a : uart.o (.text:UARTIntClear)
                  00007e7a    00000012                          : uart.o (.text:UARTRxErrorGet)
                  00007e8c    00000004     --HOLE-- [fill = 0]
                  00007e90    00000012     sysbios.aem4f : BIOS.obj (.text:ti_sysbios_hal_Hwi_Module_startup__E)
                  00007ea2    00000012     hello_pem4f.oem4f (.text:xdc_runtime_Startup_exec__I)
                  00007eb4    00000010     hello_pem4f.oem4f (.text:.bootCodeSection:ti_sysbios_family_arm_msp432e4_init_Boot_init__I)
                  00007ec4    00000010     dpl_msp432e4.aem4f : HwiP_tirtos.oem4f (.text:HwiP_Params_init)
                  00007ed4    00000010                        : PowerMSP432E4_tirtos.oem4f (.text:PowerMSP432E4_sleepPolicy)
                  00007ee4    00000010     msp432e4_driverlib.a : uart.o (.text:UARTRxErrorClear)
                  00007ef4    00000010     drivers_msp432e4.aem4f : UARTMSP432E4.oem4f (.text:readBlockingTimeout)
                  00007f04    00000004     --HOLE-- [fill = 0]
                  00007f08    00000010     sysbios.aem4f : BIOS.obj (.text:ti_sysbios_BIOS_getCpuFreq__E)
                  00007f18    00000010                   : BIOS.obj (.text:ti_sysbios_BIOS_setThreadType__E)
                  00007f28    00000010                   : BIOS.obj (.text:ti_sysbios_BIOS_start__E)
                  00007f38    00000010                   : BIOS.obj (.text:ti_sysbios_family_arm_lm4_TimestampProvider_rolloverFunc__E)
                  00007f48    00000010                   : m3_TaskSupport_asm.obj (.text:ti_sysbios_family_arm_m3_TaskSupport_glue)
                  00007f58    00000010                   : BIOS.obj (.text:ti_sysbios_gates_GateMutex_Instance_finalize__E)
                  00007f68    00000010                   : BIOS.obj (.text:ti_sysbios_knl_Semaphore_Instance_finalize__E)
                  00007f78    00000010                   : BIOS.obj (.text:ti_sysbios_knl_Swi_disable__E)
                  00007f88    00000010     hello_pem4f.oem4f (.text:ti_sysbios_knl_Task_Object__get__S)
                  00007f98    00000010     sysbios.aem4f : BIOS.obj (.text:ti_sysbios_knl_Task_disable__E)
                  00007fa8    00000010     hello_pem4f.oem4f (.text:ti_uia_loggers_LoggerStopMode_Object__get__S)
                  00007fb8    00000010     ti.uia.loggers.aem4f : LoggerStopMode.oem4f (.text:ti_uia_loggers_LoggerStopMode_isEmpty__E)
                  00007fc8    00000010     ti.targets.arm.rtsarm.aem4f : Gate.oem4f (.text:xdc_runtime_Gate_leaveSystem__E)
                  00007fd8    00000010                                 : Memory.oem4f (.text:xdc_runtime_Memory_free__E)
                  00007fe8    00000010                                 : SysMin.oem4f (.text:xdc_runtime_SysMin_ready__E)
                  00007ff8    00000010                                 : System.oem4f (.text:xdc_runtime_System_vsnprintf__E)
                  00008008    00000010     hello_pem4f.oem4f (.text:xdc_runtime_Text_visitRope__I)
                  00008018    0000000e     drivers_msp432e4.aem4f : RingBuf.oem4f (.text:RingBuf_isFull)
                  00008026    0000000e     rtsv7M4_T_le_v4SPD16_eabi.lib : copy_decompress_none.c.obj (.text:decompress:none:__TI_decompress_none)
                  00008034    00000004     --HOLE-- [fill = 0]
                  00008038    0000000e     sysbios.aem4f : BIOS.obj (.text:ti_sysbios_knl_Idle_loop__E)
                  00008046    00000002     --HOLE-- [fill = 0]
                  00008048    0000000e                   : BIOS.obj (.text:ti_sysbios_knl_Queue_empty__E)
                  00008056    0000000c     dpl_msp432e4.aem4f : ClockP_tirtos.oem4f (.text:ClockP_delete)
                  00008062    0000000c                        : HwiP_tirtos.oem4f (.text:HwiP_delete)
                  0000806e    0000000c                        : SemaphoreP_tirtos.oem4f (.text:SemaphoreP_delete)
                  0000807a    00000002     --HOLE-- [fill = 0]
                  0000807c    0000000c     rtsv7M4_T_le_v4SPD16_eabi.lib : _lock.c.obj (.text:_register_lock)
                  00008088    0000000c                                   : _lock.c.obj (.text:_register_unlock)
                  00008094    0000000c     hello.obj (.text:clk1Fxn)
                  000080a0    0000000c     rtsv7M4_T_le_v4SPD16_eabi.lib : copy_zero_init.c.obj (.text:decompress:ZI:__TI_zero_init)
                  000080ac    00000004     --HOLE-- [fill = 0]
                  000080b0    0000000c     sysbios.aem4f : BIOS.obj (.text:ti_sysbios_family_arm_lm4_Timer_getMaxTicks__E)
                  000080bc    00000004     --HOLE-- [fill = 0]
                  000080c0    0000000c                   : BIOS.obj (.text:ti_sysbios_family_arm_lm4_TimestampProvider_startTimer__E)
                  000080cc    0000000c     hello_pem4f.oem4f (.text:ti_sysbios_family_arm_m3_Hwi_Params__init__S)
                  000080d8    0000000c     sysbios.aem4f : BIOS.obj (.text:ti_sysbios_family_arm_m3_Hwi_disableFxn__E)
                  000080e4    00000004     --HOLE-- [fill = 0]
                  000080e8    0000000c                   : BIOS.obj (.text:ti_sysbios_family_arm_m3_TaskSupport_checkStack__E)
                  000080f4    00000004     --HOLE-- [fill = 0]
                  000080f8    0000000c                   : BIOS.obj (.text:ti_sysbios_family_arm_m3_TaskSupport_getStackAlignment__E)
                  00008104    00000004     --HOLE-- [fill = 0]
                  00008108    0000000c                   : BIOS.obj (.text:ti_sysbios_gates_GateHwi_enter__E)
                  00008114    0000000c     hello_pem4f.oem4f (.text:ti_sysbios_knl_Clock_Params__init__S)
                  00008120    0000000c     hello_pem4f.oem4f (.text:ti_sysbios_knl_Queue_Object__get__S)
                  0000812c    0000000c     hello_pem4f.oem4f (.text:ti_sysbios_knl_Semaphore_Params__init__S)
                  00008138    0000000c     hello.obj (.text:ti_sysbios_knl_Semaphore_handle)
                  00008144    0000000c     hello_pem4f.oem4f (.text:ti_sysbios_knl_Task_Params__init__S)
                  00008150    0000000c     ti.targets.arm.rtsarm.aem4f : Gate.oem4f (.text:xdc_runtime_Gate_enterSystem__E)
                  0000815c    0000000c                                 : Memory.oem4f (.text:xdc_runtime_Memory_calloc__E)
                  00008168    0000000c                                 : Memory.oem4f (.text:xdc_runtime_Memory_getMaxDefaultTypeAlign__E)
                  00008174    0000000c                                 : Startup.oem4f (.text:xdc_runtime_Startup_rtsDone__E)
                  00008180    0000000a     dpl_msp432e4.aem4f : ClockP_tirtos.oem4f (.text:ClockP_Params_init)
                  0000818a    0000000a     drivers_msp432e4.aem4f : UART.oem4f (.text:UART_close)
                  00008194    0000000a                            : UART.oem4f (.text:UART_control)
                  0000819e    0000000a                            : UART.oem4f (.text:UART_write)
                  000081a8    0000000a     hello.obj (.text:pwm2Fxn)
                  000081b2    0000000a     hello_pem4f.oem4f (.text:xdc_runtime_IHeap_alloc)
                  000081bc    0000000a     hello_pem4f.oem4f (.text:xdc_runtime_IHeap_free)
                  000081c6    00000008     drivers_msp432e4.aem4f : UARTMSP432E4.oem4f (.text:readSemCallback)
                  000081ce    00000008     sysbios.aem4f : BIOS.obj (.text:ti_sysbios_family_arm_lm4_Timer_masterDisable__I)
                  000081d6    00000002     --HOLE-- [fill = 0]
                  000081d8    00000008                   : BIOS.obj (.text:ti_sysbios_family_arm_m3_Hwi_doSwiRestore__I)
                  000081e0    00000008                   : BIOS.obj (.text:ti_sysbios_family_arm_m3_Hwi_startup__E)
                  000081e8    00000008     drivers_msp432e4.aem4f : UARTMSP432E4.oem4f (.text:writeSemCallback)
                  000081f0    00000006     sysbios.aem4f : BIOS.obj (.text:ti_sysbios_family_arm_lm4_TimestampProvider_Module_startup__E)
                  000081f6    00000002     --HOLE-- [fill = 0]
                  000081f8    00000006                   : BIOS.obj (.text:ti_sysbios_family_arm_m3_Hwi_doTaskRestore__I)
                  000081fe    00000002     --HOLE-- [fill = 0]
                  00008200    00000006                   : BIOS.obj (.text:ti_sysbios_family_arm_m3_Hwi_restoreFxn__E)
                  00008206    00000002     --HOLE-- [fill = 0]
                  00008208    00000006                   : BIOS.obj (.text:ti_sysbios_gates_GateHwi_leave__E)
                  0000820e    00000002     --HOLE-- [fill = 0]
                  00008210    00000006                   : BIOS.obj (.text:ti_sysbios_heaps_HeapMem_isBlocking__E)
                  00008216    00000002     --HOLE-- [fill = 0]
                  00008218    00000006                   : BIOS.obj (.text:ti_sysbios_knl_Clock_stop__E)
                  0000821e    00000002     --HOLE-- [fill = 0]
                  00008220    00000006                   : BIOS.obj (.text:ti_sysbios_knl_Queue_Instance_init__E)
                  00008226    00000002     --HOLE-- [fill = 0]
                  00008228    00000006                   : BIOS.obj (.text:ti_sysbios_knl_Swi_startup__E)
                  0000822e    00000002     --HOLE-- [fill = 0]
                  00008230    00000004                   : BIOS.obj (.text:ti_sysbios_family_arm_lm4_Timer_getPeriod__E)
                  00008234    00000004     --HOLE-- [fill = 0]
                  00008238    00000004                   : BIOS.obj (.text:ti_sysbios_gates_GateHwi_query__E)
                  0000823c    00000004     --HOLE-- [fill = 0]
                  00008240    00000004                   : BIOS.obj (.text:ti_sysbios_gates_GateMutex_query__E)
                  00008244    00000004     --HOLE-- [fill = 0]
                  00008248    00000004                   : BIOS.obj (.text:ti_sysbios_knl_Clock_setTimeout__E)
                  0000824c    00000004     --HOLE-- [fill = 0]
                  00008250    00000004                   : BIOS.obj (.text:ti_sysbios_knl_Semaphore_getCount__E)
                  00008254    00000004     --HOLE-- [fill = 0]
                  00008258    00000004                   : BIOS.obj (.text:ti_sysbios_knl_Task_startup__E)
                  0000825c    00000004     --HOLE-- [fill = 0]
                  00008260    00000002                   : BIOS.obj (.text:ti_sysbios_BIOS_linkedWithIncorrectBootLibrary__E)
                  00008262    00000006     --HOLE-- [fill = 0]
                  00008268    00000002                   : BIOS.obj (.text:ti_sysbios_gates_GateHwi_Instance_init__E)

.const     0    0000826c    00002ad2     
                  0000826c    00001f7f     hello_pem4f.oem4f (.const:xdc_runtime_Text_charTab__A)
                  0000a1eb    00000001     display.aem4f : Display.oem4f (.const:Display_defaultParams)
                  0000a1ec    00000210     sysbios.aem4f : BIOS.obj (.const:$O1$$)
                  0000a3fc    000000f0     hello_pem4f.oem4f (.const:xdc_runtime_Text_nodeTab__A)
                  0000a4ec    00000060     hello_pem4f.oem4f (.const:ti_uia_loggers_LoggerStopMode_Module__FXNS__C)
                  0000a54c    00000048     msp432e4_driverlib.a : gpio.o (.const:g_pui32GPIOBaseAddrs)
                  0000a594    00000048     drivers_msp432e4.aem4f : GPIOMSP432E4.oem4f (.const:gpioBaseAddresses)
                  0000a5dc    00000048                            : GPIOMSP432E4.oem4f (.const:powerMgrIds)
                  0000a624    0000003c     hello_pem4f.oem4f (.const:ti_sysbios_knl_Task_Object__PARAMS__C)
                  0000a660    00000030     hello_pem4f.oem4f (.const:ti_sysbios_family_arm_m3_Hwi_Object__PARAMS__C)
                  0000a690    0000002c     ti_drivers_config.obj (.const:uartMSP432E4HWAttrs)
                  0000a6bc    00000028     drivers_msp432e4.aem4f : UARTMSP432E4.oem4f (.const:UARTMSP432E4_fxnTable)
                  0000a6e4    00000028     hello_pem4f.oem4f (.const:ti_sysbios_heaps_HeapMem_Module__FXNS__C)
                  0000a70c    00000028     hello_pem4f.oem4f (.const:ti_uia_loggers_LoggerStopMode_Object__PARAMS__C)
                  0000a734    00000028     hello_pem4f.oem4f (.const:xdc_runtime_Startup_sfxnTab__A)
                  0000a75c    00000024     drivers_msp432e4.aem4f : UART.oem4f (.const:UART_defaultParams)
                  0000a780    00000024     hello_pem4f.oem4f (.const:ti_sysbios_gates_GateHwi_Module__FXNS__C)
                  0000a7a4    00000024     hello_pem4f.oem4f (.const:ti_sysbios_gates_GateMutex_Module__FXNS__C)
                  0000a7c8    00000024     hello_pem4f.oem4f (.const:ti_sysbios_heaps_HeapMem_Object__PARAMS__C)
                  0000a7ec    00000024     hello_pem4f.oem4f (.const:ti_sysbios_knl_Clock_Object__PARAMS__C)
                  0000a810    00000024     hello_pem4f.oem4f (.const:ti_sysbios_knl_Semaphore_Object__PARAMS__C)
                  0000a834    00000020     drivers_msp432e4.aem4f : GPIOMSP432E4.oem4f (.const:.string:gpioInterruptVectors)
                  0000a854    00000020     display.aem4f : DisplayUart.oem4f (.const:DisplayUartMin_fxnTable)
                  0000a874    00000020     drivers_msp432e4.aem4f : UARTMSP432E4.oem4f (.const:staticFxnTable)
                  0000a894    00000020     hello_pem4f.oem4f (.const:ti_sysbios_family_arm_m3_Hwi_Object__DESC__C)
                  0000a8b4    00000020     hello_pem4f.oem4f (.const:ti_sysbios_gates_GateHwi_Object__DESC__C)
                  0000a8d4    00000020     hello_pem4f.oem4f (.const:ti_sysbios_gates_GateMutex_Object__DESC__C)
                  0000a8f4    00000020     hello_pem4f.oem4f (.const:ti_sysbios_heaps_HeapMem_Object__DESC__C)
                  0000a914    00000020     hello_pem4f.oem4f (.const:ti_sysbios_knl_Clock_Object__DESC__C)
                  0000a934    00000020     hello_pem4f.oem4f (.const:ti_sysbios_knl_Queue_Object__DESC__C)
                  0000a954    00000020     hello_pem4f.oem4f (.const:ti_sysbios_knl_Semaphore_Object__DESC__C)
                  0000a974    00000020     hello_pem4f.oem4f (.const:ti_sysbios_knl_Task_Object__DESC__C)
                  0000a994    00000020     hello_pem4f.oem4f (.const:ti_uia_loggers_LoggerStopMode_Object__DESC__C)
                  0000a9b4    00000018     hello_pem4f.oem4f (.const:ti_sysbios_gates_GateHwi_Object__PARAMS__C)
                  0000a9cc    00000018     hello_pem4f.oem4f (.const:ti_sysbios_gates_GateMutex_Object__PARAMS__C)
                  0000a9e4    00000018     hello_pem4f.oem4f (.const:ti_sysbios_knl_Queue_Object__PARAMS__C)
                  0000a9fc    00000014     ti_drivers_config.obj (.const:GPIOMSP432E4_config)
                  0000aa10    00000014     ti_drivers_config.obj (.const:displayUartHWAttrs)
                  0000aa24    00000014     drivers_msp432e4.aem4f : UARTMSP432E4.oem4f (.const:parityType)
                  0000aa38    00000014     hello_pem4f.oem4f (.const:xdc_runtime_Startup_sfxnRts__A)
                  0000aa4c    00000010     drivers_msp432e4.aem4f : UARTMSP432E4.oem4f (.const:dataLength)
                  0000aa5c    00000010     hello_pem4f.oem4f (.const:xdc_runtime_Startup_firstFxns__A)
                  0000aa6c    0000000c     ti_drivers_config.obj (.const:Display_config)
                  0000aa78    0000000c     ti_drivers_config.obj (.const:UART_config)
                  0000aa84    00000009     ti_drivers_config.obj (.const)
                  0000aa8d    00000003     drivers_msp432e4.aem4f : GPIOMSP432E4.oem4f (.const:.string:inPinTypes)
                  0000aa90    00000008     ti_drivers_config.obj (.const:PowerMSP432E4_config)
                  0000aa98    00000008     drivers_msp432e4.aem4f : UARTMSP432E4.oem4f (.const:stopBits)
                  0000aaa0    00000008     hello_pem4f.oem4f (.const:ti_sysbios_family_arm_m3_Hwi_excHookFuncs__A)
                  0000aaa8    00000008     hello_pem4f.oem4f (.const:ti_sysbios_knl_Idle_funcList__A)
                  0000aab0    00000008     hello_pem4f.oem4f (.const:ti_sysbios_knl_Idle_funcList__C)
                  0000aab8    00000008     hello_pem4f.oem4f (.const:xdc_runtime_Startup_firstFxns__C)
                  0000aac0    00000008     hello_pem4f.oem4f (.const:xdc_runtime_Startup_lastFxns__C)
                  0000aac8    00000007     drivers_msp432e4.aem4f : GPIOMSP432E4.oem4f (.const:.string:outPinStrengths)
                  0000aacf    00000006                            : GPIOMSP432E4.oem4f (.const:.string:interruptType)
                  0000aad5    00000004                            : GPIOMSP432E4.oem4f (.const:.string:outPinTypes)
                  0000aad9    00000001     hello_pem4f.oem4f (.const:xdc_runtime_Error_policy__C)
                  0000aada    00000002     hello_pem4f.oem4f (.const:ti_sysbios_family_arm_lm4_TimestampProvider_useClockTimer__C)
                  0000aadc    00000004     hello_pem4f.oem4f (.const:ti_sysbios_family_arm_lm4_Timer_enableFunc__C)
                  0000aae0    00000004     hello_pem4f.oem4f (.const:ti_sysbios_family_arm_lm4_Timer_numTimerDevices__C)
                  0000aae4    00000004     hello_pem4f.oem4f (.const:ti_sysbios_family_arm_lm4_Timer_startupNeeded__C)
                  0000aae8    00000004     hello_pem4f.oem4f (.const:ti_sysbios_family_arm_m3_Hwi_E_NMI__C)
                  0000aaec    00000004     hello_pem4f.oem4f (.const:ti_sysbios_family_arm_m3_Hwi_E_alreadyDefined__C)
                  0000aaf0    00000004     hello_pem4f.oem4f (.const:ti_sysbios_family_arm_m3_Hwi_E_badIntNum__C)
                  0000aaf4    00000004     hello_pem4f.oem4f (.const:ti_sysbios_family_arm_m3_Hwi_E_busFault__C)
                  0000aaf8    00000004     hello_pem4f.oem4f (.const:ti_sysbios_family_arm_m3_Hwi_E_debugMon__C)
                  0000aafc    00000004     hello_pem4f.oem4f (.const:ti_sysbios_family_arm_m3_Hwi_E_hardFault__C)
                  0000ab00    00000004     hello_pem4f.oem4f (.const:ti_sysbios_family_arm_m3_Hwi_E_memFault__C)
                  0000ab04    00000004     hello_pem4f.oem4f (.const:ti_sysbios_family_arm_m3_Hwi_E_noIsr__C)
                  0000ab08    00000004     hello_pem4f.oem4f (.const:ti_sysbios_family_arm_m3_Hwi_E_reserved__C)
                  0000ab0c    00000004     hello_pem4f.oem4f (.const:ti_sysbios_family_arm_m3_Hwi_E_svCall__C)
                  0000ab10    00000004     hello_pem4f.oem4f (.const:ti_sysbios_family_arm_m3_Hwi_E_usageFault__C)
                  0000ab14    00000004     hello_pem4f.oem4f (.const:ti_sysbios_family_arm_m3_Hwi_LD_end__C)
                  0000ab18    00000004     hello_pem4f.oem4f (.const:ti_sysbios_family_arm_m3_Hwi_LM_begin__C)
                  0000ab1c    00000004     hello_pem4f.oem4f (.const:ti_sysbios_family_arm_m3_Hwi_Module__diagsEnabled__C)
                  0000ab20    00000004     hello_pem4f.oem4f (.const:ti_sysbios_family_arm_m3_Hwi_Module__diagsIncluded__C)
                  0000ab24    00000004     hello_pem4f.oem4f (.const:ti_sysbios_family_arm_m3_Hwi_Module__diagsMask__C)
                  0000ab28    00000004     hello_pem4f.oem4f (.const:ti_sysbios_family_arm_m3_Hwi_Module__loggerFxn1__C)
                  0000ab2c    00000004     hello_pem4f.oem4f (.const:ti_sysbios_family_arm_m3_Hwi_Module__loggerFxn8__C)
                  0000ab30    00000004     hello_pem4f.oem4f (.const:ti_sysbios_family_arm_m3_Hwi_Module__loggerObj__C)
                  0000ab34    00000004     hello_pem4f.oem4f (.const:ti_sysbios_family_arm_m3_Hwi_NUM_INTERRUPTS__C)
                  0000ab38    00000004     hello_pem4f.oem4f (.const:ti_sysbios_family_arm_m3_Hwi_Object__count__C)
                  0000ab3c    00000004     hello_pem4f.oem4f (.const:ti_sysbios_family_arm_m3_Hwi_ccr__C)
                  0000ab40    00000004     hello_pem4f.oem4f (.const:ti_sysbios_family_arm_m3_Hwi_excHandlerFunc__C)
                  0000ab44    00000004     hello_pem4f.oem4f (.const:ti_sysbios_family_arm_m3_Hwi_excHookFuncs__C)
                  0000ab48    00000004     hello_pem4f.oem4f (.const:ti_sysbios_family_arm_m3_Hwi_nullIsrFunc__C)
                  0000ab4c    00000004     hello_pem4f.oem4f (.const:ti_sysbios_family_arm_m3_Hwi_priGroup__C)
                  0000ab50    00000004     hello_pem4f.oem4f (.const:ti_sysbios_family_arm_m3_TaskSupport_stackAlignment__C)
                  0000ab54    00000004     hello_pem4f.oem4f (.const:ti_sysbios_gates_GateMutex_A_badContext__C)
                  0000ab58    00000004     hello_pem4f.oem4f (.const:ti_sysbios_gates_GateMutex_Instance_State_sem__O)
                  0000ab5c    00000004     hello_pem4f.oem4f (.const:ti_sysbios_gates_GateMutex_Module__diagsEnabled__C)
                  0000ab60    00000004     hello_pem4f.oem4f (.const:ti_sysbios_gates_GateMutex_Module__diagsIncluded__C)
                  0000ab64    00000004     hello_pem4f.oem4f (.const:ti_sysbios_gates_GateMutex_Module__diagsMask__C)
                  0000ab68    00000004     hello_pem4f.oem4f (.const:ti_sysbios_hal_Hwi_E_stackOverflow__C)
                  0000ab6c    00000004     hello_pem4f.oem4f (.const:ti_sysbios_heaps_HeapMem_A_align__C)
                  0000ab70    00000004     hello_pem4f.oem4f (.const:ti_sysbios_heaps_HeapMem_A_heapSize__C)
                  0000ab74    00000004     hello_pem4f.oem4f (.const:ti_sysbios_heaps_HeapMem_A_invalidFree__C)
                  0000ab78    00000004     hello_pem4f.oem4f (.const:ti_sysbios_heaps_HeapMem_A_zeroBlock__C)
                  0000ab7c    00000004     hello_pem4f.oem4f (.const:ti_sysbios_heaps_HeapMem_E_memory__C)
                  0000ab80    00000004     hello_pem4f.oem4f (.const:ti_sysbios_heaps_HeapMem_Module__diagsEnabled__C)
                  0000ab84    00000004     hello_pem4f.oem4f (.const:ti_sysbios_heaps_HeapMem_Module__diagsIncluded__C)
                  0000ab88    00000004     hello_pem4f.oem4f (.const:ti_sysbios_heaps_HeapMem_Module__diagsMask__C)
                  0000ab8c    00000004     hello_pem4f.oem4f (.const:ti_sysbios_heaps_HeapMem_Module__gateObj__C)
                  0000ab90    00000004     hello_pem4f.oem4f (.const:ti_sysbios_heaps_HeapMem_Object__count__C)
                  0000ab94    00000004     hello_pem4f.oem4f (.const:ti_sysbios_heaps_HeapMem_primaryHeapBaseAddr__C)
                  0000ab98    00000004     hello_pem4f.oem4f (.const:ti_sysbios_heaps_HeapMem_primaryHeapEndAddr__C)
                  0000ab9c    00000004     hello_pem4f.oem4f (.const:ti_sysbios_heaps_HeapMem_reqAlign__C)
                  0000aba0    00000004     hello_pem4f.oem4f (.const:ti_sysbios_knl_Clock_A_badThreadType__C)
                  0000aba4    00000004     hello_pem4f.oem4f (.const:ti_sysbios_knl_Clock_LM_begin__C)
                  0000aba8    00000004     hello_pem4f.oem4f (.const:ti_sysbios_knl_Clock_LM_tick__C)
                  0000abac    00000004     hello_pem4f.oem4f (.const:ti_sysbios_knl_Clock_LW_delayed__C)
                  0000abb0    00000004     hello_pem4f.oem4f (.const:ti_sysbios_knl_Clock_Module_State_clockQ__O)
                  0000abb4    00000004     hello_pem4f.oem4f (.const:ti_sysbios_knl_Clock_Module__diagsEnabled__C)
                  0000abb8    00000004     hello_pem4f.oem4f (.const:ti_sysbios_knl_Clock_Module__diagsIncluded__C)
                  0000abbc    00000004     hello_pem4f.oem4f (.const:ti_sysbios_knl_Clock_Module__diagsMask__C)
                  0000abc0    00000004     hello_pem4f.oem4f (.const:ti_sysbios_knl_Clock_Module__loggerFxn1__C)
                  0000abc4    00000004     hello_pem4f.oem4f (.const:ti_sysbios_knl_Clock_Module__loggerFxn2__C)
                  0000abc8    00000004     hello_pem4f.oem4f (.const:ti_sysbios_knl_Clock_Module__loggerObj__C)
                  0000abcc    00000004     hello_pem4f.oem4f (.const:ti_sysbios_knl_Clock_tickPeriod__C)
                  0000abd0    00000004     hello_pem4f.oem4f (.const:ti_sysbios_knl_Semaphore_A_badContext__C)
                  0000abd4    00000004     hello_pem4f.oem4f (.const:ti_sysbios_knl_Semaphore_A_noEvents__C)
                  0000abd8    00000004     hello_pem4f.oem4f (.const:ti_sysbios_knl_Semaphore_A_overflow__C)
                  0000abdc    00000004     hello_pem4f.oem4f (.const:ti_sysbios_knl_Semaphore_A_pendTaskDisabled__C)
                  0000abe0    00000004     hello_pem4f.oem4f (.const:ti_sysbios_knl_Semaphore_Instance_State_pendQ__O)
                  0000abe4    00000004     hello_pem4f.oem4f (.const:ti_sysbios_knl_Semaphore_LM_pend__C)
                  0000abe8    00000004     hello_pem4f.oem4f (.const:ti_sysbios_knl_Semaphore_LM_post__C)
                  0000abec    00000004     hello_pem4f.oem4f (.const:ti_sysbios_knl_Semaphore_Module__diagsEnabled__C)
                  0000abf0    00000004     hello_pem4f.oem4f (.const:ti_sysbios_knl_Semaphore_Module__diagsIncluded__C)
                  0000abf4    00000004     hello_pem4f.oem4f (.const:ti_sysbios_knl_Semaphore_Module__diagsMask__C)
                  0000abf8    00000004     hello_pem4f.oem4f (.const:ti_sysbios_knl_Semaphore_Module__loggerFxn2__C)
                  0000abfc    00000004     hello_pem4f.oem4f (.const:ti_sysbios_knl_Semaphore_Module__loggerFxn4__C)
                  0000ac00    00000004     hello_pem4f.oem4f (.const:ti_sysbios_knl_Semaphore_Module__loggerObj__C)
                  0000ac04    00000004     hello_pem4f.oem4f (.const:ti_sysbios_knl_Swi_LD_end__C)
                  0000ac08    00000004     hello_pem4f.oem4f (.const:ti_sysbios_knl_Swi_LM_begin__C)
                  0000ac0c    00000004     hello_pem4f.oem4f (.const:ti_sysbios_knl_Swi_LM_post__C)
                  0000ac10    00000004     hello_pem4f.oem4f (.const:ti_sysbios_knl_Swi_Module__diagsEnabled__C)
                  0000ac14    00000004     hello_pem4f.oem4f (.const:ti_sysbios_knl_Swi_Module__diagsIncluded__C)
                  0000ac18    00000004     hello_pem4f.oem4f (.const:ti_sysbios_knl_Swi_Module__diagsMask__C)
                  0000ac1c    00000004     hello_pem4f.oem4f (.const:ti_sysbios_knl_Swi_Module__loggerFxn1__C)
                  0000ac20    00000004     hello_pem4f.oem4f (.const:ti_sysbios_knl_Swi_Module__loggerFxn4__C)
                  0000ac24    00000004     hello_pem4f.oem4f (.const:ti_sysbios_knl_Swi_Module__loggerObj__C)
                  0000ac28    00000004     hello_pem4f.oem4f (.const:ti_sysbios_knl_Swi_Object__count__C)
                  0000ac2c    00000004     hello_pem4f.oem4f (.const:ti_sysbios_knl_Task_A_badPriority__C)
                  0000ac30    00000004     hello_pem4f.oem4f (.const:ti_sysbios_knl_Task_A_badTaskState__C)
                  0000ac34    00000004     hello_pem4f.oem4f (.const:ti_sysbios_knl_Task_A_badThreadType__C)
                  0000ac38    00000004     hello_pem4f.oem4f (.const:ti_sysbios_knl_Task_A_noPendElem__C)
                  0000ac3c    00000004     hello_pem4f.oem4f (.const:ti_sysbios_knl_Task_E_spOutOfBounds__C)
                  0000ac40    00000004     hello_pem4f.oem4f (.const:ti_sysbios_knl_Task_E_stackOverflow__C)
                  0000ac44    00000004     hello_pem4f.oem4f (.const:ti_sysbios_knl_Task_LD_block__C)
                  0000ac48    00000004     hello_pem4f.oem4f (.const:ti_sysbios_knl_Task_LD_exit__C)
                  0000ac4c    00000004     hello_pem4f.oem4f (.const:ti_sysbios_knl_Task_LD_ready__C)
                  0000ac50    00000004     hello_pem4f.oem4f (.const:ti_sysbios_knl_Task_LM_switch__C)
                  0000ac54    00000004     hello_pem4f.oem4f (.const:ti_sysbios_knl_Task_Module_State_inactiveQ__O)
                  0000ac58    00000004     hello_pem4f.oem4f (.const:ti_sysbios_knl_Task_Module__diagsEnabled__C)
                  0000ac5c    00000004     hello_pem4f.oem4f (.const:ti_sysbios_knl_Task_Module__diagsIncluded__C)
                  0000ac60    00000004     hello_pem4f.oem4f (.const:ti_sysbios_knl_Task_Module__diagsMask__C)
                  0000ac64    00000004     hello_pem4f.oem4f (.const:ti_sysbios_knl_Task_Module__loggerFxn2__C)
                  0000ac68    00000004     hello_pem4f.oem4f (.const:ti_sysbios_knl_Task_Module__loggerFxn4__C)
                  0000ac6c    00000004     hello_pem4f.oem4f (.const:ti_sysbios_knl_Task_Module__loggerObj__C)
                  0000ac70    00000004     hello_pem4f.oem4f (.const:ti_sysbios_knl_Task_Object__count__C)
                  0000ac74    00000004     hello_pem4f.oem4f (.const:ti_sysbios_knl_Task_allBlockedFunc__C)
                  0000ac78    00000004     hello_pem4f.oem4f (.const:ti_sysbios_knl_Task_defaultStackHeap__C)
                  0000ac7c    00000004     hello_pem4f.oem4f (.const:ti_sysbios_knl_Task_defaultStackSize__C)
                  0000ac80    00000004     hello_pem4f.oem4f (.const:ti_sysbios_knl_Task_numConstructedTasks__C)
                  0000ac84    00000004     hello_pem4f.oem4f (.const:ti_uia_loggers_LoggerStopMode_Module__diagsEnabled__C)
                  0000ac88    00000004     hello_pem4f.oem4f (.const:ti_uia_loggers_LoggerStopMode_Module__diagsIncluded__C)
                  0000ac8c    00000004     hello_pem4f.oem4f (.const:ti_uia_loggers_LoggerStopMode_Module__diagsMask__C)
                  0000ac90    00000004     hello_pem4f.oem4f (.const:ti_uia_loggers_LoggerStopMode_Object__count__C)
                  0000ac94    00000004     hello_pem4f.oem4f (.const:ti_uia_runtime_ILoggerSnapshot_Interface__BASE__C)
                  0000ac98    00000004     hello_pem4f.oem4f (.const:ti_uia_runtime_IUIATransfer_Interface__BASE__C)
                  0000ac9c    00000004     hello_pem4f.oem4f (.const:xdc_runtime_Assert_E_assertFailed__C)
                  0000aca0    00000004     hello_pem4f.oem4f (.const:xdc_runtime_Core_A_initializedParams__C)
                  0000aca4    00000004     hello_pem4f.oem4f (.const:xdc_runtime_Core_Module__diagsEnabled__C)
                  0000aca8    00000004     hello_pem4f.oem4f (.const:xdc_runtime_Core_Module__diagsIncluded__C)
                  0000acac    00000004     hello_pem4f.oem4f (.const:xdc_runtime_Core_Module__diagsMask__C)
                  0000acb0    00000004     hello_pem4f.oem4f (.const:xdc_runtime_Error_E_memory__C)
                  0000acb4    00000004     hello_pem4f.oem4f (.const:xdc_runtime_Error_policyFxn__C)
                  0000acb8    00000004     hello_pem4f.oem4f (.const:xdc_runtime_Error_raiseHook__C)
                  0000acbc    00000004     hello_pem4f.oem4f (.const:xdc_runtime_IFilterLogger_Interface__BASE__C)
                  0000acc0    00000004     hello_pem4f.oem4f (.const:xdc_runtime_IGateProvider_Interface__BASE__C)
                  0000acc4    00000004     hello_pem4f.oem4f (.const:xdc_runtime_IHeap_Interface__BASE__C)
                  0000acc8    00000004     hello_pem4f.oem4f (.const:xdc_runtime_ILogger_Interface__BASE__C)
                  0000accc    00000004     hello_pem4f.oem4f (.const:xdc_runtime_IModule_Interface__BASE__C)
                  0000acd0    00000004     hello_pem4f.oem4f (.const:xdc_runtime_Memory_defaultHeapInstance__C)
                  0000acd4    00000004     hello_pem4f.oem4f (.const:xdc_runtime_Startup_execImpl__C)
                  0000acd8    00000004     hello_pem4f.oem4f (.const:xdc_runtime_Startup_lastFxns__A)
                  0000acdc    00000004     hello_pem4f.oem4f (.const:xdc_runtime_Startup_maxPasses__C)
                  0000ace0    00000004     hello_pem4f.oem4f (.const:xdc_runtime_Startup_sfxnRts__C)
                  0000ace4    00000004     hello_pem4f.oem4f (.const:xdc_runtime_Startup_sfxnTab__C)
                  0000ace8    00000004     hello_pem4f.oem4f (.const:xdc_runtime_SysMin_bufSize__C)
                  0000acec    00000004     hello_pem4f.oem4f (.const:xdc_runtime_SysMin_outputFunc__C)
                  0000acf0    00000004     hello_pem4f.oem4f (.const:xdc_runtime_System_Module__gateObj__C)
                  0000acf4    00000004     hello_pem4f.oem4f (.const:xdc_runtime_System_abortFxn__C)
                  0000acf8    00000004     hello_pem4f.oem4f (.const:xdc_runtime_System_exitFxn__C)
                  0000acfc    00000004     hello_pem4f.oem4f (.const:xdc_runtime_System_extendFxn__C)
                  0000ad00    00000004     hello_pem4f.oem4f (.const:xdc_runtime_System_maxAtexitHandlers__C)
                  0000ad04    00000004     hello_pem4f.oem4f (.const:xdc_runtime_Text_charTab__C)
                  0000ad08    00000004     hello_pem4f.oem4f (.const:xdc_runtime_Text_nodeTab__C)
                  0000ad0c    00000004     hello_pem4f.oem4f (.const:xdc_runtime_Text_visitRopeFxn__C)
                  0000ad10    00000002     hello_pem4f.oem4f (.const:ti_sysbios_family_arm_m3_Hwi_Module__id__C)
                  0000ad12    00000002     hello_pem4f.oem4f (.const:ti_sysbios_family_arm_m3_Hwi_Module__loggerDefined__C)
                  0000ad14    00000002     hello_pem4f.oem4f (.const:ti_sysbios_gates_GateMutex_Module__id__C)
                  0000ad16    00000002     hello_pem4f.oem4f (.const:ti_sysbios_hal_Hwi_Module__id__C)
                  0000ad18    00000002     hello_pem4f.oem4f (.const:ti_sysbios_heaps_HeapMem_Module__id__C)
                  0000ad1a    00000002     hello_pem4f.oem4f (.const:ti_sysbios_knl_Clock_Module__id__C)
                  0000ad1c    00000002     hello_pem4f.oem4f (.const:ti_sysbios_knl_Clock_Module__loggerDefined__C)
                  0000ad1e    00000002     hello_pem4f.oem4f (.const:ti_sysbios_knl_Semaphore_Module__id__C)
                  0000ad20    00000002     hello_pem4f.oem4f (.const:ti_sysbios_knl_Semaphore_Module__loggerDefined__C)
                  0000ad22    00000002     hello_pem4f.oem4f (.const:ti_sysbios_knl_Swi_Module__id__C)
                  0000ad24    00000002     hello_pem4f.oem4f (.const:ti_sysbios_knl_Swi_Module__loggerDefined__C)
                  0000ad26    00000002     hello_pem4f.oem4f (.const:ti_sysbios_knl_Task_Module__id__C)
                  0000ad28    00000002     hello_pem4f.oem4f (.const:ti_sysbios_knl_Task_Module__loggerDefined__C)
                  0000ad2a    00000002     hello_pem4f.oem4f (.const:ti_uia_loggers_LoggerStopMode_Module__id__C)
                  0000ad2c    00000002     hello_pem4f.oem4f (.const:ti_uia_loggers_LoggerStopMode_isTimestampEnabled__C)
                  0000ad2e    00000002     hello_pem4f.oem4f (.const:xdc_runtime_Core_Module__id__C)
                  0000ad30    00000002     hello_pem4f.oem4f (.const:xdc_runtime_Error_Module__loggerDefined__C)
                  0000ad32    00000002     hello_pem4f.oem4f (.const:xdc_runtime_Error_maxDepth__C)
                  0000ad34    00000002     hello_pem4f.oem4f (.const:xdc_runtime_Memory_Module__id__C)
                  0000ad36    00000002     hello_pem4f.oem4f (.const:xdc_runtime_SysMin_flushAtExit__C)
                  0000ad38    00000002     hello_pem4f.oem4f (.const:xdc_runtime_Text_isLoaded__C)
                  0000ad3a    00000002     hello_pem4f.oem4f (.const:xdc_runtime_Text_registryModsLastId__C)
                  0000ad3c    00000002     hello_pem4f.oem4f (.const:xdc_runtime_Text_unnamedModsLastId__C)

.cinit     0    0000ad40    00000310     
                  0000ad40    000002e9     (.cinit..data.load) [load image, compression = lzss]
                  0000b029    00000003     --HOLE-- [fill = 0]
                  0000b02c    0000000c     (__TI_handler_table)
                  0000b038    00000008     (.cinit..bss.load) [load image, compression = zero_init]
                  0000b040    00000010     (__TI_cinit_table)

.init_array 
*          0    00000000    00000000     UNINITIALIZED

.bss       0    20020380    00001d68     UNINITIALIZED
                  20020380    00000400     ti_drivers_config.obj (.bss:displayUARTBuffer)
                  20020780    00000400     (.common:ti_uia_loggers_LoggerStopMode_Instance_State_0_packetArray__A)
                  20020b80    00000400     (.common:ti_uia_loggers_LoggerStopMode_Instance_State_1_packetArray__A)
                  20020f80    00000360     (.common:ti_sysbios_family_arm_m3_Hwi_dispatchTable)
                  200212e0    00000200     hello_pem4f.oem4f (.bss:taskStackSection)
                  200214e0    00000200     (.common:task0Stack)
                  200216e0    00000200     (.common:task1Stack)
                  200218e0    00000200     (.common:task2Stack)
                  20021ae0    00000200     (.common:xdc_runtime_SysMin_Module_State_0_outbuf__A)
                  20021ce0    00000120     rtsv7M4_T_le_v4SPD16_eabi.lib : trgmsg.c.obj (.bss:_CIOBUF_)
                  20021e00    00000090     drivers_msp432e4.aem4f : GPIOMSP432E4.oem4f (.bss:gpioCallbackInfo)
                  20021e90    00000064     (.common:uartMSP432E4Objects)
                  20021ef4    00000050     (.common:task0Struct)
                  20021f44    00000050     (.common:task1Struct)
                  20021f94    00000050     (.common:task2Struct)
                  20021fe4    0000001c     (.common:sem0Struct)
                  20022000    00000030     (.common:ti_uia_loggers_LoggerStopMode_Instance_State_0_hdr__A)
                  20022030    00000024     (.common:clk0Struct)
                  20022054    00000020     ti_drivers_config.obj (.bss:uartMSP432E4RingBuffer0)
                  20022074    0000000c     (.common:displayUartObject)
                  20022080    00000030     (.common:ti_uia_loggers_LoggerStopMode_Instance_State_1_hdr__A)
                  200220b0    0000001c     (.common:sem1Struct)
                  200220cc    00000008     (.common:parmbuf)
                  200220d4    00000004     drivers_msp432e4.aem4f : GPIOMSP432E4.oem4f (.bss)
                  200220d8    00000004     (.common:displayHandle)
                  200220dc    00000004     (.common:sem0Handle)
                  200220e0    00000004     (.common:sem1Handle)
                  200220e4    00000004     (.common:sleepTickCount)

.data      0    200220e8    000006a8     UNINITIALIZED
                  200220e8    0000016c     drivers_msp432e4.aem4f : PowerMSP432E4.oem4f (.data:PowerMSP432E4_module)
                  20022254    00000080     hello_pem4f.oem4f (.data:ti_sysbios_family_arm_lm4_Timer_Object__table__V)
                  200222d4    00000080     hello_pem4f.oem4f (.data:ti_sysbios_knl_Swi_Module_State_0_readyQ__A)
                  20022354    00000080     hello_pem4f.oem4f (.data:ti_sysbios_knl_Task_Module_State_0_readyQ__A)
                  200223d4    00000068     hello_pem4f.oem4f (.data:ti_uia_loggers_LoggerStopMode_Object__table__V)
                  2002243c    0000004c     hello_pem4f.oem4f (.data:ti_sysbios_knl_Task_Object__table__V)
                  20022488    00000044     hello_pem4f.oem4f (.data:ti_sysbios_knl_Task_Module__state__V)
                  200224cc    00000040     hello_pem4f.oem4f (.data:ti_sysbios_family_arm_lm4_Timer_Module_State_0_device__A)
                  2002250c    00000038     hello_pem4f.oem4f (.data:ti_sysbios_gates_GateMutex_Object__table__V)
                  20022544    00000034     hello_pem4f.oem4f (.data:ti_sysbios_family_arm_m3_Hwi_Module__state__V)
                  20022578    00000030     hello_pem4f.oem4f (.data:ti_sysbios_family_arm_m3_Hwi_Object__table__V)
                  200225a8    00000030     hello_pem4f.oem4f (.data:ti_sysbios_knl_Swi_Object__table__V)
[...]
0000aab8  xdc_runtime_Startup_firstFxns__C                                
0000aac0  xdc_runtime_Startup_lastFxns__C                                 
0000aad9  xdc_runtime_Error_policy__C                                     
0000aada  ti_sysbios_family_arm_lm4_TimestampProvider_useClockTimer__C    
0000aadc  ti_sysbios_family_arm_lm4_Timer_enableFunc__C                   
0000aae0  ti_sysbios_family_arm_lm4_Timer_numTimerDevices__C              
0000aae4  ti_sysbios_family_arm_lm4_Timer_startupNeeded__C                
0000aae8  ti_sysbios_family_arm_m3_Hwi_E_NMI__C                           
0000aaec  ti_sysbios_family_arm_m3_Hwi_E_alreadyDefined__C                
0000aaf0  ti_sysbios_family_arm_m3_Hwi_E_badIntNum__C                     
0000aaf4  ti_sysbios_family_arm_m3_Hwi_E_busFault__C                      
0000aaf8  ti_sysbios_family_arm_m3_Hwi_E_debugMon__C                      
0000aafc  ti_sysbios_family_arm_m3_Hwi_E_hardFault__C                     
0000ab00  ti_sysbios_family_arm_m3_Hwi_E_memFault__C                      
0000ab04  ti_sysbios_family_arm_m3_Hwi_E_noIsr__C                         
0000ab08  ti_sysbios_family_arm_m3_Hwi_E_reserved__C                      
0000ab0c  ti_sysbios_family_arm_m3_Hwi_E_svCall__C                        
0000ab10  ti_sysbios_family_arm_m3_Hwi_E_usageFault__C                    
0000ab14  ti_sysbios_family_arm_m3_Hwi_LD_end__C                          
0000ab18  ti_sysbios_family_arm_m3_Hwi_LM_begin__C                        
0000ab1c  ti_sysbios_family_arm_m3_Hwi_Module__diagsEnabled__C            
0000ab20  ti_sysbios_family_arm_m3_Hwi_Module__diagsIncluded__C           
0000ab24  ti_sysbios_family_arm_m3_Hwi_Module__diagsMask__C               
0000ab28  ti_sysbios_family_arm_m3_Hwi_Module__loggerFxn1__C              
0000ab2c  ti_sysbios_family_arm_m3_Hwi_Module__loggerFxn8__C              
0000ab30  ti_sysbios_family_arm_m3_Hwi_Module__loggerObj__C               
0000ab34  ti_sysbios_family_arm_m3_Hwi_NUM_INTERRUPTS__C                  
0000ab38  ti_sysbios_family_arm_m3_Hwi_Object__count__C                   
0000ab3c  ti_sysbios_family_arm_m3_Hwi_ccr__C                             
0000ab40  ti_sysbios_family_arm_m3_Hwi_excHandlerFunc__C                  
0000ab44  ti_sysbios_family_arm_m3_Hwi_excHookFuncs__C                    
0000ab48  ti_sysbios_family_arm_m3_Hwi_nullIsrFunc__C                     
0000ab4c  ti_sysbios_family_arm_m3_Hwi_priGroup__C                        
0000ab50  ti_sysbios_family_arm_m3_TaskSupport_stackAlignment__C          
0000ab54  ti_sysbios_gates_GateMutex_A_badContext__C                      
0000ab58  ti_sysbios_gates_GateMutex_Instance_State_sem__O                
0000ab5c  ti_sysbios_gates_GateMutex_Module__diagsEnabled__C              
0000ab60  ti_sysbios_gates_GateMutex_Module__diagsIncluded__C             
0000ab64  ti_sysbios_gates_GateMutex_Module__diagsMask__C                 
0000ab68  ti_sysbios_hal_Hwi_E_stackOverflow__C                           
0000ab6c  ti_sysbios_heaps_HeapMem_A_align__C                             
0000ab70  ti_sysbios_heaps_HeapMem_A_heapSize__C                          
0000ab74  ti_sysbios_heaps_HeapMem_A_invalidFree__C                       
0000ab78  ti_sysbios_heaps_HeapMem_A_zeroBlock__C                         
0000ab7c  ti_sysbios_heaps_HeapMem_E_memory__C                            
0000ab80  ti_sysbios_heaps_HeapMem_Module__diagsEnabled__C                
0000ab84  ti_sysbios_heaps_HeapMem_Module__diagsIncluded__C               
0000ab88  ti_sysbios_heaps_HeapMem_Module__diagsMask__C                   
0000ab8c  ti_sysbios_heaps_HeapMem_Module__gateObj__C                     
0000ab90  ti_sysbios_heaps_HeapMem_Object__count__C                       
0000ab94  ti_sysbios_heaps_HeapMem_primaryHeapBaseAddr__C                 
0000ab98  ti_sysbios_heaps_HeapMem_primaryHeapEndAddr__C                  
0000ab9c  ti_sysbios_heaps_HeapMem_reqAlign__C                            
0000aba0  ti_sysbios_knl_Clock_A_badThreadType__C                         
0000aba4  ti_sysbios_knl_Clock_LM_begin__C                                
0000aba8  ti_sysbios_knl_Clock_LM_tick__C                                 
0000abac  ti_sysbios_knl_Clock_LW_delayed__C                              
0000abb0  ti_sysbios_knl_Clock_Module_State_clockQ__O                     
0000abb4  ti_sysbios_knl_Clock_Module__diagsEnabled__C                    
0000abb8  ti_sysbios_knl_Clock_Module__diagsIncluded__C                   
0000abbc  ti_sysbios_knl_Clock_Module__diagsMask__C                       
0000abc0  ti_sysbios_knl_Clock_Module__loggerFxn1__C                      
0000abc4  ti_sysbios_knl_Clock_Module__loggerFxn2__C                      
0000abc8  ti_sysbios_knl_Clock_Module__loggerObj__C                       
0000abcc  ti_sysbios_knl_Clock_tickPeriod__C                              
0000abd0  ti_sysbios_knl_Semaphore_A_badContext__C                        
0000abd4  ti_sysbios_knl_Semaphore_A_noEvents__C                          
0000abd8  ti_sysbios_knl_Semaphore_A_overflow__C                          
0000abdc  ti_sysbios_knl_Semaphore_A_pendTaskDisabled__C                  
0000abe0  ti_sysbios_knl_Semaphore_Instance_State_pendQ__O                
0000abe4  ti_sysbios_knl_Semaphore_LM_pend__C                             
0000abe8  ti_sysbios_knl_Semaphore_LM_post__C                             
0000abec  ti_sysbios_knl_Semaphore_Module__diagsEnabled__C                
0000abf0  ti_sysbios_knl_Semaphore_Module__diagsIncluded__C               
0000abf4  ti_sysbios_knl_Semaphore_Module__diagsMask__C                   
0000abf8  ti_sysbios_knl_Semaphore_Module__loggerFxn2__C                  
0000abfc  ti_sysbios_knl_Semaphore_Module__loggerFxn4__C                  
0000ac00  ti_sysbios_knl_Semaphore_Module__loggerObj__C                   
0000ac04  ti_sysbios_knl_Swi_LD_end__C                                    
0000ac08  ti_sysbios_knl_Swi_LM_begin__C                                  
0000ac0c  ti_sysbios_knl_Swi_LM_post__C                                   
0000ac10  ti_sysbios_knl_Swi_Module__diagsEnabled__C                      
0000ac14  ti_sysbios_knl_Swi_Module__diagsIncluded__C                     
0000ac18  ti_sysbios_knl_Swi_Module__diagsMask__C                         
0000ac1c  ti_sysbios_knl_Swi_Module__loggerFxn1__C                        
0000ac20  ti_sysbios_knl_Swi_Module__loggerFxn4__C                        
0000ac24  ti_sysbios_knl_Swi_Module__loggerObj__C                         
0000ac28  ti_sysbios_knl_Swi_Object__count__C                             
0000ac2c  ti_sysbios_knl_Task_A_badPriority__C                            
0000ac30  ti_sysbios_knl_Task_A_badTaskState__C                           
0000ac34  ti_sysbios_knl_Task_A_badThreadType__C                          
0000ac38  ti_sysbios_knl_Task_A_noPendElem__C                             
0000ac3c  ti_sysbios_knl_Task_E_spOutOfBounds__C                          
0000ac40  ti_sysbios_knl_Task_E_stackOverflow__C                          
0000ac44  ti_sysbios_knl_Task_LD_block__C                                 
0000ac48  ti_sysbios_knl_Task_LD_exit__C                                  
0000ac4c  ti_sysbios_knl_Task_LD_ready__C                                 
0000ac50  ti_sysbios_knl_Task_LM_switch__C                                
0000ac54  ti_sysbios_knl_Task_Module_State_inactiveQ__O                   
0000ac58  ti_sysbios_knl_Task_Module__diagsEnabled__C                     
0000ac5c  ti_sysbios_knl_Task_Module__diagsIncluded__C                    
0000ac60  ti_sysbios_knl_Task_Module__diagsMask__C                        
0000ac64  ti_sysbios_knl_Task_Module__loggerFxn2__C                       
0000ac68  ti_sysbios_knl_Task_Module__loggerFxn4__C                       
0000ac6c  ti_sysbios_knl_Task_Module__loggerObj__C                        
0000ac70  ti_sysbios_knl_Task_Object__count__C                            
0000ac74  ti_sysbios_knl_Task_allBlockedFunc__C                           
0000ac78  ti_sysbios_knl_Task_defaultStackHeap__C                         
0000ac7c  ti_sysbios_knl_Task_defaultStackSize__C                         
0000ac80  ti_sysbios_knl_Task_numConstructedTasks__C                      
0000ac84  ti_uia_loggers_LoggerStopMode_Module__diagsEnabled__C           
0000ac88  ti_uia_loggers_LoggerStopMode_Module__diagsIncluded__C          
0000ac8c  ti_uia_loggers_LoggerStopMode_Module__diagsMask__C              
0000ac90  ti_uia_loggers_LoggerStopMode_Object__count__C                  
0000ac94  ti_uia_runtime_ILoggerSnapshot_Interface__BASE__C               
0000ac98  ti_uia_runtime_IUIATransfer_Interface__BASE__C                  
0000ac9c  xdc_runtime_Assert_E_assertFailed__C                            
0000aca0  xdc_runtime_Core_A_initializedParams__C                         
0000aca4  xdc_runtime_Core_Module__diagsEnabled__C                        
0000aca8  xdc_runtime_Core_Module__diagsIncluded__C                       
0000acac  xdc_runtime_Core_Module__diagsMask__C                           
0000acb0  xdc_runtime_Error_E_memory__C                                   
0000acb4  xdc_runtime_Error_policyFxn__C                                  
0000acb8  xdc_runtime_Error_raiseHook__C                                  
0000acbc  xdc_runtime_IFilterLogger_Interface__BASE__C                    
0000acc0  xdc_runtime_IGateProvider_Interface__BASE__C                    
0000acc4  xdc_runtime_IHeap_Interface__BASE__C                            
0000acc8  xdc_runtime_ILogger_Interface__BASE__C                          
0000accc  xdc_runtime_IModule_Interface__BASE__C                          
0000acd0  xdc_runtime_Memory_defaultHeapInstance__C                       
0000acd4  xdc_runtime_Startup_execImpl__C                                 
0000acd8  xdc_runtime_Startup_lastFxns__A                                 
0000acdc  xdc_runtime_Startup_maxPasses__C                                
0000ace0  xdc_runtime_Startup_sfxnRts__C                                  
0000ace4  xdc_runtime_Startup_sfxnTab__C                                  
0000ace8  xdc_runtime_SysMin_bufSize__C                                   
0000acec  xdc_runtime_SysMin_outputFunc__C                                
0000acf0  xdc_runtime_System_Module__gateObj__C                           
0000acf4  xdc_runtime_System_abortFxn__C                                  
0000acf8  xdc_runtime_System_exitFxn__C                                   
0000acfc  xdc_runtime_System_extendFxn__C                                 
0000ad00  xdc_runtime_System_maxAtexitHandlers__C                         
0000ad04  xdc_runtime_Text_charTab__C                                     
0000ad08  xdc_runtime_Text_nodeTab__C                                     
0000ad0c  xdc_runtime_Text_visitRopeFxn__C                                
0000ad10  ti_sysbios_family_arm_m3_Hwi_Module__id__C                      
0000ad12  ti_sysbios_family_arm_m3_Hwi_Module__loggerDefined__C           
0000ad14  ti_sysbios_gates_GateMutex_Module__id__C                        
0000ad16  ti_sysbios_hal_Hwi_Module__id__C                                
0000ad18  ti_sysbios_heaps_HeapMem_Module__id__C                          
0000ad1a  ti_sysbios_knl_Clock_Module__id__C                              
0000ad1c  ti_sysbios_knl_Clock_Module__loggerDefined__C                   
0000ad1e  ti_sysbios_knl_Semaphore_Module__id__C                          
0000ad20  ti_sysbios_knl_Semaphore_Module__loggerDefined__C               
0000ad22  ti_sysbios_knl_Swi_Module__id__C                                
0000ad24  ti_sysbios_knl_Swi_Module__loggerDefined__C                     
0000ad26  ti_sysbios_knl_Task_Module__id__C                               
0000ad28  ti_sysbios_knl_Task_Module__loggerDefined__C                    
0000ad2a  ti_uia_loggers_LoggerStopMode_Module__id__C                     
0000ad2c  ti_uia_loggers_LoggerStopMode_isTimestampEnabled__C             
0000ad2e  xdc_runtime_Core_Module__id__C                                  
0000ad30  xdc_runtime_Error_Module__loggerDefined__C                      
0000ad32  xdc_runtime_Error_maxDepth__C                                   
0000ad34  xdc_runtime_Memory_Module__id__C                                
0000ad36  xdc_runtime_SysMin_flushAtExit__C                               
0000ad38  xdc_runtime_Text_isLoaded__C                                    
0000ad3a  xdc_runtime_Text_registryModsLastId__C                          
0000ad3c  xdc_runtime_Text_unnamedModsLastId__C                           
0000ad40  __TI_static_base__                                              
0000b02c  __TI_Handler_Table_Base                                         
0000b038  __TI_Handler_Table_Limit                                        
0000b040  __TI_CINIT_Base                                                 
0000b050  __TI_CINIT_Limit                                                
00020000  HEAPSIZE                                                        
20000000  __start___llvm_prf_cnts                                         
20000000  __stop___llvm_prf_cnts                                          
20000000  ti_sysbios_family_arm_m3_Hwi_ramVectors                         
20000360  __primary_heap_start__                                          
20020360  __primary_heap_end__                                            
20020780  ti_uia_loggers_LoggerStopMode_Instance_State_0_packetArray__A   
20020b80  ti_uia_loggers_LoggerStopMode_Instance_State_1_packetArray__A   
20020f80  ti_sysbios_family_arm_m3_Hwi_dispatchTable                      
200212e0  ti_sysbios_knl_Task_Instance_State_0_stack__A                   
200214e0  task0Stack                                                      
200216e0  task1Stack                                                      
200218e0  task2Stack                                                      
20021ae0  xdc_runtime_SysMin_Module_State_0_outbuf__A                     
20021ce0  __CIOBUF_                                                       
20021e90  uartMSP432E4Objects                                             
20021ef4  task0Struct                                                     
20021f44  task1Struct                                                     
20021f94  task2Struct                                                     
20021fe4  sem0Struct                                                      
20022000  ti_uia_loggers_LoggerStopMode_Instance_State_0_hdr__A           
20022030  clk0Struct                                                      
20022074  displayUartObject                                               
20022080  ti_uia_loggers_LoggerStopMode_Instance_State_1_hdr__A           
200220b0  sem1Struct                                                      
200220cc  parmbuf                                                         
200220d8  displayHandle                                                   
200220dc  sem0Handle                                                      
200220e0  sem1Handle                                                      
200220e4  sleepTickCount                                                  
200220e8  PowerMSP432E4_module                                            
20022254  ti_sysbios_family_arm_lm4_Timer_Object__table__V                
200222d4  ti_sysbios_knl_Swi_Module_State_0_readyQ__A                     
20022354  ti_sysbios_knl_Task_Module_State_0_readyQ__A                    
200223d4  ti_uia_loggers_LoggerStopMode_Object__table__V                  
2002243c  ti_sysbios_knl_Task_Object__table__V                            
20022488  ti_sysbios_knl_Task_Module__state__V                            
200224cc  ti_sysbios_family_arm_lm4_Timer_Module_State_0_device__A        
2002250c  ti_sysbios_gates_GateMutex_Object__table__V                     
20022544  ti_sysbios_family_arm_m3_Hwi_Module__state__V                   
20022578  ti_sysbios_family_arm_m3_Hwi_Object__table__V                   
200225a8  ti_sysbios_knl_Swi_Object__table__V                             
200225d8  ti_sysbios_knl_Clock_Module__state__V                           
20022604  ti_sysbios_BIOS_Module__state__V                                
20022628  ti_sysbios_family_arm_lm4_Timer_Module_State_0_handles__A       
20022648  xdc_runtime_Error_IgnoreBlock                                   
20022668  ti_sysbios_knl_Swi_Module__state__V                             
20022684  ti_sysbios_heaps_HeapMem_Object__table__V                       
2002269c  gpioCallbackFunctions                                           
200226ac  gpioPinConfigs                                                  
200226bc  ti_sysbios_family_arm_lm4_Timer_Module__state__V                
200226c8  ti_sysbios_knl_Task_Module__root__V                             
200226d4  ti_uia_runtime_QueueDescriptor_Module__state__V                 
200226e0  xdc_runtime_SysMin_Module__state__V                             
200226ec  resource                                                        
200226f0  finishCount                                                     
200226f4  clk_instance_cnt                                                
200226f6  ti_sysbios_family_arm_m3_Hwi_Module_State_0_excActive__A        
200226f8  _lock                                                           
200226fc  _unlock                                                         
20022700  ti_uia_runtime_QueueDescriptor_gPtrToFirstDescriptor            
20022704  ti_uia_runtime_QueueDescriptor_gUpdateCount                     
20022708  ti_sysbios_family_arm_lm4_TimestampProvider_Module__state__V    
20022710  ti_sysbios_family_arm_m3_Hwi_Module__root__V                    
20022718  ti_sysbios_gates_GateHwi_Module__root__V                        
20022720  ti_sysbios_gates_GateMutex_Module__root__V                      
20022728  ti_sysbios_heaps_HeapMem_Module__root__V                        
20022730  ti_sysbios_knl_Clock_Module__root__V                            
20022738  ti_sysbios_knl_Queue_Module__root__V                            
20022740  ti_sysbios_knl_Semaphore_Module__root__V                        
20022748  ti_uia_loggers_LoggerStopMode_Module__root__V                   
20022750  xdc_runtime_Registry_Module__state__V                           
20022758  xdc_runtime_Startup_Module__state__V                            
20022760  xdc_runtime_System_Module_State_0_atexitHandlers__A             
20022768  xdc_runtime_System_Module__state__V                             
20022776  xdc_runtime_Error_Module__state__V                              
20022778  main_func_sp                                                    
2002277c  ti_sysbios_family_arm_m3_Hwi_Module_State_0_excContext__A       
20022780  ti_sysbios_family_arm_m3_Hwi_Module_State_0_excStack__A         
20022784  ti_sysbios_gates_GateHwi_Object__table__V                       
20022788  ti_sysbios_knl_Task_Module_State_0_idleTask__A                  
2002278c  xdc_runtime_Memory_Module__state__V                             
2003fc00  __stack                                                         
20040000  __STACK_END                                                     
e000e000  ti_sysbios_family_arm_m3_Hwi_nvic                               
ffffffff  __TI_pprof_out_hndl                                             
ffffffff  __TI_prof_data_size                                             
ffffffff  __TI_prof_data_start                                            
ffffffff  __binit__                                                       
ffffffff  __c_args__                                                      
ffffffff  binit                                                           
UNDEFED   SHT$$INIT_ARRAY$$Base                                           
UNDEFED   SHT$$INIT_ARRAY$$Limit                                          

[784 symbols]
